Component: ARM Compiler 5.06 update 7 (build 960) Tool: armlink [4d3601]

==============================================================================

Section Cross References

    main.o(.text) refers to truck.o(.text) for motor_set
    main.o(.text) refers to daddsub_clz.o(x$fpl$drsb) for __aeabi_drsub
    main.o(.text) refers to drleqf.o(x$fpl$drleqf) for __aeabi_cdrcmple
    main.o(.text) refers to daddsub_clz.o(x$fpl$dsub) for __aeabi_dsub
    main.o(.text) refers to dleqf.o(x$fpl$dleqf) for __aeabi_cdcmple
    main.o(.text) refers to daddsub_clz.o(x$fpl$dadd) for __aeabi_dadd
    main.o(.text) refers to stm32f4xx_gpio.o(.text) for GPIO_ReadInputDataBit
    main.o(.text) refers to stm32f4xx_tim.o(.text) for TIM_SetCompare1
    main.o(.text) refers to basic.o(x$fpl$basic) for __aeabi_dneg
    main.o(.text) refers to main.o(.data) for car_angle
    main.o(.text) refers to motor.o(.data) for tim
    main.o(.text) refers to misc.o(.text) for NVIC_PriorityGroupConfig
    main.o(.text) refers to delay.o(.text) for delay_init
    main.o(.text) refers to exit.o(.text) for EXTIX_Init
    main.o(.text) refers to motor.o(.text) for Motor_GPIO_init
    main.o(.text) refers to tcs3200.o(.text) for tcs3200_init
    main.o(.text) refers to servo.o(.text) for SERVO_TIM12_Init
    main.o(.text) refers to main.o(.bss) for color
    system_stm32f4xx.o(.text) refers to system_stm32f4xx.o(.data) for SystemCoreClock
    startup_stm32f40_41xxx.o(STACK) refers (Special) to heapauxi.o(.text) for __use_two_region_memory
    startup_stm32f40_41xxx.o(HEAP) refers (Special) to heapauxi.o(.text) for __use_two_region_memory
    startup_stm32f40_41xxx.o(RESET) refers (Special) to heapauxi.o(.text) for __use_two_region_memory
    startup_stm32f40_41xxx.o(RESET) refers to startup_stm32f40_41xxx.o(STACK) for __initial_sp
    startup_stm32f40_41xxx.o(RESET) refers to startup_stm32f40_41xxx.o(.text) for Reset_Handler
    startup_stm32f40_41xxx.o(RESET) refers to stm32f4xx_it.o(.text) for NMI_Handler
    startup_stm32f40_41xxx.o(RESET) refers to exit.o(.text) for EXTI3_IRQHandler
    startup_stm32f40_41xxx.o(RESET) refers to truck.o(.text) for USART3_IRQHandler
    startup_stm32f40_41xxx.o(RESET) refers to motor.o(.text) for TIM7_IRQHandler
    startup_stm32f40_41xxx.o(.text) refers (Special) to heapauxi.o(.text) for __use_two_region_memory
    startup_stm32f40_41xxx.o(.text) refers to system_stm32f4xx.o(.text) for SystemInit
    startup_stm32f40_41xxx.o(.text) refers to __main.o(!!!main) for __main
    startup_stm32f40_41xxx.o(.text) refers to startup_stm32f40_41xxx.o(HEAP) for Heap_Mem
    startup_stm32f40_41xxx.o(.text) refers to startup_stm32f40_41xxx.o(STACK) for Stack_Mem
    stm32f4xx_adc.o(.text) refers to stm32f4xx_rcc.o(.text) for RCC_APB2PeriphResetCmd
    stm32f4xx_can.o(.text) refers to stm32f4xx_rcc.o(.text) for RCC_APB1PeriphResetCmd
    stm32f4xx_cryp.o(.text) refers to stm32f4xx_rcc.o(.text) for RCC_AHB2PeriphResetCmd
    stm32f4xx_cryp_aes.o(.text) refers to stm32f4xx_cryp.o(.text) for CRYP_KeyStructInit
    stm32f4xx_cryp_des.o(.text) refers to stm32f4xx_cryp.o(.text) for CRYP_KeyStructInit
    stm32f4xx_cryp_tdes.o(.text) refers to stm32f4xx_cryp.o(.text) for CRYP_KeyStructInit
    stm32f4xx_dac.o(.text) refers to stm32f4xx_rcc.o(.text) for RCC_APB1PeriphResetCmd
    stm32f4xx_dma2d.o(.text) refers to stm32f4xx_rcc.o(.text) for RCC_AHB1PeriphResetCmd
    stm32f4xx_fsmc.o(.text) refers to stm32f4xx_fsmc.o(.constdata) for FSMC_DefaultTimingStruct
    stm32f4xx_gpio.o(.text) refers to stm32f4xx_rcc.o(.text) for RCC_AHB1PeriphResetCmd
    stm32f4xx_hash.o(.text) refers to stm32f4xx_rcc.o(.text) for RCC_AHB2PeriphResetCmd
    stm32f4xx_hash_md5.o(.text) refers to stm32f4xx_hash.o(.text) for HASH_DeInit
    stm32f4xx_hash_sha1.o(.text) refers to stm32f4xx_hash.o(.text) for HASH_DeInit
    stm32f4xx_i2c.o(.text) refers to stm32f4xx_rcc.o(.text) for RCC_APB1PeriphResetCmd
    stm32f4xx_ltdc.o(.text) refers to stm32f4xx_rcc.o(.text) for RCC_APB2PeriphResetCmd
    stm32f4xx_pwr.o(.text) refers to stm32f4xx_rcc.o(.text) for RCC_APB1PeriphResetCmd
    stm32f4xx_rcc.o(.text) refers to stm32f4xx_rcc.o(.data) for APBAHBPrescTable
    stm32f4xx_rng.o(.text) refers to stm32f4xx_rcc.o(.text) for RCC_AHB2PeriphResetCmd
    stm32f4xx_sai.o(.text) refers to stm32f4xx_rcc.o(.text) for RCC_APB2PeriphResetCmd
    stm32f4xx_sdio.o(.text) refers to stm32f4xx_rcc.o(.text) for RCC_APB2PeriphResetCmd
    stm32f4xx_spi.o(.text) refers to stm32f4xx_rcc.o(.text) for RCC_APB2PeriphResetCmd
    stm32f4xx_syscfg.o(.text) refers to stm32f4xx_rcc.o(.text) for RCC_APB2PeriphResetCmd
    stm32f4xx_tim.o(.text) refers to stm32f4xx_rcc.o(.text) for RCC_APB2PeriphResetCmd
    stm32f4xx_usart.o(.text) refers to stm32f4xx_rcc.o(.text) for RCC_APB2PeriphResetCmd
    stm32f4xx_wwdg.o(.text) refers to stm32f4xx_rcc.o(.text) for RCC_APB1PeriphResetCmd
    delay.o(.text) refers to misc.o(.text) for SysTick_CLKSourceConfig
[...]
    Removing sys.o(.rev16_text), (4 bytes).
    Removing sys.o(.revsh_text), (4 bytes).
    Removing sys.o(.emb_text), (16 bytes).
    Removing motor.o(.rev16_text), (4 bytes).
    Removing motor.o(.revsh_text), (4 bytes).
    Removing truck.o(.rev16_text), (4 bytes).
    Removing truck.o(.revsh_text), (4 bytes).
    Removing pid.o(.text), (228 bytes).
    Removing servo.o(.rev16_text), (4 bytes).
    Removing servo.o(.revsh_text), (4 bytes).
    Removing tcs3200.o(.rev16_text), (4 bytes).
    Removing tcs3200.o(.revsh_text), (4 bytes).
    Removing exit.o(.rev16_text), (4 bytes).
    Removing exit.o(.revsh_text), (4 bytes).

121 unused section(s) (total 27690 bytes) removed from the image.

==============================================================================

Image Symbol Table

    Local Symbols

    Symbol Name                              Value     Ov Type        Size  Object(Section)

    ../clib/angel/boardlib.s                 0x00000000   Number         0  boardinit2.o ABSOLUTE
    ../clib/angel/boardlib.s                 0x00000000   Number         0  boardinit3.o ABSOLUTE
    ../clib/angel/boardlib.s                 0x00000000   Number         0  boardshut.o ABSOLUTE
    ../clib/angel/boardlib.s                 0x00000000   Number         0  boardinit1.o ABSOLUTE
    ../clib/angel/handlers.s                 0x00000000   Number         0  __scatter_zi.o ABSOLUTE
    ../clib/angel/handlers.s                 0x00000000   Number         0  __scatter_copy.o ABSOLUTE
    ../clib/angel/kernel.s                   0x00000000   Number         0  rtexit2.o ABSOLUTE
    ../clib/angel/kernel.s                   0x00000000   Number         0  rtexit.o ABSOLUTE
    ../clib/angel/kernel.s                   0x00000000   Number         0  __rtentry2.o ABSOLUTE
    ../clib/angel/kernel.s                   0x00000000   Number         0  __rtentry.o ABSOLUTE
    ../clib/angel/kernel.s                   0x00000000   Number         0  __rtentry4.o ABSOLUTE
    ../clib/angel/rt.s                       0x00000000   Number         0  rt_raise.o ABSOLUTE
    ../clib/angel/scatter.s                  0x00000000   Number         0  __scatter.o ABSOLUTE
    ../clib/angel/startup.s                  0x00000000   Number         0  __main.o ABSOLUTE
    ../clib/angel/sys.s                      0x00000000   Number         0  libspace.o ABSOLUTE
    ../clib/angel/sys.s                      0x00000000   Number         0  sys_stackheap_outer.o ABSOLUTE
    ../clib/angel/sys.s                      0x00000000   Number         0  indicate_semi.o ABSOLUTE
    ../clib/angel/sys.s                      0x00000000   Number         0  use_no_semi.o ABSOLUTE
    ../clib/angel/sysapp.c                   0x00000000   Number         0  sys_command.o ABSOLUTE
    ../clib/angel/sysapp.c                   0x00000000   Number         0  sys_wrch.o ABSOLUTE
    ../clib/angel/sysapp.c                   0x00000000   Number         0  sys_exit.o ABSOLUTE
    ../clib/armsys.c                         0x00000000   Number         0  argv_veneer.o ABSOLUTE
    ../clib/armsys.c                         0x00000000   Number         0  argv_veneer.o ABSOLUTE
    ../clib/armsys.c                         0x00000000   Number         0  no_argv.o ABSOLUTE
    ../clib/armsys.c                         0x00000000   Number         0  _get_argv_nomalloc.o ABSOLUTE
    ../clib/heapalloc.c                      0x00000000   Number         0  hrguard.o ABSOLUTE
    ../clib/heapaux.c                        0x00000000   Number         0  heapauxi.o ABSOLUTE
    ../clib/libinit.s                        0x00000000   Number         0  libshutdown2.o ABSOLUTE
    ../clib/libinit.s                        0x00000000   Number         0  libshutdown.o ABSOLUTE
    ../clib/libinit.s                        0x00000000   Number         0  libinit.o ABSOLUTE
    ../clib/libinit.s                        0x00000000   Number         0  libinit2.o ABSOLUTE
    ../clib/signal.c                         0x00000000   Number         0  defsig_fpe_inner.o ABSOLUTE
    ../clib/signal.c                         0x00000000   Number         0  defsig_abrt_inner.o ABSOLUTE
    ../clib/signal.c                         0x00000000   Number         0  defsig_rtred_inner.o ABSOLUTE
    ../clib/signal.c                         0x00000000   Number         0  defsig_general.o ABSOLUTE
    ../clib/signal.c                         0x00000000   Number         0  __raise.o ABSOLUTE
    ../clib/signal.c                         0x00000000   Number         0  defsig_exit.o ABSOLUTE
    ../clib/signal.c                         0x00000000   Number         0  defsig_rtmem_inner.o ABSOLUTE
    ../clib/signal.c                         0x00000000   Number         0  defsig_rtmem_outer.o ABSOLUTE
    ../clib/signal.c                         0x00000000   Number         0  defsig_rtmem_formal.o ABSOLUTE
    ../clib/signal.c                         0x00000000   Number         0  defsig_other.o ABSOLUTE
    ../clib/signal.c                         0x00000000   Number         0  defsig_segv_inner.o ABSOLUTE
    ../clib/signal.c                         0x00000000   Number         0  defsig_cppl_inner.o ABSOLUTE
    ../clib/signal.c                         0x00000000   Number         0  defsig_pvfn_inner.o ABSOLUTE
    ../clib/signal.c                         0x00000000   Number         0  defsig_stak_inner.o ABSOLUTE
    ../clib/signal.s                         0x00000000   Number         0  defsig.o ABSOLUTE
    ../clib/stdlib.c                         0x00000000   Number         0  exit.o ABSOLUTE
    ../fplib/basic.s                         0x00000000   Number         0  basic.o ABSOLUTE
    ../fplib/daddsub.s                       0x00000000   Number         0  daddsub_clz.o ABSOLUTE
    ../fplib/dcmpi.s                         0x00000000   Number         0  dcmpi.o ABSOLUTE
    ../fplib/dleqf.s                         0x00000000   Number         0  dleqf.o ABSOLUTE
    ../fplib/dnaninf.s                       0x00000000   Number         0  dnaninf.o ABSOLUTE
    ../fplib/dretinf.s                       0x00000000   Number         0  dretinf.o ABSOLUTE
    ../fplib/drleqf.s                        0x00000000   Number         0  drleqf.o ABSOLUTE
    ../fplib/fpinit.s                        0x00000000   Number         0  fpinit.o ABSOLUTE
    ../fplib/usenofp.s                       0x00000000   Number         0  usenofp.o ABSOLUTE
    ..\CORE\startup_stm32f40_41xxx.s         0x00000000   Number         0  startup_stm32f40_41xxx.o ABSOLUTE
    ..\FWLIB\src\misc.c                      0x00000000   Number         0  misc.o ABSOLUTE
    ..\FWLIB\src\stm32f4xx_adc.c             0x00000000   Number         0  stm32f4xx_adc.o ABSOLUTE
    ..\FWLIB\src\stm32f4xx_can.c             0x00000000   Number         0  stm32f4xx_can.o ABSOLUTE
    ..\FWLIB\src\stm32f4xx_crc.c             0x00000000   Number         0  stm32f4xx_crc.o ABSOLUTE
    ..\FWLIB\src\stm32f4xx_cryp.c            0x00000000   Number         0  stm32f4xx_cryp.o ABSOLUTE
    ..\FWLIB\src\stm32f4xx_cryp_aes.c        0x00000000   Number         0  stm32f4xx_cryp_aes.o ABSOLUTE
    ..\FWLIB\src\stm32f4xx_cryp_des.c        0x00000000   Number         0  stm32f4xx_cryp_des.o ABSOLUTE
    ..\FWLIB\src\stm32f4xx_cryp_tdes.c       0x00000000   Number         0  stm32f4xx_cryp_tdes.o ABSOLUTE
    ..\FWLIB\src\stm32f4xx_dac.c             0x00000000   Number         0  stm32f4xx_dac.o ABSOLUTE
    ..\FWLIB\src\stm32f4xx_dbgmcu.c          0x00000000   Number         0  stm32f4xx_dbgmcu.o ABSOLUTE
    ..\FWLIB\src\stm32f4xx_dcmi.c            0x00000000   Number         0  stm32f4xx_dcmi.o ABSOLUTE
    ..\FWLIB\src\stm32f4xx_dma.c             0x00000000   Number         0  stm32f4xx_dma.o ABSOLUTE
    ..\FWLIB\src\stm32f4xx_dma2d.c           0x00000000   Number         0  stm32f4xx_dma2d.o ABSOLUTE
    ..\FWLIB\src\stm32f4xx_exti.c            0x00000000   Number         0  stm32f4xx_exti.o ABSOLUTE
    ..\FWLIB\src\stm32f4xx_flash.c           0x00000000   Number         0  stm32f4xx_flash.o ABSOLUTE
    ..\FWLIB\src\stm32f4xx_flash_ramfunc.c   0x00000000   Number         0  stm32f4xx_flash_ramfunc.o ABSOLUTE
    ..\FWLIB\src\stm32f4xx_fsmc.c            0x00000000   Number         0  stm32f4xx_fsmc.o ABSOLUTE
    ..\FWLIB\src\stm32f4xx_gpio.c            0x00000000   Number         0  stm32f4xx_gpio.o ABSOLUTE
    ..\FWLIB\src\stm32f4xx_hash.c            0x00000000   Number         0  stm32f4xx_hash.o ABSOLUTE
    ..\FWLIB\src\stm32f4xx_hash_md5.c        0x00000000   Number         0  stm32f4xx_hash_md5.o ABSOLUTE
    ..\FWLIB\src\stm32f4xx_hash_sha1.c       0x00000000   Number         0  stm32f4xx_hash_sha1.o ABSOLUTE
    ..\FWLIB\src\stm32f4xx_i2c.c             0x00000000   Number         0  stm32f4xx_i2c.o ABSOLUTE
    ..\FWLIB\src\stm32f4xx_iwdg.c            0x00000000   Number         0  stm32f4xx_iwdg.o ABSOLUTE
    ..\FWLIB\src\stm32f4xx_ltdc.c            0x00000000   Number         0  stm32f4xx_ltdc.o ABSOLUTE
    ..\FWLIB\src\stm32f4xx_pwr.c             0x00000000   Number         0  stm32f4xx_pwr.o ABSOLUTE
    ..\FWLIB\src\stm32f4xx_rcc.c             0x00000000   Number         0  stm32f4xx_rcc.o ABSOLUTE
    ..\FWLIB\src\stm32f4xx_rng.c             0x00000000   Number         0  stm32f4xx_rng.o ABSOLUTE
    ..\FWLIB\src\stm32f4xx_rtc.c             0x00000000   Number         0  stm32f4xx_rtc.o ABSOLUTE
    ..\FWLIB\src\stm32f4xx_sai.c             0x00000000   Number         0  stm32f4xx_sai.o ABSOLUTE
    ..\FWLIB\src\stm32f4xx_sdio.c            0x00000000   Number         0  stm32f4xx_sdio.o ABSOLUTE
    ..\FWLIB\src\stm32f4xx_spi.c             0x00000000   Number         0  stm32f4xx_spi.o ABSOLUTE
    ..\FWLIB\src\stm32f4xx_syscfg.c          0x00000000   Number         0  stm32f4xx_syscfg.o ABSOLUTE
    ..\FWLIB\src\stm32f4xx_tim.c             0x00000000   Number         0  stm32f4xx_tim.o ABSOLUTE
    ..\FWLIB\src\stm32f4xx_usart.c           0x00000000   Number         0  stm32f4xx_usart.o ABSOLUTE
    ..\FWLIB\src\stm32f4xx_wwdg.c            0x00000000   Number         0  stm32f4xx_wwdg.o ABSOLUTE
    ..\HARDWARE\TCS3200\tcs3200.c            0x00000000   Number         0  tcs3200.o ABSOLUTE
    ..\HARDWARE\exit\exit.c                  0x00000000   Number         0  exit.o ABSOLUTE
    ..\HARDWARE\motor\motor.c                0x00000000   Number         0  motor.o ABSOLUTE
    ..\HARDWARE\pid\pid.c                    0x00000000   Number         0  pid.o ABSOLUTE
    ..\HARDWARE\servo\servo.c                0x00000000   Number         0  servo.o ABSOLUTE
    ..\HARDWARE\truck\truck.c                0x00000000   Number         0  truck.o ABSOLUTE
    ..\SYSTEM\delay\delay.c                  0x00000000   Number         0  delay.o ABSOLUTE
    ..\SYSTEM\sys\sys.c                      0x00000000   Number         0  sys.o ABSOLUTE
    ..\\FWLIB\\src\\misc.c                   0x00000000   Number         0  misc.o ABSOLUTE
    ..\\FWLIB\\src\\stm32f4xx_adc.c          0x00000000   Number         0  stm32f4xx_adc.o ABSOLUTE
    ..\\FWLIB\\src\\stm32f4xx_can.c          0x00000000   Number         0  stm32f4xx_can.o ABSOLUTE
    ..\\FWLIB\\src\\stm32f4xx_crc.c          0x00000000   Number         0  stm32f4xx_crc.o ABSOLUTE
    ..\\FWLIB\\src\\stm32f4xx_cryp.c         0x00000000   Number         0  stm32f4xx_cryp.o ABSOLUTE
    ..\\FWLIB\\src\\stm32f4xx_cryp_aes.c     0x00000000   Number         0  stm32f4xx_cryp_aes.o ABSOLUTE
    ..\\FWLIB\\src\\stm32f4xx_cryp_des.c     0x00000000   Number         0  stm32f4xx_cryp_des.o ABSOLUTE
    ..\\FWLIB\\src\\stm32f4xx_cryp_tdes.c    0x00000000   Number         0  stm32f4xx_cryp_tdes.o ABSOLUTE
    ..\\FWLIB\\src\\stm32f4xx_dac.c          0x00000000   Number         0  stm32f4xx_dac.o ABSOLUTE
    ..\\FWLIB\\src\\stm32f4xx_dbgmcu.c       0x00000000   Number         0  stm32f4xx_dbgmcu.o ABSOLUTE
    ..\\FWLIB\\src\\stm32f4xx_dcmi.c         0x00000000   Number         0  stm32f4xx_dcmi.o ABSOLUTE
    ..\\FWLIB\\src\\stm32f4xx_dma.c          0x00000000   Number         0  stm32f4xx_dma.o ABSOLUTE
    ..\\FWLIB\\src\\stm32f4xx_dma2d.c        0x00000000   Number         0  stm32f4xx_dma2d.o ABSOLUTE
    ..\\FWLIB\\src\\stm32f4xx_exti.c         0x00000000   Number         0  stm32f4xx_exti.o ABSOLUTE
    ..\\FWLIB\\src\\stm32f4xx_flash.c        0x00000000   Number         0  stm32f4xx_flash.o ABSOLUTE
    ..\\FWLIB\\src\\stm32f4xx_flash_ramfunc.c 0x00000000   Number         0  stm32f4xx_flash_ramfunc.o ABSOLUTE
    ..\\FWLIB\\src\\stm32f4xx_fsmc.c         0x00000000   Number         0  stm32f4xx_fsmc.o ABSOLUTE
    ..\\FWLIB\\src\\stm32f4xx_gpio.c         0x00000000   Number         0  stm32f4xx_gpio.o ABSOLUTE
    ..\\FWLIB\\src\\stm32f4xx_hash.c         0x00000000   Number         0  stm32f4xx_hash.o ABSOLUTE
    ..\\FWLIB\\src\\stm32f4xx_hash_md5.c     0x00000000   Number         0  stm32f4xx_hash_md5.o ABSOLUTE
    ..\\FWLIB\\src\\stm32f4xx_hash_sha1.c    0x00000000   Number         0  stm32f4xx_hash_sha1.o ABSOLUTE
    ..\\FWLIB\\src\\stm32f4xx_i2c.c          0x00000000   Number         0  stm32f4xx_i2c.o ABSOLUTE
    ..\\FWLIB\\src\\stm32f4xx_iwdg.c         0x00000000   Number         0  stm32f4xx_iwdg.o ABSOLUTE
    ..\\FWLIB\\src\\stm32f4xx_ltdc.c         0x00000000   Number         0  stm32f4xx_ltdc.o ABSOLUTE
    ..\\FWLIB\\src\\stm32f4xx_pwr.c          0x00000000   Number         0  stm32f4xx_pwr.o ABSOLUTE
    ..\\FWLIB\\src\\stm32f4xx_rcc.c          0x00000000   Number         0  stm32f4xx_rcc.o ABSOLUTE
    ..\\FWLIB\\src\\stm32f4xx_rng.c          0x00000000   Number         0  stm32f4xx_rng.o ABSOLUTE
    ..\\FWLIB\\src\\stm32f4xx_rtc.c          0x00000000   Number         0  stm32f4xx_rtc.o ABSOLUTE
    ..\\FWLIB\\src\\stm32f4xx_sai.c          0x00000000   Number         0  stm32f4xx_sai.o ABSOLUTE
    ..\\FWLIB\\src\\stm32f4xx_sdio.c         0x00000000   Number         0  stm32f4xx_sdio.o ABSOLUTE
    ..\\FWLIB\\src\\stm32f4xx_spi.c          0x00000000   Number         0  stm32f4xx_spi.o ABSOLUTE
    ..\\FWLIB\\src\\stm32f4xx_syscfg.c       0x00000000   Number         0  stm32f4xx_syscfg.o ABSOLUTE
    ..\\FWLIB\\src\\stm32f4xx_tim.c          0x00000000   Number         0  stm32f4xx_tim.o ABSOLUTE
    ..\\FWLIB\\src\\stm32f4xx_usart.c        0x00000000   Number         0  stm32f4xx_usart.o ABSOLUTE
    ..\\FWLIB\\src\\stm32f4xx_wwdg.c         0x00000000   Number         0  stm32f4xx_wwdg.o ABSOLUTE
    ..\\HARDWARE\\TCS3200\\tcs3200.c         0x00000000   Number         0  tcs3200.o ABSOLUTE
    ..\\HARDWARE\\exit\\exit.c               0x00000000   Number         0  exit.o ABSOLUTE
    ..\\HARDWARE\\motor\\motor.c             0x00000000   Number         0  motor.o ABSOLUTE
    ..\\HARDWARE\\servo\\servo.c             0x00000000   Number         0  servo.o ABSOLUTE
    ..\\HARDWARE\\truck\\truck.c             0x00000000   Number         0  truck.o ABSOLUTE
    ..\\SYSTEM\\delay\\delay.c               0x00000000   Number         0  delay.o ABSOLUTE
    ..\\SYSTEM\\sys\\sys.c                   0x00000000   Number         0  sys.o ABSOLUTE
    dc.s                                     0x00000000   Number         0  dc.o ABSOLUTE
    main.c                                   0x00000000   Number         0  main.o ABSOLUTE
    main.c                                   0x00000000   Number         0  main.o ABSOLUTE
    stm32f4xx_it.c                           0x00000000   Number         0  stm32f4xx_it.o ABSOLUTE
    stm32f4xx_it.c                           0x00000000   Number         0  stm32f4xx_it.o ABSOLUTE
    system_stm32f4xx.c                       0x00000000   Number         0  system_stm32f4xx.o ABSOLUTE
    system_stm32f4xx.c                       0x00000000   Number         0  system_stm32f4xx.o ABSOLUTE
    RESET                                    0x08000000   Section      392  startup_stm32f40_41xxx.o(RESET)
    !!!main                                  0x08000188   Section        8  __main.o(!!!main)
    !!!scatter                               0x08000190   Section       52  __scatter.o(!!!scatter)
    !!handler_copy                           0x080001c4   Section       26  __scatter_copy.o(!!handler_copy)
    !!handler_zi                             0x080001e0   Section       28  __scatter_zi.o(!!handler_zi)
    .ARM.Collect$$libinit$$00000000          0x080001fc   Section        2  libinit.o(.ARM.Collect$$libinit$$00000000)
    .ARM.Collect$$libinit$$00000001          0x080001fe   Section        4  libinit2.o(.ARM.Collect$$libinit$$00000001)
    .ARM.Collect$$libinit$$00000004          0x08000202   Section        0  libinit2.o(.ARM.Collect$$libinit$$00000004)
    .ARM.Collect$$libinit$$0000000A          0x08000202   Section        0  libinit2.o(.ARM.Collect$$libinit$$0000000A)
    .ARM.Collect$$libinit$$0000000C          0x08000202   Section        0  libinit2.o(.ARM.Collect$$libinit$$0000000C)
    .ARM.Collect$$libinit$$0000000E          0x08000202   Section        0  libinit2.o(.ARM.Collect$$libinit$$0000000E)
    .ARM.Collect$$libinit$$00000011          0x08000202   Section        0  libinit2.o(.ARM.Collect$$libinit$$00000011)
    .ARM.Collect$$libinit$$00000013          0x08000202   Section        0  libinit2.o(.ARM.Collect$$libinit$$00000013)
    .ARM.Collect$$libinit$$00000015          0x08000202   Section        0  libinit2.o(.ARM.Collect$$libinit$$00000015)
    .ARM.Collect$$libinit$$00000017          0x08000202   Section        0  libinit2.o(.ARM.Collect$$libinit$$00000017)
    .ARM.Collect$$libinit$$00000019          0x08000202   Section        0  libinit2.o(.ARM.Collect$$libinit$$00000019)
    .ARM.Collect$$libinit$$0000001B          0x08000202   Section        0  libinit2.o(.ARM.Collect$$libinit$$0000001B)
    .ARM.Collect$$libinit$$0000001D          0x08000202   Section        0  libinit2.o(.ARM.Collect$$libinit$$0000001D)
    .ARM.Collect$$libinit$$0000001F          0x08000202   Section        0  libinit2.o(.ARM.Collect$$libinit$$0000001F)
    .ARM.Collect$$libinit$$00000021          0x08000202   Section        0  libinit2.o(.ARM.Collect$$libinit$$00000021)
    .ARM.Collect$$libinit$$00000023          0x08000202   Section        0  libinit2.o(.ARM.Collect$$libinit$$00000023)
    .ARM.Collect$$libinit$$00000025          0x08000202   Section        0  libinit2.o(.ARM.Collect$$libinit$$00000025)
    .ARM.Collect$$libinit$$0000002C          0x08000202   Section        0  libinit2.o(.ARM.Collect$$libinit$$0000002C)
    .ARM.Collect$$libinit$$0000002E          0x08000202   Section        0  libinit2.o(.ARM.Collect$$libinit$$0000002E)
    .ARM.Collect$$libinit$$00000030          0x08000202   Section        0  libinit2.o(.ARM.Collect$$libinit$$00000030)
    .ARM.Collect$$libinit$$00000032          0x08000202   Section        0  libinit2.o(.ARM.Collect$$libinit$$00000032)
    .ARM.Collect$$libinit$$00000033          0x08000202   Section        2  libinit2.o(.ARM.Collect$$libinit$$00000033)
    .ARM.Collect$$libshutdown$$00000000      0x08000204   Section        2  libshutdown.o(.ARM.Collect$$libshutdown$$00000000)
    .ARM.Collect$$libshutdown$$00000002      0x08000206   Section        0  libshutdown2.o(.ARM.Collect$$libshutdown$$00000002)
    .ARM.Collect$$libshutdown$$00000004      0x08000206   Section        0  libshutdown2.o(.ARM.Collect$$libshutdown$$00000004)
    .ARM.Collect$$libshutdown$$00000006      0x08000206   Section        0  libshutdown2.o(.ARM.Collect$$libshutdown$$00000006)
    .ARM.Collect$$libshutdown$$00000009      0x08000206   Section        0  libshutdown2.o(.ARM.Collect$$libshutdown$$00000009)
    .ARM.Collect$$libshutdown$$0000000C      0x08000206   Section        0  libshutdown2.o(.ARM.Collect$$libshutdown$$0000000C)
    .ARM.Collect$$libshutdown$$0000000E      0x08000206   Section        0  libshutdown2.o(.ARM.Collect$$libshutdown$$0000000E)
    .ARM.Collect$$libshutdown$$00000011      0x08000206   Section        0  libshutdown2.o(.ARM.Collect$$libshutdown$$00000011)
    .ARM.Collect$$libshutdown$$00000012      0x08000206   Section        2  libshutdown2.o(.ARM.Collect$$libshutdown$$00000012)
    .ARM.Collect$$rtentry$$00000000          0x08000208   Section        0  __rtentry.o(.ARM.Collect$$rtentry$$00000000)
    .ARM.Collect$$rtentry$$00000002          0x08000208   Section        0  __rtentry2.o(.ARM.Collect$$rtentry$$00000002)
    .ARM.Collect$$rtentry$$00000004          0x08000208   Section        6  __rtentry4.o(.ARM.Collect$$rtentry$$00000004)
    .ARM.Collect$$rtentry$$00000009          0x0800020e   Section        0  __rtentry2.o(.ARM.Collect$$rtentry$$00000009)
    .ARM.Collect$$rtentry$$0000000A          0x0800020e   Section        4  __rtentry2.o(.ARM.Collect$$rtentry$$0000000A)
    .ARM.Collect$$rtentry$$0000000C          0x08000212   Section        0  __rtentry2.o(.ARM.Collect$$rtentry$$0000000C)
    .ARM.Collect$$rtentry$$0000000D          0x08000212   Section        8  __rtentry2.o(.ARM.Collect$$rtentry$$0000000D)
    .ARM.Collect$$rtexit$$00000000           0x0800021a   Section        2  rtexit.o(.ARM.Collect$$rtexit$$00000000)
    .ARM.Collect$$rtexit$$00000002           0x0800021c   Section        0  rtexit2.o(.ARM.Collect$$rtexit$$00000002)
    .ARM.Collect$$rtexit$$00000003           0x0800021c   Section        4  rtexit2.o(.ARM.Collect$$rtexit$$00000003)
    .ARM.Collect$$rtexit$$00000004           0x08000220   Section        6  rtexit2.o(.ARM.Collect$$rtexit$$00000004)
    .text                                    0x08000228   Section        0  main.o(.text)
    .text                                    0x0800519c   Section        0  stm32f4xx_it.o(.text)
    .text                                    0x080051b8   Section        0  system_stm32f4xx.o(.text)
    SetSysClock                              0x080051b9   Thumb Code   220  system_stm32f4xx.o(.text)
    .text                                    0x080053c8   Section       64  startup_stm32f40_41xxx.o(.text)
    $v0                                      0x080053c8   Number         0  startup_stm32f40_41xxx.o(.text)
    .text                                    0x08005408   Section        0  misc.o(.text)
    .text                                    0x080054e8   Section        0  stm32f4xx_exti.o(.text)
    .text                                    0x080055f8   Section        0  stm32f4xx_gpio.o(.text)
    .text                                    0x0800588c   Section        0  stm32f4xx_rcc.o(.text)
    .text                                    0x08005ee8   Section        0  stm32f4xx_syscfg.o(.text)
    .text                                    0x08005f7c   Section        0  stm32f4xx_tim.o(.text)
    TI4_Config                               0x0800671b   Thumb Code    80  stm32f4xx_tim.o(.text)
    TI3_Config                               0x0800677d   Thumb Code    72  stm32f4xx_tim.o(.text)
    TI2_Config                               0x080067df   Thumb Code    90  stm32f4xx_tim.o(.text)
    TI1_Config                               0x0800684b   Thumb Code    58  stm32f4xx_tim.o(.text)
    .text                                    0x08006c20   Section        0  stm32f4xx_usart.o(.text)
    .text                                    0x08007074   Section        0  delay.o(.text)
    .text                                    0x08007178   Section        0  motor.o(.text)
    .text                                    0x08007388   Section        0  truck.o(.text)
    .text                                    0x08007568   Section        0  servo.o(.text)
    .text                                    0x08007940   Section        0  tcs3200.o(.text)
    .text                                    0x08007c44   Section        0  exit.o(.text)
    .text                                    0x08007cd8   Section        0  heapauxi.o(.text)
    .text                                    0x08007cde   Section       74  sys_stackheap_outer.o(.text)
    .text                                    0x08007d28   Section        0  exit.o(.text)
    .text                                    0x08007d3c   Section        8  libspace.o(.text)
    .text                                    0x08007d44   Section        0  sys_exit.o(.text)
    .text                                    0x08007d50   Section        2  use_no_semi.o(.text)
    .text                                    0x08007d52   Section        0  indicate_semi.o(.text)
    x$fpl$basic                              0x08007d52   Section       24  basic.o(x$fpl$basic)
    $v0                                      0x08007d52   Number         0  basic.o(x$fpl$basic)
    x$fpl$dadd                               0x08007d6c   Section      336  daddsub_clz.o(x$fpl$dadd)
    $v0                                      0x08007d6c   Number         0  daddsub_clz.o(x$fpl$dadd)
    _dadd1                                   0x08007d7d   Thumb Code     0  daddsub_clz.o(x$fpl$dadd)
    x$fpl$dcmpinf                            0x08007ebc   Section       24  dcmpi.o(x$fpl$dcmpinf)
    $v0                                      0x08007ebc   Number         0  dcmpi.o(x$fpl$dcmpinf)
    x$fpl$dleqf                              0x08007ed4   Section      120  dleqf.o(x$fpl$dleqf)
    $v0                                      0x08007ed4   Number         0  dleqf.o(x$fpl$dleqf)
    x$fpl$dnaninf                            0x08007f4c   Section      156  dnaninf.o(x$fpl$dnaninf)
    $v0                                      0x08007f4c   Number         0  dnaninf.o(x$fpl$dnaninf)
    x$fpl$dretinf                            0x08007fe8   Section       12  dretinf.o(x$fpl$dretinf)
    $v0                                      0x08007fe8   Number         0  dretinf.o(x$fpl$dretinf)
    x$fpl$drleqf                             0x08007ff4   Section      108  drleqf.o(x$fpl$drleqf)
    $v0                                      0x08007ff4   Number         0  drleqf.o(x$fpl$drleqf)
    x$fpl$drsb                               0x08008060   Section       22  daddsub_clz.o(x$fpl$drsb)
    $v0                                      0x08008060   Number         0  daddsub_clz.o(x$fpl$drsb)
    x$fpl$dsub                               0x08008078   Section      468  daddsub_clz.o(x$fpl$dsub)
    $v0                                      0x08008078   Number         0  daddsub_clz.o(x$fpl$dsub)
    _dsub1                                   0x08008089   Thumb Code     0  daddsub_clz.o(x$fpl$dsub)
    x$fpl$fpinit                             0x0800824c   Section       10  fpinit.o(x$fpl$fpinit)
    $v0                                      0x0800824c   Number         0  fpinit.o(x$fpl$fpinit)
    x$fpl$usenofp                            0x08008256   Section        0  usenofp.o(x$fpl$usenofp)
    .data                                    0x20000000   Section      180  main.o(.data)
    .data                                    0x200000b4   Section       20  system_stm32f4xx.o(.data)
    .data                                    0x200000c8   Section       16  stm32f4xx_rcc.o(.data)
    APBAHBPrescTable                         0x200000c8   Data          16  stm32f4xx_rcc.o(.data)
    .data                                    0x200000d8   Section        4  delay.o(.data)
    fac_us                                   0x200000d8   Data           1  delay.o(.data)
    fac_ms                                   0x200000da   Data           2  delay.o(.data)
    .data                                    0x200000e0   Section        8  motor.o(.data)
    .data                                    0x200000e8   Section        4  truck.o(.data)
    .data                                    0x200000ec   Section       16  tcs3200.o(.data)
    .bss                                     0x200000fc   Section       20  main.o(.bss)
    .bss                                     0x20000110   Section       12  tcs3200.o(.bss)
    .bss                                     0x2000011c   Section       96  libspace.o(.bss)
    HEAP                                     0x20000180   Section      512  startup_stm32f40_41xxx.o(HEAP)
    Heap_Mem                                 0x20000180   Data         512  startup_stm32f40_41xxx.o(HEAP)
    STACK                                    0x20000380   Section     1024  startup_stm32f40_41xxx.o(STACK)
    Stack_Mem                                0x20000380   Data        1024  startup_stm32f40_41xxx.o(STACK)
    __initial_sp                             0x20000780   Data           0  startup_stm32f40_41xxx.o(STACK)

    Global Symbols

    Symbol Name                              Value     Ov Type        Size  Object(Section)

    BuildAttributes$$THM_ISAv4$E$P$D$K$B$S$7EM$VFPi3$EXTD16$VFPS$VFMA$PE$A:L22UL41UL21$X:L11$S22US41US21$IEEE1$IW$USESV6$~STKCKD$USESV7$~SHL$OSPACE$ROPI$EBA8$UX$STANDARDLIB$REQ8$PRES8$EABIv2 0x00000000   Number         0  anon$$obj.o ABSOLUTE
    __ARM_use_no_argv                        0x00000000   Number         0  main.o ABSOLUTE
    __ARM_exceptions_init                     - Undefined Weak Reference
    __alloca_initialize                       - Undefined Weak Reference
    __arm_fini_                               - Undefined Weak Reference
    __arm_preinit_                            - Undefined Weak Reference
    __cpp_initialize__aeabi_                  - Undefined Weak Reference
    __cxa_finalize                            - Undefined Weak Reference
    __rt_locale                               - Undefined Weak Reference
    __sigvec_lookup                           - Undefined Weak Reference
    _atexit_init                              - Undefined Weak Reference
    _call_atexit_fns                          - Undefined Weak Reference
    _clock_init                               - Undefined Weak Reference
    _fp_trap_init                             - Undefined Weak Reference
    _fp_trap_shutdown                         - Undefined Weak Reference
    _get_lc_collate                           - Undefined Weak Reference
    _get_lc_ctype                             - Undefined Weak Reference
    _get_lc_monetary                          - Undefined Weak Reference
    _get_lc_numeric                           - Undefined Weak Reference
    _get_lc_time                              - Undefined Weak Reference
    _getenv_init                              - Undefined Weak Reference
    _handle_redirection                       - Undefined Weak Reference
    _init_alloc                               - Undefined Weak Reference
    _init_user_alloc                          - Undefined Weak Reference
    _initio                                   - Undefined Weak Reference
    _rand_init                                - Undefined Weak Reference
    _signal_finish                            - Undefined Weak Reference
    _signal_init                              - Undefined Weak Reference
    _terminate_alloc                          - Undefined Weak Reference
    _terminate_user_alloc                     - Undefined Weak Reference
    _terminateio                              - Undefined Weak Reference
    __Vectors_Size                           0x00000188   Number         0  startup_stm32f40_41xxx.o ABSOLUTE
    __Vectors                                0x08000000   Data           4  startup_stm32f40_41xxx.o(RESET)
    __Vectors_End                            0x08000188   Data           0  startup_stm32f40_41xxx.o(RESET)
    __main                                   0x08000189   Thumb Code     8  __main.o(!!!main)
    __scatterload                            0x08000191   Thumb Code     0  __scatter.o(!!!scatter)
    __scatterload_rt2                        0x08000191   Thumb Code    44  __scatter.o(!!!scatter)
    __scatterload_rt2_thumb_only             0x08000191   Thumb Code     0  __scatter.o(!!!scatter)
    __scatterload_null                       0x0800019f   Thumb Code     0  __scatter.o(!!!scatter)
    __scatterload_copy                       0x080001c5   Thumb Code    26  __scatter_copy.o(!!handler_copy)
    __scatterload_zeroinit                   0x080001e1   Thumb Code    28  __scatter_zi.o(!!handler_zi)
    __rt_lib_init                            0x080001fd   Thumb Code     0  libinit.o(.ARM.Collect$$libinit$$00000000)
    __rt_lib_init_fp_1                       0x080001ff   Thumb Code     0  libinit2.o(.ARM.Collect$$libinit$$00000001)
    __rt_lib_init_alloca_1                   0x08000203   Thumb Code     0  libinit2.o(.ARM.Collect$$libinit$$0000002E)
    __rt_lib_init_argv_1                     0x08000203   Thumb Code     0  libinit2.o(.ARM.Collect$$libinit$$0000002C)
    __rt_lib_init_atexit_1                   0x08000203   Thumb Code     0  libinit2.o(.ARM.Collect$$libinit$$0000001B)
    __rt_lib_init_clock_1                    0x08000203   Thumb Code     0  libinit2.o(.ARM.Collect$$libinit$$00000021)
    __rt_lib_init_cpp_1                      0x08000203   Thumb Code     0  libinit2.o(.ARM.Collect$$libinit$$00000032)
    __rt_lib_init_exceptions_1               0x08000203   Thumb Code     0  libinit2.o(.ARM.Collect$$libinit$$00000030)
    __rt_lib_init_fp_trap_1                  0x08000203   Thumb Code     0  libinit2.o(.ARM.Collect$$libinit$$0000001F)
    __rt_lib_init_getenv_1                   0x08000203   Thumb Code     0  libinit2.o(.ARM.Collect$$libinit$$00000023)
    __rt_lib_init_heap_1                     0x08000203   Thumb Code     0  libinit2.o(.ARM.Collect$$libinit$$0000000A)
    __rt_lib_init_lc_collate_1               0x08000203   Thumb Code     0  libinit2.o(.ARM.Collect$$libinit$$00000011)
    __rt_lib_init_lc_ctype_1                 0x08000203   Thumb Code     0  libinit2.o(.ARM.Collect$$libinit$$00000013)
    __rt_lib_init_lc_monetary_1              0x08000203   Thumb Code     0  libinit2.o(.ARM.Collect$$libinit$$00000015)
    __rt_lib_init_lc_numeric_1               0x08000203   Thumb Code     0  libinit2.o(.ARM.Collect$$libinit$$00000017)
    __rt_lib_init_lc_time_1                  0x08000203   Thumb Code     0  libinit2.o(.ARM.Collect$$libinit$$00000019)
    __rt_lib_init_preinit_1                  0x08000203   Thumb Code     0  libinit2.o(.ARM.Collect$$libinit$$00000004)
    __rt_lib_init_rand_1                     0x08000203   Thumb Code     0  libinit2.o(.ARM.Collect$$libinit$$0000000E)
    __rt_lib_init_return                     0x08000203   Thumb Code     0  libinit2.o(.ARM.Collect$$libinit$$00000033)
    __rt_lib_init_signal_1                   0x08000203   Thumb Code     0  libinit2.o(.ARM.Collect$$libinit$$0000001D)
    __rt_lib_init_stdio_1                    0x08000203   Thumb Code     0  libinit2.o(.ARM.Collect$$libinit$$00000025)
    __rt_lib_init_user_alloc_1               0x08000203   Thumb Code     0  libinit2.o(.ARM.Collect$$libinit$$0000000C)
    __rt_lib_shutdown                        0x08000205   Thumb Code     0  libshutdown.o(.ARM.Collect$$libshutdown$$00000000)
    __rt_lib_shutdown_cpp_1                  0x08000207   Thumb Code     0  libshutdown2.o(.ARM.Collect$$libshutdown$$00000004)
    __rt_lib_shutdown_fini_1                 0x08000207   Thumb Code     0  libshutdown2.o(.ARM.Collect$$libshutdown$$00000002)
    __rt_lib_shutdown_fp_trap_1              0x08000207   Thumb Code     0  libshutdown2.o(.ARM.Collect$$libshutdown$$00000009)
    __rt_lib_shutdown_heap_1                 0x08000207   Thumb Code     0  libshutdown2.o(.ARM.Collect$$libshutdown$$00000011)
    __rt_lib_shutdown_return                 0x08000207   Thumb Code     0  libshutdown2.o(.ARM.Collect$$libshutdown$$00000012)
    __rt_lib_shutdown_signal_1               0x08000207   Thumb Code     0  libshutdown2.o(.ARM.Collect$$libshutdown$$0000000C)
    __rt_lib_shutdown_stdio_1                0x08000207   Thumb Code     0  libshutdown2.o(.ARM.Collect$$libshutdown$$00000006)
    __rt_lib_shutdown_user_alloc_1           0x08000207   Thumb Code     0  libshutdown2.o(.ARM.Collect$$libshutdown$$0000000E)
    __rt_entry                               0x08000209   Thumb Code     0  __rtentry.o(.ARM.Collect$$rtentry$$00000000)
    __rt_entry_presh_1                       0x08000209   Thumb Code     0  __rtentry2.o(.ARM.Collect$$rtentry$$00000002)
    __rt_entry_sh                            0x08000209   Thumb Code     0  __rtentry4.o(.ARM.Collect$$rtentry$$00000004)
    __rt_entry_li                            0x0800020f   Thumb Code     0  __rtentry2.o(.ARM.Collect$$rtentry$$0000000A)
    __rt_entry_postsh_1                      0x0800020f   Thumb Code     0  __rtentry2.o(.ARM.Collect$$rtentry$$00000009)
    __rt_entry_main                          0x08000213   Thumb Code     0  __rtentry2.o(.ARM.Collect$$rtentry$$0000000D)
    __rt_entry_postli_1                      0x08000213   Thumb Code     0  __rtentry2.o(.ARM.Collect$$rtentry$$0000000C)
    __rt_exit                                0x0800021b   Thumb Code     0  rtexit.o(.ARM.Collect$$rtexit$$00000000)
    __rt_exit_ls                             0x0800021d   Thumb Code     0  rtexit2.o(.ARM.Collect$$rtexit$$00000003)
    __rt_exit_prels_1                        0x0800021d   Thumb Code     0  rtexit2.o(.ARM.Collect$$rtexit$$00000002)
    __rt_exit_exit                           0x08000221   Thumb Code     0  rtexit2.o(.ARM.Collect$$rtexit$$00000004)
    xunji_f                                  0x08000229   Thumb Code    98  main.o(.text)
    xunji_b                                  0x0800028b   Thumb Code   102  main.o(.text)
    car_angle_change                         0x080002f1   Thumb Code   224  main.o(.text)
    turn                                     0x080003d1   Thumb Code   606  main.o(.text)
    servo                                    0x0800062f   Thumb Code   326  main.o(.text)
    main                                     0x08000775   Thumb Code 18926  main.o(.text)
    NMI_Handler                              0x0800519d   Thumb Code     2  stm32f4xx_it.o(.text)
    HardFault_Handler                        0x0800519f   Thumb Code     4  stm32f4xx_it.o(.text)
    MemManage_Handler                        0x080051a3   Thumb Code     4  stm32f4xx_it.o(.text)
    BusFault_Handler                         0x080051a7   Thumb Code     4  stm32f4xx_it.o(.text)
    UsageFault_Handler                       0x080051ab   Thumb Code     4  stm32f4xx_it.o(.text)
    SVC_Handler                              0x080051af   Thumb Code     2  stm32f4xx_it.o(.text)
    DebugMon_Handler                         0x080051b1   Thumb Code     2  stm32f4xx_it.o(.text)
    PendSV_Handler                           0x080051b3   Thumb Code     2  stm32f4xx_it.o(.text)
    SysTick_Handler                          0x080051b5   Thumb Code     2  stm32f4xx_it.o(.text)
    SystemInit                               0x08005295   Thumb Code    88  system_stm32f4xx.o(.text)
    SystemCoreClockUpdate                    0x080052ed   Thumb Code   174  system_stm32f4xx.o(.text)
    Reset_Handler                            0x080053c9   Thumb Code     8  startup_stm32f40_41xxx.o(.text)
    ADC_IRQHandler                           0x080053e3   Thumb Code     0  startup_stm32f40_41xxx.o(.text)
    CAN1_RX0_IRQHandler                      0x080053e3   Thumb Code     0  startup_stm32f40_41xxx.o(.text)
    CAN1_RX1_IRQHandler                      0x080053e3   Thumb Code     0  startup_stm32f40_41xxx.o(.text)
    CAN1_SCE_IRQHandler                      0x080053e3   Thumb Code     0  startup_stm32f40_41xxx.o(.text)
    CAN1_TX_IRQHandler                       0x080053e3   Thumb Code     0  startup_stm32f40_41xxx.o(.text)
    CAN2_RX0_IRQHandler                      0x080053e3   Thumb Code     0  startup_stm32f40_41xxx.o(.text)
    CAN2_RX1_IRQHandler                      0x080053e3   Thumb Code     0  startup_stm32f40_41xxx.o(.text)
    CAN2_SCE_IRQHandler                      0x080053e3   Thumb Code     0  startup_stm32f40_41xxx.o(.text)
    CAN2_TX_IRQHandler                       0x080053e3   Thumb Code     0  startup_stm32f40_41xxx.o(.text)
    CRYP_IRQHandler                          0x080053e3   Thumb Code     0  startup_stm32f40_41xxx.o(.text)
    DCMI_IRQHandler                          0x080053e3   Thumb Code     0  startup_stm32f40_41xxx.o(.text)
    DMA1_Stream0_IRQHandler                  0x080053e3   Thumb Code     0  startup_stm32f40_41xxx.o(.text)
    DMA1_Stream1_IRQHandler                  0x080053e3   Thumb Code     0  startup_stm32f40_41xxx.o(.text)
    DMA1_Stream2_IRQHandler                  0x080053e3   Thumb Code     0  startup_stm32f40_41xxx.o(.text)
    DMA1_Stream3_IRQHandler                  0x080053e3   Thumb Code     0  startup_stm32f40_41xxx.o(.text)
    DMA1_Stream4_IRQHandler                  0x080053e3   Thumb Code     0  startup_stm32f40_41xxx.o(.text)
    DMA1_Stream5_IRQHandler                  0x080053e3   Thumb Code     0  startup_stm32f40_41xxx.o(.text)
    DMA1_Stream6_IRQHandler                  0x080053e3   Thumb Code     0  startup_stm32f40_41xxx.o(.text)
    DMA1_Stream7_IRQHandler                  0x080053e3   Thumb Code     0  startup_stm32f40_41xxx.o(.text)
    DMA2_Stream0_IRQHandler                  0x080053e3   Thumb Code     0  startup_stm32f40_41xxx.o(.text)
    DMA2_Stream1_IRQHandler                  0x080053e3   Thumb Code     0  startup_stm32f40_41xxx.o(.text)
    DMA2_Stream2_IRQHandler                  0x080053e3   Thumb Code     0  startup_stm32f40_41xxx.o(.text)
    DMA2_Stream3_IRQHandler                  0x080053e3   Thumb Code     0  startup_stm32f40_41xxx.o(.text)
    DMA2_Stream4_IRQHandler                  0x080053e3   Thumb Code     0  startup_stm32f40_41xxx.o(.text)
    DMA2_Stream5_IRQHandler                  0x080053e3   Thumb Code     0  startup_stm32f40_41xxx.o(.text)
    DMA2_Stream6_IRQHandler                  0x080053e3   Thumb Code     0  startup_stm32f40_41xxx.o(.text)
    DMA2_Stream7_IRQHandler                  0x080053e3   Thumb Code     0  startup_stm32f40_41xxx.o(.text)
    ETH_IRQHandler                           0x080053e3   Thumb Code     0  startup_stm32f40_41xxx.o(.text)
    ETH_WKUP_IRQHandler                      0x080053e3   Thumb Code     0  startup_stm32f40_41xxx.o(.text)
    EXTI0_IRQHandler                         0x080053e3   Thumb Code     0  startup_stm32f40_41xxx.o(.text)
    EXTI15_10_IRQHandler                     0x080053e3   Thumb Code     0  startup_stm32f40_41xxx.o(.text)
    EXTI1_IRQHandler                         0x080053e3   Thumb Code     0  startup_stm32f40_41xxx.o(.text)
    EXTI2_IRQHandler                         0x080053e3   Thumb Code     0  startup_stm32f40_41xxx.o(.text)
    EXTI4_IRQHandler                         0x080053e3   Thumb Code     0  startup_stm32f40_41xxx.o(.text)
    EXTI9_5_IRQHandler                       0x080053e3   Thumb Code     0  startup_stm32f40_41xxx.o(.text)
    FLASH_IRQHandler                         0x080053e3   Thumb Code     0  startup_stm32f40_41xxx.o(.text)
    FPU_IRQHandler                           0x080053e3   Thumb Code     0  startup_stm32f40_41xxx.o(.text)
    FSMC_IRQHandler                          0x080053e3   Thumb Code     0  startup_stm32f40_41xxx.o(.text)
    HASH_RNG_IRQHandler                      0x080053e3   Thumb Code     0  startup_stm32f40_41xxx.o(.text)
    I2C1_ER_IRQHandler                       0x080053e3   Thumb Code     0  startup_stm32f40_41xxx.o(.text)
    I2C1_EV_IRQHandler                       0x080053e3   Thumb Code     0  startup_stm32f40_41xxx.o(.text)
    I2C2_ER_IRQHandler                       0x080053e3   Thumb Code     0  startup_stm32f40_41xxx.o(.text)
    I2C2_EV_IRQHandler                       0x080053e3   Thumb Code     0  startup_stm32f40_41xxx.o(.text)
    I2C3_ER_IRQHandler                       0x080053e3   Thumb Code     0  startup_stm32f40_41xxx.o(.text)
    I2C3_EV_IRQHandler                       0x080053e3   Thumb Code     0  startup_stm32f40_41xxx.o(.text)
    OTG_FS_IRQHandler                        0x080053e3   Thumb Code     0  startup_stm32f40_41xxx.o(.text)
    OTG_FS_WKUP_IRQHandler                   0x080053e3   Thumb Code     0  startup_stm32f40_41xxx.o(.text)
    OTG_HS_EP1_IN_IRQHandler                 0x080053e3   Thumb Code     0  startup_stm32f40_41xxx.o(.text)
    OTG_HS_EP1_OUT_IRQHandler                0x080053e3   Thumb Code     0  startup_stm32f40_41xxx.o(.text)
    OTG_HS_IRQHandler                        0x080053e3   Thumb Code     0  startup_stm32f40_41xxx.o(.text)
    OTG_HS_WKUP_IRQHandler                   0x080053e3   Thumb Code     0  startup_stm32f40_41xxx.o(.text)
    PVD_IRQHandler                           0x080053e3   Thumb Code     0  startup_stm32f40_41xxx.o(.text)
    RCC_IRQHandler                           0x080053e3   Thumb Code     0  startup_stm32f40_41xxx.o(.text)
    RTC_Alarm_IRQHandler                     0x080053e3   Thumb Code     0  startup_stm32f40_41xxx.o(.text)
    RTC_WKUP_IRQHandler                      0x080053e3   Thumb Code     0  startup_stm32f40_41xxx.o(.text)
    SDIO_IRQHandler                          0x080053e3   Thumb Code     0  startup_stm32f40_41xxx.o(.text)
    SPI1_IRQHandler                          0x080053e3   Thumb Code     0  startup_stm32f40_41xxx.o(.text)
    SPI2_IRQHandler                          0x080053e3   Thumb Code     0  startup_stm32f40_41xxx.o(.text)
    SPI3_IRQHandler                          0x080053e3   Thumb Code     0  startup_stm32f40_41xxx.o(.text)
    TAMP_STAMP_IRQHandler                    0x080053e3   Thumb Code     0  startup_stm32f40_41xxx.o(.text)
    TIM1_BRK_TIM9_IRQHandler                 0x080053e3   Thumb Code     0  startup_stm32f40_41xxx.o(.text)
    TIM1_CC_IRQHandler                       0x080053e3   Thumb Code     0  startup_stm32f40_41xxx.o(.text)
    TIM1_TRG_COM_TIM11_IRQHandler            0x080053e3   Thumb Code     0  startup_stm32f40_41xxx.o(.text)
    TIM1_UP_TIM10_IRQHandler                 0x080053e3   Thumb Code     0  startup_stm32f40_41xxx.o(.text)
    TIM2_IRQHandler                          0x080053e3   Thumb Code     0  startup_stm32f40_41xxx.o(.text)
    TIM3_IRQHandler                          0x080053e3   Thumb Code     0  startup_stm32f40_41xxx.o(.text)
    TIM4_IRQHandler                          0x080053e3   Thumb Code     0  startup_stm32f40_41xxx.o(.text)
    TIM5_IRQHandler                          0x080053e3   Thumb Code     0  startup_stm32f40_41xxx.o(.text)
    TIM6_DAC_IRQHandler                      0x080053e3   Thumb Code     0  startup_stm32f40_41xxx.o(.text)
    TIM8_BRK_TIM12_IRQHandler                0x080053e3   Thumb Code     0  startup_stm32f40_41xxx.o(.text)
    TIM8_CC_IRQHandler                       0x080053e3   Thumb Code     0  startup_stm32f40_41xxx.o(.text)
    TIM8_TRG_COM_TIM14_IRQHandler            0x080053e3   Thumb Code     0  startup_stm32f40_41xxx.o(.text)
    TIM8_UP_TIM13_IRQHandler                 0x080053e3   Thumb Code     0  startup_stm32f40_41xxx.o(.text)
    UART4_IRQHandler                         0x080053e3   Thumb Code     0  startup_stm32f40_41xxx.o(.text)
    UART5_IRQHandler                         0x080053e3   Thumb Code     0  startup_stm32f40_41xxx.o(.text)
    USART1_IRQHandler                        0x080053e3   Thumb Code     0  startup_stm32f40_41xxx.o(.text)
    USART2_IRQHandler                        0x080053e3   Thumb Code     0  startup_stm32f40_41xxx.o(.text)
    USART6_IRQHandler                        0x080053e3   Thumb Code     0  startup_stm32f40_41xxx.o(.text)
    WWDG_IRQHandler                          0x080053e3   Thumb Code     0  startup_stm32f40_41xxx.o(.text)
    __user_initial_stackheap                 0x080053e5   Thumb Code     0  startup_stm32f40_41xxx.o(.text)
    NVIC_PriorityGroupConfig                 0x08005409   Thumb Code    10  misc.o(.text)
    NVIC_Init                                0x08005413   Thumb Code   106  misc.o(.text)
    NVIC_SetVectorTable                      0x0800547d   Thumb Code    14  misc.o(.text)
    NVIC_SystemLPConfig                      0x0800548b   Thumb Code    34  misc.o(.text)
    SysTick_CLKSourceConfig                  0x080054ad   Thumb Code    40  misc.o(.text)
    EXTI_DeInit                              0x080054e9   Thumb Code    28  stm32f4xx_exti.o(.text)
    EXTI_Init                                0x08005505   Thumb Code   142  stm32f4xx_exti.o(.text)
    EXTI_StructInit                          0x08005593   Thumb Code    16  stm32f4xx_exti.o(.text)
    EXTI_GenerateSWInterrupt                 0x080055a3   Thumb Code    16  stm32f4xx_exti.o(.text)
    EXTI_GetFlagStatus                       0x080055b3   Thumb Code    22  stm32f4xx_exti.o(.text)
    EXTI_ClearFlag                           0x080055c9   Thumb Code     8  stm32f4xx_exti.o(.text)
    EXTI_GetITStatus                         0x080055d1   Thumb Code    22  stm32f4xx_exti.o(.text)
    EXTI_ClearITPendingBit                   0x080055e7   Thumb Code     8  stm32f4xx_exti.o(.text)
    GPIO_DeInit                              0x080055f9   Thumb Code   268  stm32f4xx_gpio.o(.text)
    GPIO_Init                                0x08005705   Thumb Code   144  stm32f4xx_gpio.o(.text)
    GPIO_StructInit                          0x08005795   Thumb Code    18  stm32f4xx_gpio.o(.text)
    GPIO_PinLockConfig                       0x080057a7   Thumb Code    34  stm32f4xx_gpio.o(.text)
    GPIO_ReadInputDataBit                    0x080057c9   Thumb Code    18  stm32f4xx_gpio.o(.text)
    GPIO_ReadInputData                       0x080057db   Thumb Code     8  stm32f4xx_gpio.o(.text)
    GPIO_ReadOutputDataBit                   0x080057e3   Thumb Code    18  stm32f4xx_gpio.o(.text)
    GPIO_ReadOutputData                      0x080057f5   Thumb Code     8  stm32f4xx_gpio.o(.text)
    GPIO_SetBits                             0x080057fd   Thumb Code     4  stm32f4xx_gpio.o(.text)
    GPIO_ResetBits                           0x08005801   Thumb Code     4  stm32f4xx_gpio.o(.text)
    GPIO_WriteBit                            0x08005805   Thumb Code    10  stm32f4xx_gpio.o(.text)
    GPIO_Write                               0x0800580f   Thumb Code     4  stm32f4xx_gpio.o(.text)
    GPIO_ToggleBits                          0x08005813   Thumb Code     8  stm32f4xx_gpio.o(.text)
    GPIO_PinAFConfig                         0x0800581b   Thumb Code    70  stm32f4xx_gpio.o(.text)
    RCC_DeInit                               0x0800588d   Thumb Code    82  stm32f4xx_rcc.o(.text)
    RCC_HSEConfig                            0x080058df   Thumb Code    14  stm32f4xx_rcc.o(.text)
    RCC_GetFlagStatus                        0x080058ed   Thumb Code    60  stm32f4xx_rcc.o(.text)
    RCC_WaitForHSEStartUp                    0x08005929   Thumb Code    56  stm32f4xx_rcc.o(.text)
    RCC_AdjustHSICalibrationValue            0x08005961   Thumb Code    20  stm32f4xx_rcc.o(.text)
    RCC_HSICmd                               0x08005975   Thumb Code     6  stm32f4xx_rcc.o(.text)
    RCC_LSEConfig                            0x0800597b   Thumb Code    46  stm32f4xx_rcc.o(.text)
    RCC_LSICmd                               0x080059a9   Thumb Code     6  stm32f4xx_rcc.o(.text)
    RCC_PLLConfig                            0x080059af   Thumb Code    32  stm32f4xx_rcc.o(.text)
    RCC_PLLCmd                               0x080059cf   Thumb Code     6  stm32f4xx_rcc.o(.text)
    RCC_PLLI2SConfig                         0x080059d5   Thumb Code    14  stm32f4xx_rcc.o(.text)
    RCC_PLLI2SCmd                            0x080059e3   Thumb Code     6  stm32f4xx_rcc.o(.text)
    RCC_PLLSAIConfig                         0x080059e9   Thumb Code    20  stm32f4xx_rcc.o(.text)
    RCC_PLLSAICmd                            0x080059fd   Thumb Code     6  stm32f4xx_rcc.o(.text)
    RCC_ClockSecuritySystemCmd               0x08005a03   Thumb Code     6  stm32f4xx_rcc.o(.text)
    RCC_MCO1Config                           0x08005a09   Thumb Code    28  stm32f4xx_rcc.o(.text)
    RCC_MCO2Config                           0x08005a25   Thumb Code    28  stm32f4xx_rcc.o(.text)
    RCC_SYSCLKConfig                         0x08005a41   Thumb Code    20  stm32f4xx_rcc.o(.text)
    RCC_GetSYSCLKSource                      0x08005a55   Thumb Code    12  stm32f4xx_rcc.o(.text)
    RCC_HCLKConfig                           0x08005a61   Thumb Code    20  stm32f4xx_rcc.o(.text)
    RCC_PCLK1Config                          0x08005a75   Thumb Code    20  stm32f4xx_rcc.o(.text)
    RCC_PCLK2Config                          0x08005a89   Thumb Code    22  stm32f4xx_rcc.o(.text)
    RCC_GetClocksFreq                        0x08005a9f   Thumb Code   222  stm32f4xx_rcc.o(.text)
    RCC_RTCCLKConfig                         0x08005b7d   Thumb Code    54  stm32f4xx_rcc.o(.text)
    RCC_RTCCLKCmd                            0x08005bb3   Thumb Code     8  stm32f4xx_rcc.o(.text)
    RCC_BackupResetCmd                       0x08005bbb   Thumb Code     8  stm32f4xx_rcc.o(.text)
    RCC_I2SCLKConfig                         0x08005bc3   Thumb Code     6  stm32f4xx_rcc.o(.text)
    RCC_SAIPLLI2SClkDivConfig                0x08005bc9   Thumb Code    26  stm32f4xx_rcc.o(.text)
    RCC_SAIPLLSAIClkDivConfig                0x08005be3   Thumb Code    28  stm32f4xx_rcc.o(.text)
    RCC_SAIBlockACLKConfig                   0x08005bff   Thumb Code    20  stm32f4xx_rcc.o(.text)
    RCC_SAIBlockBCLKConfig                   0x08005c13   Thumb Code    20  stm32f4xx_rcc.o(.text)
    RCC_LTDCCLKDivConfig                     0x08005c27   Thumb Code    20  stm32f4xx_rcc.o(.text)
    RCC_TIMCLKPresConfig                     0x08005c3b   Thumb Code     6  stm32f4xx_rcc.o(.text)
    RCC_AHB1PeriphClockCmd                   0x08005c41   Thumb Code    34  stm32f4xx_rcc.o(.text)
    RCC_AHB2PeriphClockCmd                   0x08005c63   Thumb Code    78  stm32f4xx_rcc.o(.text)
    RCC_AHB3PeriphClockCmd                   0x08005cb1   Thumb Code    34  stm32f4xx_rcc.o(.text)
    RCC_APB1PeriphClockCmd                   0x08005cd3   Thumb Code    34  stm32f4xx_rcc.o(.text)
    RCC_APB2PeriphClockCmd                   0x08005cf5   Thumb Code    34  stm32f4xx_rcc.o(.text)
    RCC_AHB1PeriphResetCmd                   0x08005d17   Thumb Code    34  stm32f4xx_rcc.o(.text)
    RCC_AHB2PeriphResetCmd                   0x08005d39   Thumb Code    34  stm32f4xx_rcc.o(.text)
    RCC_AHB3PeriphResetCmd                   0x08005d5b   Thumb Code    34  stm32f4xx_rcc.o(.text)
    RCC_APB1PeriphResetCmd                   0x08005d7d   Thumb Code    34  stm32f4xx_rcc.o(.text)
    RCC_APB2PeriphResetCmd                   0x08005d9f   Thumb Code    34  stm32f4xx_rcc.o(.text)
    RCC_AHB1PeriphClockLPModeCmd             0x08005dc1   Thumb Code    34  stm32f4xx_rcc.o(.text)
    RCC_AHB2PeriphClockLPModeCmd             0x08005de3   Thumb Code    34  stm32f4xx_rcc.o(.text)
    RCC_AHB3PeriphClockLPModeCmd             0x08005e05   Thumb Code    34  stm32f4xx_rcc.o(.text)
    RCC_APB1PeriphClockLPModeCmd             0x08005e27   Thumb Code    34  stm32f4xx_rcc.o(.text)
    RCC_APB2PeriphClockLPModeCmd             0x08005e49   Thumb Code    34  stm32f4xx_rcc.o(.text)
    RCC_LSEModeConfig                        0x08005e6b   Thumb Code    40  stm32f4xx_rcc.o(.text)
    RCC_ITConfig                             0x08005e93   Thumb Code    34  stm32f4xx_rcc.o(.text)
    RCC_ClearFlag                            0x08005eb5   Thumb Code    18  stm32f4xx_rcc.o(.text)
    RCC_GetITStatus                          0x08005ec7   Thumb Code    22  stm32f4xx_rcc.o(.text)
    RCC_ClearITPendingBit                    0x08005edd   Thumb Code     8  stm32f4xx_rcc.o(.text)
    SYSCFG_DeInit                            0x08005ee9   Thumb Code    22  stm32f4xx_syscfg.o(.text)
    SYSCFG_MemoryRemapConfig                 0x08005eff   Thumb Code     6  stm32f4xx_syscfg.o(.text)
    SYSCFG_MemorySwappingBank                0x08005f05   Thumb Code     6  stm32f4xx_syscfg.o(.text)
    SYSCFG_EXTILineConfig                    0x08005f0b   Thumb Code    66  stm32f4xx_syscfg.o(.text)
    SYSCFG_ETH_MediaInterfaceConfig          0x08005f4d   Thumb Code     8  stm32f4xx_syscfg.o(.text)
    SYSCFG_CompensationCellCmd               0x08005f55   Thumb Code     6  stm32f4xx_syscfg.o(.text)
    SYSCFG_GetCompensationCellStatus         0x08005f5b   Thumb Code    22  stm32f4xx_syscfg.o(.text)
    TIM_DeInit                               0x08005f7d   Thumb Code   346  stm32f4xx_tim.o(.text)
    TIM_TimeBaseInit                         0x080060d7   Thumb Code   104  stm32f4xx_tim.o(.text)
    TIM_TimeBaseStructInit                   0x0800613f   Thumb Code    18  stm32f4xx_tim.o(.text)
    TIM_PrescalerConfig                      0x08006151   Thumb Code     6  stm32f4xx_tim.o(.text)
    TIM_CounterModeConfig                    0x08006157   Thumb Code    18  stm32f4xx_tim.o(.text)
    TIM_SetCounter                           0x08006169   Thumb Code     4  stm32f4xx_tim.o(.text)
    TIM_SetAutoreload                        0x0800616d   Thumb Code     4  stm32f4xx_tim.o(.text)
    TIM_GetCounter                           0x08006171   Thumb Code     6  stm32f4xx_tim.o(.text)
    TIM_GetPrescaler                         0x08006177   Thumb Code     6  stm32f4xx_tim.o(.text)
    TIM_UpdateDisableConfig                  0x0800617d   Thumb Code    24  stm32f4xx_tim.o(.text)
    TIM_UpdateRequestConfig                  0x08006195   Thumb Code    24  stm32f4xx_tim.o(.text)
    TIM_ARRPreloadConfig                     0x080061ad   Thumb Code    24  stm32f4xx_tim.o(.text)
    TIM_SelectOnePulseMode                   0x080061c5   Thumb Code    18  stm32f4xx_tim.o(.text)
    TIM_SetClockDivision                     0x080061d7   Thumb Code    18  stm32f4xx_tim.o(.text)
    TIM_Cmd                                  0x080061e9   Thumb Code    24  stm32f4xx_tim.o(.text)
    TIM_OC1Init                              0x08006201   Thumb Code   114  stm32f4xx_tim.o(.text)
    TIM_OC2Init                              0x08006273   Thumb Code   154  stm32f4xx_tim.o(.text)
    TIM_OC3Init                              0x0800630d   Thumb Code   204  stm32f4xx_tim.o(.text)
    TIM_OC4Init                              0x080063d9   Thumb Code   112  stm32f4xx_tim.o(.text)
    TIM_OCStructInit                         0x08006449   Thumb Code    20  stm32f4xx_tim.o(.text)
    TIM_SelectOCxM                           0x0800645d   Thumb Code    86  stm32f4xx_tim.o(.text)
    TIM_SetCompare1                          0x080064b3   Thumb Code     4  stm32f4xx_tim.o(.text)
    TIM_SetCompare2                          0x080064b7   Thumb Code     4  stm32f4xx_tim.o(.text)
    TIM_SetCompare3                          0x080064bb   Thumb Code     4  stm32f4xx_tim.o(.text)
    TIM_SetCompare4                          0x080064bf   Thumb Code     4  stm32f4xx_tim.o(.text)
    TIM_ForcedOC1Config                      0x080064c3   Thumb Code    18  stm32f4xx_tim.o(.text)
    TIM_ForcedOC2Config                      0x080064d5   Thumb Code    26  stm32f4xx_tim.o(.text)
    TIM_ForcedOC3Config                      0x080064ef   Thumb Code    18  stm32f4xx_tim.o(.text)
    TIM_ForcedOC4Config                      0x08006501   Thumb Code    26  stm32f4xx_tim.o(.text)
    TIM_OC1PreloadConfig                     0x0800651b   Thumb Code    18  stm32f4xx_tim.o(.text)
    TIM_OC2PreloadConfig                     0x0800652d   Thumb Code    26  stm32f4xx_tim.o(.text)
    TIM_OC3PreloadConfig                     0x08006547   Thumb Code    18  stm32f4xx_tim.o(.text)
    TIM_OC4PreloadConfig                     0x08006559   Thumb Code    26  stm32f4xx_tim.o(.text)
    TIM_OC1FastConfig                        0x08006573   Thumb Code    18  stm32f4xx_tim.o(.text)
    TIM_OC2FastConfig                        0x08006585   Thumb Code    26  stm32f4xx_tim.o(.text)
    TIM_OC3FastConfig                        0x0800659f   Thumb Code    18  stm32f4xx_tim.o(.text)
    TIM_OC4FastConfig                        0x080065b1   Thumb Code    26  stm32f4xx_tim.o(.text)
    TIM_ClearOC1Ref                          0x080065cb   Thumb Code    18  stm32f4xx_tim.o(.text)
    TIM_ClearOC2Ref                          0x080065dd   Thumb Code    24  stm32f4xx_tim.o(.text)
    TIM_ClearOC3Ref                          0x080065f5   Thumb Code    18  stm32f4xx_tim.o(.text)
    TIM_ClearOC4Ref                          0x08006607   Thumb Code    24  stm32f4xx_tim.o(.text)
    TIM_OC1PolarityConfig                    0x0800661f   Thumb Code    18  stm32f4xx_tim.o(.text)
    TIM_OC1NPolarityConfig                   0x08006631   Thumb Code    18  stm32f4xx_tim.o(.text)
    TIM_OC2PolarityConfig                    0x08006643   Thumb Code    26  stm32f4xx_tim.o(.text)
    TIM_OC2NPolarityConfig                   0x0800665d   Thumb Code    26  stm32f4xx_tim.o(.text)
    TIM_OC3PolarityConfig                    0x08006677   Thumb Code    26  stm32f4xx_tim.o(.text)
    TIM_OC3NPolarityConfig                   0x08006691   Thumb Code    26  stm32f4xx_tim.o(.text)
    TIM_OC4PolarityConfig                    0x080066ab   Thumb Code    26  stm32f4xx_tim.o(.text)
    TIM_CCxCmd                               0x080066c5   Thumb Code    30  stm32f4xx_tim.o(.text)
    TIM_CCxNCmd                              0x080066e3   Thumb Code    30  stm32f4xx_tim.o(.text)
    TIM_SetIC4Prescaler                      0x08006701   Thumb Code    26  stm32f4xx_tim.o(.text)
    TIM_SetIC3Prescaler                      0x0800676b   Thumb Code    18  stm32f4xx_tim.o(.text)
    TIM_SetIC2Prescaler                      0x080067c5   Thumb Code    26  stm32f4xx_tim.o(.text)
    TIM_SetIC1Prescaler                      0x08006839   Thumb Code    18  stm32f4xx_tim.o(.text)
    TIM_ICInit                               0x08006885   Thumb Code   110  stm32f4xx_tim.o(.text)
    TIM_ICStructInit                         0x080068f3   Thumb Code    18  stm32f4xx_tim.o(.text)
    TIM_PWMIConfig                           0x08006905   Thumb Code   124  stm32f4xx_tim.o(.text)
    TIM_GetCapture1                          0x08006981   Thumb Code     6  stm32f4xx_tim.o(.text)
    TIM_GetCapture2                          0x08006987   Thumb Code     6  stm32f4xx_tim.o(.text)
    TIM_GetCapture3                          0x0800698d   Thumb Code     6  stm32f4xx_tim.o(.text)
    TIM_GetCapture4                          0x08006993   Thumb Code     6  stm32f4xx_tim.o(.text)
    TIM_BDTRConfig                           0x08006999   Thumb Code    32  stm32f4xx_tim.o(.text)
    TIM_BDTRStructInit                       0x080069b9   Thumb Code    18  stm32f4xx_tim.o(.text)
    TIM_CtrlPWMOutputs                       0x080069cb   Thumb Code    30  stm32f4xx_tim.o(.text)
    TIM_SelectCOM                            0x080069e9   Thumb Code    24  stm32f4xx_tim.o(.text)
    TIM_CCPreloadControl                     0x08006a01   Thumb Code    24  stm32f4xx_tim.o(.text)
    TIM_ITConfig                             0x08006a19   Thumb Code    18  stm32f4xx_tim.o(.text)
    TIM_GenerateEvent                        0x08006a2b   Thumb Code     4  stm32f4xx_tim.o(.text)
    TIM_GetFlagStatus                        0x08006a2f   Thumb Code    18  stm32f4xx_tim.o(.text)
    TIM_ClearFlag                            0x08006a41   Thumb Code     6  stm32f4xx_tim.o(.text)
    TIM_GetITStatus                          0x08006a47   Thumb Code    34  stm32f4xx_tim.o(.text)
    TIM_ClearITPendingBit                    0x08006a69   Thumb Code     6  stm32f4xx_tim.o(.text)
    TIM_DMAConfig                            0x08006a6f   Thumb Code    10  stm32f4xx_tim.o(.text)
    TIM_DMACmd                               0x08006a79   Thumb Code    18  stm32f4xx_tim.o(.text)
    TIM_SelectCCDMA                          0x08006a8b   Thumb Code    24  stm32f4xx_tim.o(.text)
    TIM_InternalClockConfig                  0x08006aa3   Thumb Code    12  stm32f4xx_tim.o(.text)
    TIM_SelectInputTrigger                   0x08006aaf   Thumb Code    18  stm32f4xx_tim.o(.text)
    TIM_ITRxExternalClockConfig              0x08006ac1   Thumb Code    24  stm32f4xx_tim.o(.text)
    TIM_TIxExternalClockConfig               0x08006ad9   Thumb Code    62  stm32f4xx_tim.o(.text)
    TIM_ETRConfig                            0x08006b17   Thumb Code    28  stm32f4xx_tim.o(.text)
    TIM_ETRClockMode1Config                  0x08006b33   Thumb Code    54  stm32f4xx_tim.o(.text)
    TIM_ETRClockMode2Config                  0x08006b69   Thumb Code    32  stm32f4xx_tim.o(.text)
    TIM_SelectOutputTrigger                  0x08006b89   Thumb Code    18  stm32f4xx_tim.o(.text)
    TIM_SelectSlaveMode                      0x08006b9b   Thumb Code    18  stm32f4xx_tim.o(.text)
    TIM_SelectMasterSlaveMode                0x08006bad   Thumb Code    18  stm32f4xx_tim.o(.text)
    TIM_EncoderInterfaceConfig               0x08006bbf   Thumb Code    66  stm32f4xx_tim.o(.text)
    TIM_SelectHallSensor                     0x08006c01   Thumb Code    24  stm32f4xx_tim.o(.text)
    TIM_RemapConfig                          0x08006c19   Thumb Code     6  stm32f4xx_tim.o(.text)
    USART_DeInit                             0x08006c21   Thumb Code   206  stm32f4xx_usart.o(.text)
    USART_Init                               0x08006cef   Thumb Code   204  stm32f4xx_usart.o(.text)
    USART_StructInit                         0x08006dbb   Thumb Code    24  stm32f4xx_usart.o(.text)
    USART_ClockInit                          0x08006dd3   Thumb Code    32  stm32f4xx_usart.o(.text)
    USART_ClockStructInit                    0x08006df3   Thumb Code    12  stm32f4xx_usart.o(.text)
    USART_Cmd                                0x08006dff   Thumb Code    24  stm32f4xx_usart.o(.text)
    USART_SetPrescaler                       0x08006e17   Thumb Code    16  stm32f4xx_usart.o(.text)
    USART_OverSampling8Cmd                   0x08006e27   Thumb Code    22  stm32f4xx_usart.o(.text)
    USART_OneBitMethodCmd                    0x08006e3d   Thumb Code    24  stm32f4xx_usart.o(.text)
    USART_SendData                           0x08006e55   Thumb Code     8  stm32f4xx_usart.o(.text)
    USART_ReceiveData                        0x08006e5d   Thumb Code    10  stm32f4xx_usart.o(.text)
    USART_SetAddress                         0x08006e67   Thumb Code    18  stm32f4xx_usart.o(.text)
    USART_ReceiverWakeUpCmd                  0x08006e79   Thumb Code    24  stm32f4xx_usart.o(.text)
    USART_WakeUpConfig                       0x08006e91   Thumb Code    18  stm32f4xx_usart.o(.text)
    USART_LINBreakDetectLengthConfig         0x08006ea3   Thumb Code    18  stm32f4xx_usart.o(.text)
    USART_LINCmd                             0x08006eb5   Thumb Code    24  stm32f4xx_usart.o(.text)
    USART_SendBreak                          0x08006ecd   Thumb Code    10  stm32f4xx_usart.o(.text)
    USART_HalfDuplexCmd                      0x08006ed7   Thumb Code    24  stm32f4xx_usart.o(.text)
    USART_SetGuardTime                       0x08006eef   Thumb Code    16  stm32f4xx_usart.o(.text)
    USART_SmartCardCmd                       0x08006eff   Thumb Code    24  stm32f4xx_usart.o(.text)
    USART_SmartCardNACKCmd                   0x08006f17   Thumb Code    24  stm32f4xx_usart.o(.text)
    USART_IrDAConfig                         0x08006f2f   Thumb Code    18  stm32f4xx_usart.o(.text)
    USART_IrDACmd                            0x08006f41   Thumb Code    24  stm32f4xx_usart.o(.text)
    USART_DMACmd                             0x08006f59   Thumb Code    18  stm32f4xx_usart.o(.text)
    USART_ITConfig                           0x08006f6b   Thumb Code    74  stm32f4xx_usart.o(.text)
    USART_GetFlagStatus                      0x08006fb5   Thumb Code    26  stm32f4xx_usart.o(.text)
    USART_ClearFlag                          0x08006fcf   Thumb Code    18  stm32f4xx_usart.o(.text)
    USART_GetITStatus                        0x08006fe1   Thumb Code   118  stm32f4xx_usart.o(.text)
    USART_ClearITPendingBit                  0x08007057   Thumb Code    30  stm32f4xx_usart.o(.text)
    delay_init                               0x08007075   Thumb Code    52  delay.o(.text)
    delay_us                                 0x080070a9   Thumb Code    72  delay.o(.text)
    delay_xms                                0x080070f1   Thumb Code    72  delay.o(.text)
    delay_ms                                 0x08007139   Thumb Code    56  delay.o(.text)
    MotorL_PWM1_Init                         0x08007179   Thumb Code   154  motor.o(.text)
    MotorR_PWM2_Init                         0x08007213   Thumb Code   156  motor.o(.text)
    TIM7_Int_Init                            0x080072af   Thumb Code    88  motor.o(.text)
    Motor_GPIO_init                          0x08007307   Thumb Code    50  motor.o(.text)
    TIM7_IRQHandler                          0x08007339   Thumb Code    50  motor.o(.text)
    usart3_init                              0x08007389   Thumb Code   210  truck.o(.text)
    Read_Data                                0x0800745b   Thumb Code   108  truck.o(.text)
    USART3_IRQHandler                        0x080074c7   Thumb Code    40  truck.o(.text)
    TRUCK_GPIO                               0x080074ef   Thumb Code    50  truck.o(.text)
    motor_set                                0x08007521   Thumb Code    46  truck.o(.text)
    SERVO_TIM12_Init                         0x08007569   Thumb Code   152  servo.o(.text)
    SERVO_TIM9_Init                          0x08007601   Thumb Code   150  servo.o(.text)
    SERVO_TIM11_Init                         0x08007697   Thumb Code   152  servo.o(.text)
    SERVO_TIM4_Init                          0x0800772f   Thumb Code   348  servo.o(.text)
    SERVO_TIM3_Init                          0x0800788b   Thumb Code   150  servo.o(.text)
    tcs3200_init                             0x08007941   Thumb Code    62  tcs3200.o(.text)
    WhiteBalance                             0x0800797f   Thumb Code   164  tcs3200.o(.text)
    tcs3200_RED                              0x08007a23   Thumb Code    78  tcs3200.o(.text)
    tcs3200_GREEN                            0x08007a71   Thumb Code    80  tcs3200.o(.text)
    tcs3200_BLUE                             0x08007ac1   Thumb Code    82  tcs3200.o(.text)
    clour_disguish                           0x08007b13   Thumb Code   262  tcs3200.o(.text)
    EXTIX_Init                               0x08007c45   Thumb Code   120  exit.o(.text)
    EXTI3_IRQHandler                         0x08007cbd   Thumb Code    20  exit.o(.text)
    __use_two_region_memory                  0x08007cd9   Thumb Code     2  heapauxi.o(.text)
    __rt_heap_escrow$2region                 0x08007cdb   Thumb Code     2  heapauxi.o(.text)
    __rt_heap_expand$2region                 0x08007cdd   Thumb Code     2  heapauxi.o(.text)
    __user_setup_stackheap                   0x08007cdf   Thumb Code    74  sys_stackheap_outer.o(.text)
    exit                                     0x08007d29   Thumb Code    18  exit.o(.text)
    __user_libspace                          0x08007d3d   Thumb Code     8  libspace.o(.text)
    __user_perproc_libspace                  0x08007d3d   Thumb Code     0  libspace.o(.text)
    __user_perthread_libspace                0x08007d3d   Thumb Code     0  libspace.o(.text)
    _sys_exit                                0x08007d45   Thumb Code     8  sys_exit.o(.text)
    __I$use$semihosting                      0x08007d51   Thumb Code     0  use_no_semi.o(.text)
    __use_no_semihosting_swi                 0x08007d51   Thumb Code     2  use_no_semi.o(.text)
    __aeabi_dneg                             0x08007d53   Thumb Code     0  basic.o(x$fpl$basic)
    __semihosting_library_function           0x08007d53   Thumb Code     0  indicate_semi.o(.text)
    _dneg                                    0x08007d53   Thumb Code     6  basic.o(x$fpl$basic)
    __aeabi_fneg                             0x08007d59   Thumb Code     0  basic.o(x$fpl$basic)
    _fneg                                    0x08007d59   Thumb Code     6  basic.o(x$fpl$basic)
    _dabs                                    0x08007d5f   Thumb Code     6  basic.o(x$fpl$basic)
    _fabs                                    0x08007d65   Thumb Code     6  basic.o(x$fpl$basic)
    __aeabi_dadd                             0x08007d6d   Thumb Code     0  daddsub_clz.o(x$fpl$dadd)
    _dadd                                    0x08007d6d   Thumb Code   332  daddsub_clz.o(x$fpl$dadd)
    __fpl_dcmp_Inf                           0x08007ebd   Thumb Code    24  dcmpi.o(x$fpl$dcmpinf)
    __aeabi_cdcmple                          0x08007ed5   Thumb Code     0  dleqf.o(x$fpl$dleqf)
    _dcmple                                  0x08007ed5   Thumb Code   120  dleqf.o(x$fpl$dleqf)
    __fpl_dcmple_InfNaN                      0x08007f37   Thumb Code     0  dleqf.o(x$fpl$dleqf)
    __fpl_dnaninf                            0x08007f4d   Thumb Code   156  dnaninf.o(x$fpl$dnaninf)
    __fpl_dretinf                            0x08007fe9   Thumb Code    12  dretinf.o(x$fpl$dretinf)
    __aeabi_cdrcmple                         0x08007ff5   Thumb Code     0  drleqf.o(x$fpl$drleqf)
    _drcmple                                 0x08007ff5   Thumb Code   108  drleqf.o(x$fpl$drleqf)
    __aeabi_drsub                            0x08008061   Thumb Code     0  daddsub_clz.o(x$fpl$drsb)
    _drsb                                    0x08008061   Thumb Code    22  daddsub_clz.o(x$fpl$drsb)
    __aeabi_dsub                             0x08008079   Thumb Code     0  daddsub_clz.o(x$fpl$dsub)
    _dsub                                    0x08008079   Thumb Code   464  daddsub_clz.o(x$fpl$dsub)
    _fp_init                                 0x0800824d   Thumb Code    10  fpinit.o(x$fpl$fpinit)
    __fplib_config_fpu_vfp                   0x08008255   Thumb Code     0  fpinit.o(x$fpl$fpinit)
    __fplib_config_pureend_doubles           0x08008255   Thumb Code     0  fpinit.o(x$fpl$fpinit)
    __I$use$fp                               0x08008256   Number         0  usenofp.o(x$fpl$usenofp)
    Region$$Table$$Base                      0x08008258   Number         0  anon$$obj.o(Region$$Table)
    Region$$Table$$Limit                     0x08008278   Number         0  anon$$obj.o(Region$$Table)
    hfm                                      0x20000000   Data           4  main.o(.data)
    hfr                                      0x20000004   Data           4  main.o(.data)
    hfl                                      0x20000008   Data           4  main.o(.data)
    hbm                                      0x2000000c   Data           4  main.o(.data)
    hbr                                      0x20000010   Data           4  main.o(.data)
    hbl                                      0x20000014   Data           4  main.o(.data)
    hd1                                      0x20000018   Data           4  main.o(.data)
    hd2                                      0x2000001c   Data           4  main.o(.data)
    hd3                                      0x20000020   Data           4  main.o(.data)
    hd4                                      0x20000024   Data           4  main.o(.data)
    huidu_flag                               0x20000028   Data           4  main.o(.data)
    stop_flag                                0x2000002c   Data           4  main.o(.data)
    i                                        0x20000030   Data           4  main.o(.data)
    j                                        0x20000034   Data           4  main.o(.data)
    angle                                    0x20000038   Data           4  main.o(.data)
    car_angle                                0x20000040   Data          64  main.o(.data)
    servo_angle0                             0x20000080   Data          12  main.o(.data)
    servo_angle1                             0x2000008c   Data          20  main.o(.data)
    servo_angle2                             0x200000a0   Data          20  main.o(.data)
    SystemCoreClock                          0x200000b4   Data           4  system_stm32f4xx.o(.data)
    AHBPrescTable                            0x200000b8   Data          16  system_stm32f4xx.o(.data)
    tim                                      0x200000e0   Data           8  motor.o(.data)
    USART_RX                                 0x200000e8   Data           3  truck.o(.data)
    Num                                      0x200000eb   Data           1  truck.o(.data)
    Ramount                                  0x200000ec   Data           2  tcs3200.o(.data)
    Gamount                                  0x200000ee   Data           2  tcs3200.o(.data)
    Bamount                                  0x200000f0   Data           2  tcs3200.o(.data)
    amount                                   0x200000f2   Data           2  tcs3200.o(.data)
    flag                                     0x200000f4   Data           2  tcs3200.o(.data)
    R                                        0x200000f6   Data           2  tcs3200.o(.data)
    G                                        0x200000f8   Data           2  tcs3200.o(.data)
    B                                        0x200000fa   Data           2  tcs3200.o(.data)
    color                                    0x200000fc   Data          20  main.o(.bss)
    RGB                                      0x20000110   Data          12  tcs3200.o(.bss)
    __libspace_start                         0x2000011c   Data          96  libspace.o(.bss)
    __temporary_stack_top$libspace           0x2000017c   Data           0  libspace.o(.bss)



==============================================================================

Memory Map of the image

  Image Entry point : 0x08000189

  Load Region LR_IROM1 (Base: 0x08000000, Size: 0x00008374, Max: 0x00080000, ABSOLUTE)

    Execution Region ER_IROM1 (Exec base: 0x08000000, Load base: 0x08000000, Size: 0x00008278, Max: 0x00080000, ABSOLUTE)

    Exec Addr    Load Addr    Size         Type   Attr      Idx    E Section Name        Object

    0x08000000   0x08000000   0x00000188   Data   RO          222    RESET               startup_stm32f40_41xxx.o
    0x08000188   0x08000188   0x00000008   Code   RO         1153  * !!!main             c_w.l(__main.o)
    0x08000190   0x08000190   0x00000034   Code   RO         1331    !!!scatter          c_w.l(__scatter.o)
    0x080001c4   0x080001c4   0x0000001a   Code   RO         1333    !!handler_copy      c_w.l(__scatter_copy.o)
    0x080001de   0x080001de   0x00000002   PAD
    0x080001e0   0x080001e0   0x0000001c   Code   RO         1335    !!handler_zi        c_w.l(__scatter_zi.o)
    0x080001fc   0x080001fc   0x00000002   Code   RO         1199    .ARM.Collect$$libinit$$00000000  c_w.l(libinit.o)
    0x080001fe   0x080001fe   0x00000004   Code   RO         1205    .ARM.Collect$$libinit$$00000001  c_w.l(libinit2.o)
    0x08000202   0x08000202   0x00000000   Code   RO         1208    .ARM.Collect$$libinit$$00000004  c_w.l(libinit2.o)
    0x08000202   0x08000202   0x00000000   Code   RO         1211    .ARM.Collect$$libinit$$0000000A  c_w.l(libinit2.o)
    0x08000202   0x08000202   0x00000000   Code   RO         1213    .ARM.Collect$$libinit$$0000000C  c_w.l(libinit2.o)
    0x08000202   0x08000202   0x00000000   Code   RO         1215    .ARM.Collect$$libinit$$0000000E  c_w.l(libinit2.o)
    0x08000202   0x08000202   0x00000000   Code   RO         1218    .ARM.Collect$$libinit$$00000011  c_w.l(libinit2.o)
    0x08000202   0x08000202   0x00000000   Code   RO         1220    .ARM.Collect$$libinit$$00000013  c_w.l(libinit2.o)
    0x08000202   0x08000202   0x00000000   Code   RO         1222    .ARM.Collect$$libinit$$00000015  c_w.l(libinit2.o)
    0x08000202   0x08000202   0x00000000   Code   RO         1224    .ARM.Collect$$libinit$$00000017  c_w.l(libinit2.o)
    0x08000202   0x08000202   0x00000000   Code   RO         1226    .ARM.Collect$$libinit$$00000019  c_w.l(libinit2.o)
    0x08000202   0x08000202   0x00000000   Code   RO         1228    .ARM.Collect$$libinit$$0000001B  c_w.l(libinit2.o)
    0x08000202   0x08000202   0x00000000   Code   RO         1230    .ARM.Collect$$libinit$$0000001D  c_w.l(libinit2.o)
    0x08000202   0x08000202   0x00000000   Code   RO         1232    .ARM.Collect$$libinit$$0000001F  c_w.l(libinit2.o)
    0x08000202   0x08000202   0x00000000   Code   RO         1234    .ARM.Collect$$libinit$$00000021  c_w.l(libinit2.o)
    0x08000202   0x08000202   0x00000000   Code   RO         1236    .ARM.Collect$$libinit$$00000023  c_w.l(libinit2.o)
    0x08000202   0x08000202   0x00000000   Code   RO         1238    .ARM.Collect$$libinit$$00000025  c_w.l(libinit2.o)
    0x08000202   0x08000202   0x00000000   Code   RO         1242    .ARM.Collect$$libinit$$0000002C  c_w.l(libinit2.o)
    0x08000202   0x08000202   0x00000000   Code   RO         1244    .ARM.Collect$$libinit$$0000002E  c_w.l(libinit2.o)
    0x08000202   0x08000202   0x00000000   Code   RO         1246    .ARM.Collect$$libinit$$00000030  c_w.l(libinit2.o)
    0x08000202   0x08000202   0x00000000   Code   RO         1248    .ARM.Collect$$libinit$$00000032  c_w.l(libinit2.o)
    0x08000202   0x08000202   0x00000002   Code   RO         1249    .ARM.Collect$$libinit$$00000033  c_w.l(libinit2.o)
    0x08000204   0x08000204   0x00000002   Code   RO         1269    .ARM.Collect$$libshutdown$$00000000  c_w.l(libshutdown.o)
    0x08000206   0x08000206   0x00000000   Code   RO         1282    .ARM.Collect$$libshutdown$$00000002  c_w.l(libshutdown2.o)
    0x08000206   0x08000206   0x00000000   Code   RO         1284    .ARM.Collect$$libshutdown$$00000004  c_w.l(libshutdown2.o)
    0x08000206   0x08000206   0x00000000   Code   RO         1286    .ARM.Collect$$libshutdown$$00000006  c_w.l(libshutdown2.o)
    0x08000206   0x08000206   0x00000000   Code   RO         1289    .ARM.Collect$$libshutdown$$00000009  c_w.l(libshutdown2.o)
    0x08000206   0x08000206   0x00000000   Code   RO         1292    .ARM.Collect$$libshutdown$$0000000C  c_w.l(libshutdown2.o)
    0x08000206   0x08000206   0x00000000   Code   RO         1294    .ARM.Collect$$libshutdown$$0000000E  c_w.l(libshutdown2.o)
    0x08000206   0x08000206   0x00000000   Code   RO         1297    .ARM.Collect$$libshutdown$$00000011  c_w.l(libshutdown2.o)
    0x08000206   0x08000206   0x00000002   Code   RO         1298    .ARM.Collect$$libshutdown$$00000012  c_w.l(libshutdown2.o)
    0x08000208   0x08000208   0x00000000   Code   RO         1167    .ARM.Collect$$rtentry$$00000000  c_w.l(__rtentry.o)
    0x08000208   0x08000208   0x00000000   Code   RO         1176    .ARM.Collect$$rtentry$$00000002  c_w.l(__rtentry2.o)
    0x08000208   0x08000208   0x00000006   Code   RO         1188    .ARM.Collect$$rtentry$$00000004  c_w.l(__rtentry4.o)
    0x0800020e   0x0800020e   0x00000000   Code   RO         1178    .ARM.Collect$$rtentry$$00000009  c_w.l(__rtentry2.o)
    0x0800020e   0x0800020e   0x00000004   Code   RO         1179    .ARM.Collect$$rtentry$$0000000A  c_w.l(__rtentry2.o)
    0x08000212   0x08000212   0x00000000   Code   RO         1181    .ARM.Collect$$rtentry$$0000000C  c_w.l(__rtentry2.o)
    0x08000212   0x08000212   0x00000008   Code   RO         1182    .ARM.Collect$$rtentry$$0000000D  c_w.l(__rtentry2.o)
    0x0800021a   0x0800021a   0x00000002   Code   RO         1203    .ARM.Collect$$rtexit$$00000000  c_w.l(rtexit.o)
    0x0800021c   0x0800021c   0x00000000   Code   RO         1251    .ARM.Collect$$rtexit$$00000002  c_w.l(rtexit2.o)
    0x0800021c   0x0800021c   0x00000004   Code   RO         1252    .ARM.Collect$$rtexit$$00000003  c_w.l(rtexit2.o)
    0x08000220   0x08000220   0x00000006   Code   RO         1253    .ARM.Collect$$rtexit$$00000004  c_w.l(rtexit2.o)
    0x08000226   0x08000226   0x00000002   PAD
    0x08000228   0x08000228   0x00004f74   Code   RO            3    .text               main.o
    0x0800519c   0x0800519c   0x0000001a   Code   RO          173    .text               stm32f4xx_it.o
    0x080051b6   0x080051b6   0x00000002   PAD
    0x080051b8   0x080051b8   0x00000210   Code   RO          196    .text               system_stm32f4xx.o
    0x080053c8   0x080053c8   0x00000040   Code   RO          223    .text               startup_stm32f40_41xxx.o
    0x08005408   0x08005408   0x000000e0   Code   RO          229    .text               misc.o
    0x080054e8   0x080054e8   0x00000110   Code   RO          518    .text               stm32f4xx_exti.o
    0x080055f8   0x080055f8   0x00000294   Code   RO          604    .text               stm32f4xx_gpio.o
    0x0800588c   0x0800588c   0x0000065c   Code   RO          767    .text               stm32f4xx_rcc.o
    0x08005ee8   0x08005ee8   0x00000094   Code   RO          892    .text               stm32f4xx_syscfg.o
    0x08005f7c   0x08005f7c   0x00000ca2   Code   RO          912    .text               stm32f4xx_tim.o
    0x08006c1e   0x08006c1e   0x00000002   PAD
    0x08006c20   0x08006c20   0x00000454   Code   RO          932    .text               stm32f4xx_usart.o
    0x08007074   0x08007074   0x00000104   Code   RO          972    .text               delay.o
    0x08007178   0x08007178   0x00000210   Code   RO         1012    .text               motor.o
    0x08007388   0x08007388   0x000001e0   Code   RO         1035    .text               truck.o
    0x08007568   0x08007568   0x000003d8   Code   RO         1079    .text               servo.o
    0x08007940   0x08007940   0x00000304   Code   RO         1099    .text               tcs3200.o
    0x08007c44   0x08007c44   0x00000094   Code   RO         1127    .text               exit.o
    0x08007cd8   0x08007cd8   0x00000006   Code   RO         1151    .text               c_w.l(heapauxi.o)
    0x08007cde   0x08007cde   0x0000004a   Code   RO         1190    .text               c_w.l(sys_stackheap_outer.o)
    0x08007d28   0x08007d28   0x00000012   Code   RO         1192    .text               c_w.l(exit.o)
    0x08007d3a   0x08007d3a   0x00000002   PAD
    0x08007d3c   0x08007d3c   0x00000008   Code   RO         1200    .text               c_w.l(libspace.o)
    0x08007d44   0x08007d44   0x0000000c   Code   RO         1261    .text               c_w.l(sys_exit.o)
    0x08007d50   0x08007d50   0x00000002   Code   RO         1272    .text               c_w.l(use_no_semi.o)
    0x08007d52   0x08007d52   0x00000000   Code   RO         1274    .text               c_w.l(indicate_semi.o)
    0x08007d52   0x08007d52   0x00000018   Code   RO         1155    x$fpl$basic         fz_wm.l(basic.o)
    0x08007d6a   0x08007d6a   0x00000002   PAD
    0x08007d6c   0x08007d6c   0x00000150   Code   RO         1157    x$fpl$dadd          fz_wm.l(daddsub_clz.o)
    0x08007ebc   0x08007ebc   0x00000018   Code   RO         1168    x$fpl$dcmpinf       fz_wm.l(dcmpi.o)
    0x08007ed4   0x08007ed4   0x00000078   Code   RO         1163    x$fpl$dleqf         fz_wm.l(dleqf.o)
    0x08007f4c   0x08007f4c   0x0000009c   Code   RO         1170    x$fpl$dnaninf       fz_wm.l(dnaninf.o)
    0x08007fe8   0x08007fe8   0x0000000c   Code   RO         1172    x$fpl$dretinf       fz_wm.l(dretinf.o)
    0x08007ff4   0x08007ff4   0x0000006c   Code   RO         1165    x$fpl$drleqf        fz_wm.l(drleqf.o)
    0x08008060   0x08008060   0x00000016   Code   RO         1158    x$fpl$drsb          fz_wm.l(daddsub_clz.o)
    0x08008076   0x08008076   0x00000002   PAD
    0x08008078   0x08008078   0x000001d4   Code   RO         1159    x$fpl$dsub          fz_wm.l(daddsub_clz.o)
    0x0800824c   0x0800824c   0x0000000a   Code   RO         1259    x$fpl$fpinit        fz_wm.l(fpinit.o)
    0x08008256   0x08008256   0x00000000   Code   RO         1174    x$fpl$usenofp       fz_wm.l(usenofp.o)
    0x08008256   0x08008256   0x00000002   PAD
    0x08008258   0x08008258   0x00000020   Data   RO         1329    Region$$Table       anon$$obj.o


    Execution Region RW_IRAM1 (Exec base: 0x20000000, Load base: 0x08008278, Size: 0x00000780, Max: 0x00020000, ABSOLUTE)

    Exec Addr    Load Addr    Size         Type   Attr      Idx    E Section Name        Object

    0x20000000   0x08008278   0x000000b4   Data   RW            5    .data               main.o
    0x200000b4   0x0800832c   0x00000014   Data   RW          197    .data               system_stm32f4xx.o
    0x200000c8   0x08008340   0x00000010   Data   RW          768    .data               stm32f4xx_rcc.o
    0x200000d8   0x08008350   0x00000004   Data   RW          973    .data               delay.o
    0x200000dc   0x08008354   0x00000004   PAD
    0x200000e0   0x08008358   0x00000008   Data   RW         1013    .data               motor.o
    0x200000e8   0x08008360   0x00000004   Data   RW         1036    .data               truck.o
    0x200000ec   0x08008364   0x00000010   Data   RW         1101    .data               tcs3200.o
    0x200000fc        -       0x00000014   Zero   RW            4    .bss                main.o
    0x20000110        -       0x0000000c   Zero   RW         1100    .bss                tcs3200.o
    0x2000011c        -       0x00000060   Zero   RW         1201    .bss                c_w.l(libspace.o)
    0x2000017c   0x08008374   0x00000004   PAD
    0x20000180        -       0x00000200   Zero   RW          221    HEAP                startup_stm32f40_41xxx.o
    0x20000380        -       0x00000400   Zero   RW          220    STACK               startup_stm32f40_41xxx.o


==============================================================================

Image component sizes


      Code (inc. data)   RO Data    RW Data    ZI Data      Debug   Object Name

       260          8          0          4          0       1509   delay.o
       148          8          0          0          0        810   exit.o
     20340       1602          0        180         20      66675   main.o
       224         20          0          0          0     233369   misc.o
       528         30          0          8          0       2096   motor.o
       984         32          0          0          0       2592   servo.o
        64         26        392          0       1536        844   startup_stm32f40_41xxx.o
       272         10          0          0          0       2319   stm32f4xx_exti.o
       660         44          0          0          0       4189   stm32f4xx_gpio.o
        26          0          0          0          0       1238   stm32f4xx_it.o
      1628         52          0         16          0      13080   stm32f4xx_rcc.o
       148         12          0          0          0       1861   stm32f4xx_syscfg.o
      3234         60          0          0          0      23044   stm32f4xx_tim.o
      1108         34          0          0          0       7912   stm32f4xx_usart.o
       528         46          0         20          0       1823   system_stm32f4xx.o
       772         44          0         16         12       2804   tcs3200.o
       480         26          0          4          0       2350   truck.o

    ----------------------------------------------------------------------
     31408       2054        424        252       1568     368515   Object Totals
         0          0         32          0          0          0   (incl. Generated)
         4          0          0          4          0          0   (incl. Padding)

    ----------------------------------------------------------------------

      Code (inc. data)   RO Data    RW Data    ZI Data      Debug   Library Member Name

         8          0          0          0          0         68   __main.o
         0          0          0          0          0          0   __rtentry.o
        12          0          0          0          0          0   __rtentry2.o
         6          0          0          0          0          0   __rtentry4.o
        52          8          0          0          0          0   __scatter.o
        26          0          0          0          0          0   __scatter_copy.o
        28          0          0          0          0          0   __scatter_zi.o
        18          0          0          0          0         80   exit.o
         6          0          0          0          0        152   heapauxi.o
         0          0          0          0          0          0   indicate_semi.o
         2          0          0          0          0          0   libinit.o
         6          0          0          0          0          0   libinit2.o
         2          0          0          0          0          0   libshutdown.o
         2          0          0          0          0          0   libshutdown2.o
         8          4          0          0         96         68   libspace.o
         2          0          0          0          0          0   rtexit.o
        10          0          0          0          0          0   rtexit2.o
        12          4          0          0          0         68   sys_exit.o
        74          0          0          0          0         80   sys_stackheap_outer.o
         2          0          0          0          0         68   use_no_semi.o
        24          0          0          0          0        164   basic.o
       826         16          0          0          0        492   daddsub_clz.o
        24          0          0          0          0        116   dcmpi.o
       120          4          0          0          0        140   dleqf.o
       156          4          0          0          0        140   dnaninf.o
        12          0          0          0          0        116   dretinf.o
       108          0          0          0          0        128   drleqf.o
        10          0          0          0          0        116   fpinit.o
         0          0          0          0          0          0   usenofp.o

    ----------------------------------------------------------------------
      1568         40          0          0        100       1996   Library Totals
        12          0          0          0          4          0   (incl. Padding)

    ----------------------------------------------------------------------

      Code (inc. data)   RO Data    RW Data    ZI Data      Debug   Library Name

       276         16          0          0         96        584   c_w.l
      1280         24          0          0          0       1412   fz_wm.l

    ----------------------------------------------------------------------
      1568         40          0          0        100       1996   Library Totals

    ----------------------------------------------------------------------

==============================================================================


      Code (inc. data)   RO Data    RW Data    ZI Data      Debug   

     32976       2094        424        252       1668     366555   Grand Totals
     32976       2094        424        252       1668     366555   ELF Image Totals
     32976       2094        424        252          0          0   ROM Totals

==============================================================================

    Total RO  Size (Code + RO Data)                33400 (  32.62kB)
    Total RW  Size (RW Data + ZI Data)              1920 (   1.88kB)
    Total ROM Size (Code + RO Data + RW Data)      33652 (  32.86kB)

==============================================================================

