Component: ARM Compiler 5.05 update 1 (build 106) Tool: armlink [4d0efa]

==============================================================================

Section Cross References

    startup_stm32f427xx.o(RESET) refers to startup_stm32f427xx.o(STACK) for __initial_sp
    startup_stm32f427xx.o(RESET) refers to startup_stm32f427xx.o(.text) for Reset_Handler
    startup_stm32f427xx.o(RESET) refers to stm32f4xx_it.o(i.NMI_Handler) for NMI_Handler
    startup_stm32f427xx.o(RESET) refers to stm32f4xx_it.o(i.HardFault_Handler) for HardFault_Handler
    startup_stm32f427xx.o(RESET) refers to stm32f4xx_it.o(i.MemManage_Handler) for MemManage_Handler
    startup_stm32f427xx.o(RESET) refers to stm32f4xx_it.o(i.BusFault_Handler) for BusFault_Handler
    startup_stm32f427xx.o(RESET) refers to stm32f4xx_it.o(i.UsageFault_Handler) for UsageFault_Handler
    startup_stm32f427xx.o(RESET) refers to port.o(.emb_text) for SVC_Handler
    startup_stm32f427xx.o(RESET) refers to stm32f4xx_it.o(i.DebugMon_Handler) for DebugMon_Handler
    startup_stm32f427xx.o(RESET) refers to freertos_middleware.o(i.SysTick_Handler) for SysTick_Handler
    startup_stm32f427xx.o(RESET) refers to can_receive.o(i.CAN1_RX0_IRQHandler) for CAN1_RX0_IRQHandler
    startup_stm32f427xx.o(RESET) refers to ins_task.o(i.EXTI9_5_IRQHandler) for EXTI9_5_IRQHandler
    startup_stm32f427xx.o(RESET) refers to freertos_middleware.o(i.TIM3_IRQHandler) for TIM3_IRQHandler
    startup_stm32f427xx.o(RESET) refers to remote_control.o(i.USART1_IRQHandler) for USART1_IRQHandler
    startup_stm32f427xx.o(RESET) refers to can_receive.o(i.TIM6_DAC_IRQHandler) for TIM6_DAC_IRQHandler
    startup_stm32f427xx.o(RESET) refers to can_receive.o(i.CAN2_RX0_IRQHandler) for CAN2_RX0_IRQHandler
    startup_stm32f427xx.o(RESET) refers to ins_task.o(i.DMA2_Stream5_IRQHandler) for DMA2_Stream5_IRQHandler
    startup_stm32f427xx.o(.text) refers to system_stm32f4xx.o(i.SystemInit) for SystemInit
    startup_stm32f427xx.o(.text) refers to entry.o(.ARM.Collect$$$$00000000) for __main
    system_stm32f4xx.o(i.SystemCoreClockUpdate) refers to system_stm32f4xx.o(.data) for SystemCoreClock
    system_stm32f4xx.o(i.SystemInit) refers to system_stm32f4xx.o(i.SetSysClock) for SetSysClock
    stm32f4xx_adc.o(i.ADC_DeInit) refers to stm32f4xx_rcc.o(i.RCC_APB2PeriphResetCmd) for RCC_APB2PeriphResetCmd
    stm32f4xx_can.o(i.CAN_DeInit) refers to stm32f4xx_rcc.o(i.RCC_APB1PeriphResetCmd) for RCC_APB1PeriphResetCmd
    stm32f4xx_can.o(i.CAN_GetITStatus) refers to stm32f4xx_can.o(i.CheckITStatus) for CheckITStatus
    stm32f4xx_cryp.o(i.CRYP_DeInit) refers to stm32f4xx_rcc.o(i.RCC_AHB2PeriphResetCmd) for RCC_AHB2PeriphResetCmd
    stm32f4xx_cryp_aes.o(i.CRYP_AES_CBC) refers to stm32f4xx_cryp.o(i.CRYP_KeyStructInit) for CRYP_KeyStructInit
    stm32f4xx_cryp_aes.o(i.CRYP_AES_CBC) refers to stm32f4xx_cryp.o(i.CRYP_FIFOFlush) for CRYP_FIFOFlush
    stm32f4xx_cryp_aes.o(i.CRYP_AES_CBC) refers to stm32f4xx_cryp.o(i.CRYP_Init) for CRYP_Init
    stm32f4xx_cryp_aes.o(i.CRYP_AES_CBC) refers to stm32f4xx_cryp.o(i.CRYP_KeyInit) for CRYP_KeyInit
    stm32f4xx_cryp_aes.o(i.CRYP_AES_CBC) refers to stm32f4xx_cryp.o(i.CRYP_Cmd) for CRYP_Cmd
    stm32f4xx_cryp_aes.o(i.CRYP_AES_CBC) refers to stm32f4xx_cryp.o(i.CRYP_GetFlagStatus) for CRYP_GetFlagStatus
    stm32f4xx_cryp_aes.o(i.CRYP_AES_CBC) refers to stm32f4xx_cryp.o(i.CRYP_IVInit) for CRYP_IVInit
    stm32f4xx_cryp_aes.o(i.CRYP_AES_CBC) refers to stm32f4xx_cryp.o(i.CRYP_GetCmdStatus) for CRYP_GetCmdStatus
    stm32f4xx_cryp_aes.o(i.CRYP_AES_CBC) refers to stm32f4xx_cryp.o(i.CRYP_DataIn) for CRYP_DataIn
    stm32f4xx_cryp_aes.o(i.CRYP_AES_CBC) refers to stm32f4xx_cryp.o(i.CRYP_DataOut) for CRYP_DataOut
    stm32f4xx_cryp_aes.o(i.CRYP_AES_CCM) refers to stm32f4xx_cryp.o(i.CRYP_KeyStructInit) for CRYP_KeyStructInit
    stm32f4xx_cryp_aes.o(i.CRYP_AES_CCM) refers to stm32f4xx_cryp.o(i.CRYP_FIFOFlush) for CRYP_FIFOFlush
    stm32f4xx_cryp_aes.o(i.CRYP_AES_CCM) refers to stm32f4xx_cryp.o(i.CRYP_KeyInit) for CRYP_KeyInit
    stm32f4xx_cryp_aes.o(i.CRYP_AES_CCM) refers to stm32f4xx_cryp.o(i.CRYP_IVInit) for CRYP_IVInit
    stm32f4xx_cryp_aes.o(i.CRYP_AES_CCM) refers to stm32f4xx_cryp.o(i.CRYP_Init) for CRYP_Init
    stm32f4xx_cryp_aes.o(i.CRYP_AES_CCM) refers to stm32f4xx_cryp.o(i.CRYP_PhaseConfig) for CRYP_PhaseConfig
    stm32f4xx_cryp_aes.o(i.CRYP_AES_CCM) refers to stm32f4xx_cryp.o(i.CRYP_DataIn) for CRYP_DataIn
    stm32f4xx_cryp_aes.o(i.CRYP_AES_CCM) refers to stm32f4xx_cryp.o(i.CRYP_Cmd) for CRYP_Cmd
    stm32f4xx_cryp_aes.o(i.CRYP_AES_CCM) refers to stm32f4xx_cryp.o(i.CRYP_GetCmdStatus) for CRYP_GetCmdStatus
    stm32f4xx_cryp_aes.o(i.CRYP_AES_CCM) refers to stm32f4xx_cryp.o(i.CRYP_GetFlagStatus) for CRYP_GetFlagStatus
    stm32f4xx_cryp_aes.o(i.CRYP_AES_CCM) refers to stm32f4xx_cryp.o(i.CRYP_DataOut) for CRYP_DataOut
    stm32f4xx_cryp_aes.o(i.CRYP_AES_CTR) refers to stm32f4xx_cryp.o(i.CRYP_KeyStructInit) for CRYP_KeyStructInit
[...]
    DMA1_Stream1_IRQHandler                  0x0800029d   Thumb Code     0  startup_stm32f427xx.o(.text)
    DMA1_Stream2_IRQHandler                  0x0800029d   Thumb Code     0  startup_stm32f427xx.o(.text)
    DMA1_Stream3_IRQHandler                  0x0800029d   Thumb Code     0  startup_stm32f427xx.o(.text)
    DMA1_Stream4_IRQHandler                  0x0800029d   Thumb Code     0  startup_stm32f427xx.o(.text)
    DMA1_Stream5_IRQHandler                  0x0800029d   Thumb Code     0  startup_stm32f427xx.o(.text)
    DMA1_Stream6_IRQHandler                  0x0800029d   Thumb Code     0  startup_stm32f427xx.o(.text)
    DMA1_Stream7_IRQHandler                  0x0800029d   Thumb Code     0  startup_stm32f427xx.o(.text)
    DMA2D_IRQHandler                         0x0800029d   Thumb Code     0  startup_stm32f427xx.o(.text)
    DMA2_Stream0_IRQHandler                  0x0800029d   Thumb Code     0  startup_stm32f427xx.o(.text)
    DMA2_Stream1_IRQHandler                  0x0800029d   Thumb Code     0  startup_stm32f427xx.o(.text)
    DMA2_Stream2_IRQHandler                  0x0800029d   Thumb Code     0  startup_stm32f427xx.o(.text)
    DMA2_Stream3_IRQHandler                  0x0800029d   Thumb Code     0  startup_stm32f427xx.o(.text)
    DMA2_Stream4_IRQHandler                  0x0800029d   Thumb Code     0  startup_stm32f427xx.o(.text)
    DMA2_Stream6_IRQHandler                  0x0800029d   Thumb Code     0  startup_stm32f427xx.o(.text)
    DMA2_Stream7_IRQHandler                  0x0800029d   Thumb Code     0  startup_stm32f427xx.o(.text)
    ETH_IRQHandler                           0x0800029d   Thumb Code     0  startup_stm32f427xx.o(.text)
    ETH_WKUP_IRQHandler                      0x0800029d   Thumb Code     0  startup_stm32f427xx.o(.text)
    EXTI0_IRQHandler                         0x0800029d   Thumb Code     0  startup_stm32f427xx.o(.text)
    EXTI15_10_IRQHandler                     0x0800029d   Thumb Code     0  startup_stm32f427xx.o(.text)
    EXTI1_IRQHandler                         0x0800029d   Thumb Code     0  startup_stm32f427xx.o(.text)
    EXTI2_IRQHandler                         0x0800029d   Thumb Code     0  startup_stm32f427xx.o(.text)
    EXTI3_IRQHandler                         0x0800029d   Thumb Code     0  startup_stm32f427xx.o(.text)
    EXTI4_IRQHandler                         0x0800029d   Thumb Code     0  startup_stm32f427xx.o(.text)
    FLASH_IRQHandler                         0x0800029d   Thumb Code     0  startup_stm32f427xx.o(.text)
    FMC_IRQHandler                           0x0800029d   Thumb Code     0  startup_stm32f427xx.o(.text)
    FPU_IRQHandler                           0x0800029d   Thumb Code     0  startup_stm32f427xx.o(.text)
    HASH_RNG_IRQHandler                      0x0800029d   Thumb Code     0  startup_stm32f427xx.o(.text)
    I2C1_ER_IRQHandler                       0x0800029d   Thumb Code     0  startup_stm32f427xx.o(.text)
    I2C1_EV_IRQHandler                       0x0800029d   Thumb Code     0  startup_stm32f427xx.o(.text)
    I2C2_ER_IRQHandler                       0x0800029d   Thumb Code     0  startup_stm32f427xx.o(.text)
    I2C2_EV_IRQHandler                       0x0800029d   Thumb Code     0  startup_stm32f427xx.o(.text)
    I2C3_ER_IRQHandler                       0x0800029d   Thumb Code     0  startup_stm32f427xx.o(.text)
    I2C3_EV_IRQHandler                       0x0800029d   Thumb Code     0  startup_stm32f427xx.o(.text)
    OTG_FS_IRQHandler                        0x0800029d   Thumb Code     0  startup_stm32f427xx.o(.text)
    OTG_FS_WKUP_IRQHandler                   0x0800029d   Thumb Code     0  startup_stm32f427xx.o(.text)
    OTG_HS_EP1_IN_IRQHandler                 0x0800029d   Thumb Code     0  startup_stm32f427xx.o(.text)
    OTG_HS_EP1_OUT_IRQHandler                0x0800029d   Thumb Code     0  startup_stm32f427xx.o(.text)
    OTG_HS_IRQHandler                        0x0800029d   Thumb Code     0  startup_stm32f427xx.o(.text)
    OTG_HS_WKUP_IRQHandler                   0x0800029d   Thumb Code     0  startup_stm32f427xx.o(.text)
    PVD_IRQHandler                           0x0800029d   Thumb Code     0  startup_stm32f427xx.o(.text)
    RCC_IRQHandler                           0x0800029d   Thumb Code     0  startup_stm32f427xx.o(.text)
    RTC_Alarm_IRQHandler                     0x0800029d   Thumb Code     0  startup_stm32f427xx.o(.text)
    RTC_WKUP_IRQHandler                      0x0800029d   Thumb Code     0  startup_stm32f427xx.o(.text)
    SAI1_IRQHandler                          0x0800029d   Thumb Code     0  startup_stm32f427xx.o(.text)
    SDIO_IRQHandler                          0x0800029d   Thumb Code     0  startup_stm32f427xx.o(.text)
    SPI1_IRQHandler                          0x0800029d   Thumb Code     0  startup_stm32f427xx.o(.text)
    SPI2_IRQHandler                          0x0800029d   Thumb Code     0  startup_stm32f427xx.o(.text)
    SPI3_IRQHandler                          0x0800029d   Thumb Code     0  startup_stm32f427xx.o(.text)
    SPI4_IRQHandler                          0x0800029d   Thumb Code     0  startup_stm32f427xx.o(.text)
    SPI5_IRQHandler                          0x0800029d   Thumb Code     0  startup_stm32f427xx.o(.text)
    SPI6_IRQHandler                          0x0800029d   Thumb Code     0  startup_stm32f427xx.o(.text)
    TAMP_STAMP_IRQHandler                    0x0800029d   Thumb Code     0  startup_stm32f427xx.o(.text)
    TIM1_BRK_TIM9_IRQHandler                 0x0800029d   Thumb Code     0  startup_stm32f427xx.o(.text)
    TIM1_CC_IRQHandler                       0x0800029d   Thumb Code     0  startup_stm32f427xx.o(.text)
    TIM1_TRG_COM_TIM11_IRQHandler            0x0800029d   Thumb Code     0  startup_stm32f427xx.o(.text)
    TIM1_UP_TIM10_IRQHandler                 0x0800029d   Thumb Code     0  startup_stm32f427xx.o(.text)
    TIM2_IRQHandler                          0x0800029d   Thumb Code     0  startup_stm32f427xx.o(.text)
    TIM4_IRQHandler                          0x0800029d   Thumb Code     0  startup_stm32f427xx.o(.text)
    TIM5_IRQHandler                          0x0800029d   Thumb Code     0  startup_stm32f427xx.o(.text)
    TIM7_IRQHandler                          0x0800029d   Thumb Code     0  startup_stm32f427xx.o(.text)
    TIM8_BRK_TIM12_IRQHandler                0x0800029d   Thumb Code     0  startup_stm32f427xx.o(.text)
    TIM8_CC_IRQHandler                       0x0800029d   Thumb Code     0  startup_stm32f427xx.o(.text)
    TIM8_TRG_COM_TIM14_IRQHandler            0x0800029d   Thumb Code     0  startup_stm32f427xx.o(.text)
    TIM8_UP_TIM13_IRQHandler                 0x0800029d   Thumb Code     0  startup_stm32f427xx.o(.text)
    UART4_IRQHandler                         0x0800029d   Thumb Code     0  startup_stm32f427xx.o(.text)
    UART5_IRQHandler                         0x0800029d   Thumb Code     0  startup_stm32f427xx.o(.text)
    UART7_IRQHandler                         0x0800029d   Thumb Code     0  startup_stm32f427xx.o(.text)
    UART8_IRQHandler                         0x0800029d   Thumb Code     0  startup_stm32f427xx.o(.text)
    USART2_IRQHandler                        0x0800029d   Thumb Code     0  startup_stm32f427xx.o(.text)
    USART3_IRQHandler                        0x0800029d   Thumb Code     0  startup_stm32f427xx.o(.text)
    USART6_IRQHandler                        0x0800029d   Thumb Code     0  startup_stm32f427xx.o(.text)
    WWDG_IRQHandler                          0x0800029d   Thumb Code     0  startup_stm32f427xx.o(.text)
    arm_cos_f32                              0x080002ad   Thumb Code   108  arm_cos_f32.o(.text)
    arm_sin_f32                              0x08000325   Thumb Code   104  arm_sin_f32.o(.text)
    __aeabi_memcpy                           0x08000399   Thumb Code    36  memcpya.o(.text)
    __aeabi_memcpy4                          0x08000399   Thumb Code     0  memcpya.o(.text)
    __aeabi_memcpy8                          0x08000399   Thumb Code     0  memcpya.o(.text)
    __aeabi_memset                           0x080003bd   Thumb Code    14  memseta.o(.text)
    __aeabi_memset4                          0x080003bd   Thumb Code     0  memseta.o(.text)
    __aeabi_memset8                          0x080003bd   Thumb Code     0  memseta.o(.text)
    __aeabi_memclr                           0x080003cb   Thumb Code     4  memseta.o(.text)
    __aeabi_memclr4                          0x080003cb   Thumb Code     0  memseta.o(.text)
    __aeabi_memclr8                          0x080003cb   Thumb Code     0  memseta.o(.text)
    _memset$wrapper                          0x080003cf   Thumb Code    18  memseta.o(.text)
    strlen                                   0x080003e1   Thumb Code    14  strlen.o(.text)
    __aeabi_f2d                              0x080003ef   Thumb Code    38  f2d.o(.text)
    __aeabi_cdcmpeq                          0x08000415   Thumb Code     0  cdcmple.o(.text)
    __aeabi_cdcmple                          0x08000415   Thumb Code    48  cdcmple.o(.text)
    __aeabi_cdrcmple                         0x08000445   Thumb Code    48  cdrcmple.o(.text)
    __aeabi_d2f                              0x08000475   Thumb Code    56  d2f.o(.text)
    __I$use$fp                               0x080004ad   Thumb Code     0  iusefp.o(.text)
    _float_round                             0x080004ad   Thumb Code    18  fepilogue.o(.text)
    _float_epilogue                          0x080004bf   Thumb Code    92  fepilogue.o(.text)
    __scatterload                            0x0800051d   Thumb Code    28  init.o(.text)
    __scatterload_rt2                        0x0800051d   Thumb Code     0  init.o(.text)
    __decompress                             0x08000541   Thumb Code     0  __dczerorl2.o(.text)
    __decompress1                            0x08000541   Thumb Code    86  __dczerorl2.o(.text)
    ADC_ClearFlag                            0x08000597   Thumb Code     6  stm32f4xx_adc.o(i.ADC_ClearFlag)
    ADC_Cmd                                  0x0800059d   Thumb Code    22  stm32f4xx_adc.o(i.ADC_Cmd)
    ADC_CommonInit                           0x080005b5   Thumb Code    34  stm32f4xx_adc.o(i.ADC_CommonInit)
    ADC_GetConversionValue                   0x080005e5   Thumb Code     8  stm32f4xx_adc.o(i.ADC_GetConversionValue)
    ADC_GetFlagStatus                        0x080005ed   Thumb Code    18  stm32f4xx_adc.o(i.ADC_GetFlagStatus)
    ADC_Init                                 0x08000601   Thumb Code    74  stm32f4xx_adc.o(i.ADC_Init)
    ADC_RegularChannelConfig                 0x08000655   Thumb Code   184  stm32f4xx_adc.o(i.ADC_RegularChannelConfig)
    ADC_SoftwareStartConv                    0x0800070d   Thumb Code    10  stm32f4xx_adc.o(i.ADC_SoftwareStartConv)
    ADC_TempSensorVrefintCmd                 0x08000719   Thumb Code    34  stm32f4xx_adc.o(i.ADC_TempSensorVrefintCmd)
    AHRS_asinf                               0x08000745   Thumb Code    24  ahrs_middleware_1.o(i.AHRS_asinf)
    AHRS_atan2f                              0x0800075d   Thumb Code    32  ahrs_middleware_1.o(i.AHRS_atan2f)
    AHRS_cosf                                0x0800077d   Thumb Code    24  ahrs_middleware_1.o(i.AHRS_cosf)
    AHRS_get_height                          0x080007b1   Thumb Code    12  ahrs_middleware_1.o(i.AHRS_get_height)
    AHRS_get_latitude                        0x080007c1   Thumb Code    12  ahrs_middleware_1.o(i.AHRS_get_latitude)
    AHRS_init                                0x080007d1   Thumb Code   626  ahrs.o(i.AHRS_init)
    AHRS_invSqrt                             0x08000a6d   Thumb Code    56  ahrs_middleware_1.o(i.AHRS_invSqrt)
    AHRS_sinf                                0x08000aa9   Thumb Code    24  ahrs_middleware_1.o(i.AHRS_sinf)
    AHRS_update                              0x08000ac1   Thumb Code   314  ahrs.o(i.AHRS_update)
    BSP_init                                 0x08000bfb   Thumb Code   112  main.o(i.BSP_init)
    BusFault_Handler                         0x08000c6b   Thumb Code     4  stm32f4xx_it.o(i.BusFault_Handler)
    CAN1_RX0_IRQHandler                      0x08000c71   Thumb Code    38  can_receive.o(i.CAN1_RX0_IRQHandler)
    CAN1_mode_init                           0x08000ca1   Thumb Code   264  can.o(i.CAN1_mode_init)
    CAN2_RX0_IRQHandler                      0x08000db1   Thumb Code    38  can_receive.o(i.CAN2_RX0_IRQHandler)
    CAN2_mode_init                           0x08000de1   Thumb Code   268  can.o(i.CAN2_mode_init)
    CAN_CMD_GIMBAL                           0x08000ef5   Thumb Code    68  can_receive.o(i.CAN_CMD_GIMBAL)
    CAN_CMD_cap                              0x08000f41   Thumb Code    90  can_receive.o(i.CAN_CMD_cap)
    CAN_ClearITPendingBit                    0x08000fa1   Thumb Code   162  stm32f4xx_can.o(i.CAN_ClearITPendingBit)
    CAN_FilterInit                           0x08001049   Thumb Code   258  stm32f4xx_can.o(i.CAN_FilterInit)
    CAN_GetITStatus                          0x08001151   Thumb Code   284  stm32f4xx_can.o(i.CAN_GetITStatus)
    CAN_ITConfig                             0x08001271   Thumb Code    18  stm32f4xx_can.o(i.CAN_ITConfig)
    CAN_Init                                 0x08001283   Thumb Code   276  stm32f4xx_can.o(i.CAN_Init)
    CAN_Receive                              0x08001397   Thumb Code   240  stm32f4xx_can.o(i.CAN_Receive)
    CAN_Transmit                             0x08001487   Thumb Code   294  stm32f4xx_can.o(i.CAN_Transmit)
    DMA2_Stream5_IRQHandler                  0x08001781   Thumb Code    66  ins_task.o(i.DMA2_Stream5_IRQHandler)
    DMA_ClearFlag                            0x080017d9   Thumb Code    38  stm32f4xx_dma.o(i.DMA_ClearFlag)
    DMA_Cmd                                  0x0800180d   Thumb Code    22  stm32f4xx_dma.o(i.DMA_Cmd)
    DMA_DeInit                               0x08001825   Thumb Code   324  stm32f4xx_dma.o(i.DMA_DeInit)
    DMA_DoubleBufferModeCmd                  0x0800197d   Thumb Code    22  stm32f4xx_dma.o(i.DMA_DoubleBufferModeCmd)
    DMA_DoubleBufferModeConfig               0x08001993   Thumb Code    24  stm32f4xx_dma.o(i.DMA_DoubleBufferModeConfig)
    DMA_GetCmdStatus                         0x080019ab   Thumb Code    20  stm32f4xx_dma.o(i.DMA_GetCmdStatus)
    DMA_GetCurrDataCounter                   0x080019bf   Thumb Code     8  stm32f4xx_dma.o(i.DMA_GetCurrDataCounter)
    DMA_GetCurrentMemoryTarget               0x080019c7   Thumb Code    20  stm32f4xx_dma.o(i.DMA_GetCurrentMemoryTarget)
    DMA_GetFlagStatus                        0x080019dd   Thumb Code    54  stm32f4xx_dma.o(i.DMA_GetFlagStatus)
    DMA_ITConfig                             0x08001a21   Thumb Code    58  stm32f4xx_dma.o(i.DMA_ITConfig)
    DMA_Init                                 0x08001a5d   Thumb Code    82  stm32f4xx_dma.o(i.DMA_Init)
    DMA_SetCurrDataCounter                   0x08001ab5   Thumb Code     4  stm32f4xx_dma.o(i.DMA_SetCurrDataCounter)
    DebugMon_Handler                         0x08001ab9   Thumb Code     2  stm32f4xx_it.o(i.DebugMon_Handler)
    EXTI9_5_IRQHandler                       0x08001abb   Thumb Code    32  ins_task.o(i.EXTI9_5_IRQHandler)
    EXTI_ClearITPendingBit                   0x08001add   Thumb Code     6  stm32f4xx_exti.o(i.EXTI_ClearITPendingBit)
    EXTI_GetITStatus                         0x08001ae9   Thumb Code    20  stm32f4xx_exti.o(i.EXTI_GetITStatus)
    EXTI_Init                                0x08001b01   Thumb Code   142  stm32f4xx_exti.o(i.EXTI_Init)
    FLASH_ClearFlag                          0x08001b95   Thumb Code     6  stm32f4xx_flash.o(i.FLASH_ClearFlag)
    FLASH_EraseSector                        0x08001ba1   Thumb Code   130  stm32f4xx_flash.o(i.FLASH_EraseSector)
    FLASH_GetStatus                          0x08001c29   Thumb Code    80  stm32f4xx_flash.o(i.FLASH_GetStatus)
    FLASH_Lock                               0x08001c7d   Thumb Code    14  stm32f4xx_flash.o(i.FLASH_Lock)
    FLASH_ProgramWord                        0x08001c91   Thumb Code    74  stm32f4xx_flash.o(i.FLASH_ProgramWord)
    FLASH_Unlock                             0x08001ce1   Thumb Code    24  stm32f4xx_flash.o(i.FLASH_Unlock)
    FLASH_WaitForLastOperation               0x08001d05   Thumb Code    34  stm32f4xx_flash.o(i.FLASH_WaitForLastOperation)
    GIMBAL_task                              0x0800230d   Thumb Code   122  gimbal_task.o(i.GIMBAL_task)
    GPIOB_Exti8_GPIO_Init                    0x0800239d   Thumb Code   130  exit_init.o(i.GPIOB_Exti8_GPIO_Init)
    GPIO_Init                                0x08002425   Thumb Code   144  stm32f4xx_gpio.o(i.GPIO_Init)
    GPIO_PinAFConfig                         0x080024b5   Thumb Code    70  stm32f4xx_gpio.o(i.GPIO_PinAFConfig)
    GPIO_ResetBits                           0x080024fb   Thumb Code     4  stm32f4xx_gpio.o(i.GPIO_ResetBits)
    GPIO_SetBits                             0x080024ff   Thumb Code     4  stm32f4xx_gpio.o(i.GPIO_SetBits)
    HardFault_Handler                        0x080028d9   Thumb Code     4  stm32f4xx_it.o(i.HardFault_Handler)
    INSTask                                  0x08002ac9   Thumb Code   694  ins_task.o(i.INSTask)
    INS_cali_gyro                            0x08002de9   Thumb Code    96  ins_task.o(i.INS_cali_gyro)
    INS_set_cali_gyro                        0x08002e5d   Thumb Code    28  ins_task.o(i.INS_set_cali_gyro)
    MemManage_Handler                        0x08002e7d   Thumb Code     4  stm32f4xx_it.o(i.MemManage_Handler)
    NMI_Handler                              0x08002e81   Thumb Code     2  stm32f4xx_it.o(i.NMI_Handler)
    NVIC_Init                                0x08002e85   Thumb Code   106  misc.o(i.NVIC_Init)
    NVIC_PriorityGroupConfig                 0x08002efd   Thumb Code    10  misc.o(i.NVIC_PriorityGroupConfig)
    PID_Calc                                 0x08002f11   Thumb Code   492  pid.o(i.PID_Calc)
    PID_Init                                 0x08003101   Thumb Code    92  pid.o(i.PID_Init)
    PID_clear                                0x08003161   Thumb Code    72  pid.o(i.PID_clear)
    RCC_AHB1PeriphClockCmd                   0x080031ad   Thumb Code    26  stm32f4xx_rcc.o(i.RCC_AHB1PeriphClockCmd)
    RCC_APB1PeriphClockCmd                   0x080031cd   Thumb Code    26  stm32f4xx_rcc.o(i.RCC_APB1PeriphClockCmd)
    RCC_APB1PeriphResetCmd                   0x080031ed   Thumb Code    26  stm32f4xx_rcc.o(i.RCC_APB1PeriphResetCmd)
    RCC_APB2PeriphClockCmd                   0x0800320d   Thumb Code    26  stm32f4xx_rcc.o(i.RCC_APB2PeriphClockCmd)
    RCC_APB2PeriphResetCmd                   0x0800322d   Thumb Code    26  stm32f4xx_rcc.o(i.RCC_APB2PeriphResetCmd)
    RCC_GetClocksFreq                        0x0800324d   Thumb Code   214  stm32f4xx_rcc.o(i.RCC_GetClocksFreq)
    RC_Init                                  0x08003335   Thumb Code   312  rc.o(i.RC_Init)
    RC_unable                                0x080036a9   Thumb Code    12  rc.o(i.RC_unable)
    SPI5Init                                 0x08003795   Thumb Code   182  spi.o(i.SPI5Init)
    SPI5SetSpeedAndDataSize                  0x08003855   Thumb Code    42  spi.o(i.SPI5SetSpeedAndDataSize)
    SPI5_DMA_Enable                          0x08003885   Thumb Code   104  spi.o(i.SPI5_DMA_Enable)
    SPI5_DMA_Init                            0x080038f9   Thumb Code   240  spi.o(i.SPI5_DMA_Init)
    SPI_Cmd                                  0x080039f1   Thumb Code    24  stm32f4xx_spi.o(i.SPI_Cmd)
    SPI_I2S_DMACmd                           0x08003a09   Thumb Code    18  stm32f4xx_spi.o(i.SPI_I2S_DMACmd)
    SPI_I2S_GetFlagStatus                    0x08003a1b   Thumb Code    18  stm32f4xx_spi.o(i.SPI_I2S_GetFlagStatus)
    SPI_I2S_ReceiveData                      0x08003a2d   Thumb Code     6  stm32f4xx_spi.o(i.SPI_I2S_ReceiveData)
    SPI_I2S_SendData                         0x08003a33   Thumb Code     4  stm32f4xx_spi.o(i.SPI_I2S_SendData)
    SPI_Init                                 0x08003a37   Thumb Code    60  stm32f4xx_spi.o(i.SPI_Init)
    SYSCFG_EXTILineConfig                    0x08003a75   Thumb Code    60  stm32f4xx_syscfg.o(i.SYSCFG_EXTILineConfig)
    SysTick_CLKSourceConfig                  0x08003e79   Thumb Code    40  misc.o(i.SysTick_CLKSourceConfig)
    SysTick_Handler                          0x08003ea1   Thumb Code    16  freertos_middleware.o(i.SysTick_Handler)
    SystemInit                               0x08003eb1   Thumb Code    88  system_stm32f4xx.o(i.SystemInit)
    TIM3_IRQHandler                          0x08003f19   Thumb Code    40  freertos_middleware.o(i.TIM3_IRQHandler)
    TIM3_Init                                0x08003f49   Thumb Code   210  timer.o(i.TIM3_Init)
    TIM6_DAC_IRQHandler                      0x08004025   Thumb Code    30  can_receive.o(i.TIM6_DAC_IRQHandler)
    TIM6_Init                                0x08004049   Thumb Code   116  timer.o(i.TIM6_Init)
    TIM_ARRPreloadConfig                     0x080040c1   Thumb Code    24  stm32f4xx_tim.o(i.TIM_ARRPreloadConfig)
    TIM_ClearFlag                            0x080040d9   Thumb Code     6  stm32f4xx_tim.o(i.TIM_ClearFlag)
    TIM_Cmd                                  0x080040df   Thumb Code    24  stm32f4xx_tim.o(i.TIM_Cmd)
    TIM_CtrlPWMOutputs                       0x080040f7   Thumb Code    30  stm32f4xx_tim.o(i.TIM_CtrlPWMOutputs)
    TIM_DeInit                               0x08004115   Thumb Code   346  stm32f4xx_tim.o(i.TIM_DeInit)
    TIM_GetITStatus                          0x080042a5   Thumb Code    34  stm32f4xx_tim.o(i.TIM_GetITStatus)
    TIM_ITConfig                             0x080042c7   Thumb Code    18  stm32f4xx_tim.o(i.TIM_ITConfig)
    TIM_OC1Init                              0x080042d9   Thumb Code   114  stm32f4xx_tim.o(i.TIM_OC1Init)
    TIM_OC1PreloadConfig                     0x08004355   Thumb Code    18  stm32f4xx_tim.o(i.TIM_OC1PreloadConfig)
    TIM_OC2Init                              0x08004369   Thumb Code   154  stm32f4xx_tim.o(i.TIM_OC2Init)
    TIM_OC2PreloadConfig                     0x0800440d   Thumb Code    26  stm32f4xx_tim.o(i.TIM_OC2PreloadConfig)
    TIM_OC4Init                              0x08004429   Thumb Code   112  stm32f4xx_tim.o(i.TIM_OC4Init)
    TIM_OC4PreloadConfig                     0x080044a1   Thumb Code    26  stm32f4xx_tim.o(i.TIM_OC4PreloadConfig)
    TIM_SetCompare1                          0x080044bb   Thumb Code     4  stm32f4xx_tim.o(i.TIM_SetCompare1)
    TIM_SetCompare2                          0x080044bf   Thumb Code     4  stm32f4xx_tim.o(i.TIM_SetCompare2)
    TIM_SetCompare4                          0x080044c3   Thumb Code     4  stm32f4xx_tim.o(i.TIM_SetCompare4)
    TIM_TimeBaseInit                         0x080044c9   Thumb Code   104  stm32f4xx_tim.o(i.TIM_TimeBaseInit)
    USART1_IRQHandler                        0x0800454d   Thumb Code   204  remote_control.o(i.USART1_IRQHandler)
    USART_ClearFlag                          0x08004631   Thumb Code    18  stm32f4xx_usart.o(i.USART_ClearFlag)
    USART_Cmd                                0x08004643   Thumb Code    24  stm32f4xx_usart.o(i.USART_Cmd)
    USART_DMACmd                             0x0800465b   Thumb Code    18  stm32f4xx_usart.o(i.USART_DMACmd)
    USART_DeInit                             0x0800466d   Thumb Code   206  stm32f4xx_usart.o(i.USART_DeInit)
    USART_GetITStatus                        0x0800475d   Thumb Code    84  stm32f4xx_usart.o(i.USART_GetITStatus)
    USART_ITConfig                           0x080047b1   Thumb Code    74  stm32f4xx_usart.o(i.USART_ITConfig)
    USART_Init                               0x080047fd   Thumb Code   204  stm32f4xx_usart.o(i.USART_Init)
    USART_ReceiveData                        0x080048d1   Thumb Code    10  stm32f4xx_usart.o(i.USART_ReceiveData)
    UsageFault_Handler                       0x080048db   Thumb Code     4  stm32f4xx_it.o(i.UsageFault_Handler)
    UserTask                                 0x080048e1   Thumb Code    96  user_task.o(i.UserTask)
    __ARM_fpclassifyf                        0x08004949   Thumb Code    38  fpclassifyf.o(i.__ARM_fpclassifyf)
    __hardfp_asinf                           0x08004971   Thumb Code   258  asinf.o(i.__hardfp_asinf)
    __hardfp_atan2f                          0x08004a9d   Thumb Code   502  atan2f.o(i.__hardfp_atan2f)
    __hardfp_fabs                            0x08004ced   Thumb Code    20  fabs.o(i.__hardfp_fabs)
    __mathlib_flt_infnan                     0x08004d01   Thumb Code     6  funder.o(i.__mathlib_flt_infnan)
    __mathlib_flt_infnan2                    0x08004d07   Thumb Code     6  funder.o(i.__mathlib_flt_infnan2)
    __mathlib_flt_invalid                    0x08004d0d   Thumb Code    10  funder.o(i.__mathlib_flt_invalid)
    __mathlib_flt_underflow                  0x08004d1d   Thumb Code    10  funder.o(i.__mathlib_flt_underflow)
    __scatterload_copy                       0x08004d2d   Thumb Code    14  handlers.o(i.__scatterload_copy)
    __scatterload_null                       0x08004d3b   Thumb Code     2  handlers.o(i.__scatterload_null)
    __scatterload_zeroinit                   0x08004d3d   Thumb Code    14  handlers.o(i.__scatterload_zeroinit)
    __set_errno                              0x08004d4d   Thumb Code     6  errno.o(i.__set_errno)
    abs_limit                                0x08004d59   Thumb Code    48  user_lib.o(i.abs_limit)
    buzzer_off                               0x08005251   Thumb Code    12  buzzer.o(i.buzzer_off)
    buzzer_on                                0x08005261   Thumb Code    22  buzzer.o(i.buzzer_on)
    cali_param_init                          0x08005671   Thumb Code   168  calibrate_task.o(i.cali_param_init)
    calibrate_task                           0x08005729   Thumb Code   304  calibrate_task.o(i.calibrate_task)
    chassis_behaviour_control_set            0x08005871   Thumb Code   112  chassis_behaviour.o(i.chassis_behaviour_control_set)
    chassis_behaviour_mode_set               0x080058e5   Thumb Code   120  chassis_behaviour.o(i.chassis_behaviour_mode_set)
    chassis_rc_to_control_vector             0x08005f51   Thumb Code   320  chassis_task.o(i.chassis_rc_to_control_vector)
    chassis_task                             0x0800626d   Thumb Code    68  chassis_task.o(i.chassis_task)
    cmd_cali_gimbal_hook                     0x08006339   Thumb Code   194  gimbal_task.o(i.cmd_cali_gimbal_hook)
    delay_init                               0x08006405   Thumb Code    90  delay.o(i.delay_init)
    delay_ms                                 0x08006471   Thumb Code    76  delay.o(i.delay_ms)
    delay_us                                 0x080064c1   Thumb Code    76  delay.o(i.delay_us)
    first_order_filter_cali                  0x08006511   Thumb Code    84  user_lib.o(i.first_order_filter_cali)
    first_order_filter_init                  0x08006565   Thumb Code    32  user_lib.o(i.first_order_filter_init)
    flash_read                               0x08006589   Thumb Code    32  flash.o(i.flash_read)
    flash_write_single_address               0x080065a9   Thumb Code   184  flash.o(i.flash_write_single_address)
    flow_led_off                             0x08006661   Thumb Code    20  led.o(i.flow_led_off)
    fp32_constrain                           0x08006679   Thumb Code    42  user_lib.o(i.fp32_constrain)
    fric1_on                                 0x080066a5   Thumb Code    14  fric.o(i.fric1_on)
    fric2_on                                 0x080066b9   Thumb Code    14  fric.o(i.fric2_on)
    fric_PWM_configuration                   0x080066cd   Thumb Code   306  fric.o(i.fric_PWM_configuration)
    fric_off                                 0x08006811   Thumb Code    24  fric.o(i.fric_off)
    get_Chassis_Motor_Measure_Point          0x08006865   Thumb Code    18  can_receive.o(i.get_Chassis_Motor_Measure_Point)
    get_INS_angle_point                      0x0800687d   Thumb Code     4  ins_task.o(i.get_INS_angle_point)
    get_MPU6500_Gyro_Data_Point              0x08006885   Thumb Code     4  ins_task.o(i.get_MPU6500_Gyro_Data_Point)
    get_Pitch_Gimbal_Motor_Measure_Point     0x0800688d   Thumb Code     4  can_receive.o(i.get_Pitch_Gimbal_Motor_Measure_Point)
    get_Trigger_Motor_Measure_Point          0x08006895   Thumb Code     4  can_receive.o(i.get_Trigger_Motor_Measure_Point)
    get_Yaw_Gimbal_Motor_Measure_Point       0x0800689d   Thumb Code     4  can_receive.o(i.get_Yaw_Gimbal_Motor_Measure_Point)
    get_angle                                0x080068a5   Thumb Code   232  ahrs.o(i.get_angle)
    get_control_temperate                    0x0800698d   Thumb Code     8  calibrate_task.o(i.get_control_temperate)
    get_pitch_motor_point                    0x08006999   Thumb Code     4  gimbal_task.o(i.get_pitch_motor_point)
    get_remote_control_point                 0x080069a1   Thumb Code     4  remote_control.o(i.get_remote_control_point)
    get_temprate                             0x080069a9   Thumb Code    80  adc.o(i.get_temprate)
    get_yaw_motor_point                      0x08006a05   Thumb Code     4  gimbal_task.o(i.get_yaw_motor_point)
    gimbal_behaviour_control_set             0x08006a19   Thumb Code   332  gimbal_behaviour.o(i.gimbal_behaviour_control_set)
    gimbal_behaviour_mode_set                0x08006b89   Thumb Code   134  gimbal_behaviour.o(i.gimbal_behaviour_mode_set)
    gimbal_cmd_to_shoot_stop                 0x08007075   Thumb Code    30  gimbal_behaviour.o(i.gimbal_cmd_to_shoot_stop)
    gyro_offset                              0x0800729d   Thumb Code    98  mpu6500driver.o(i.gyro_offset)
    ist8310_GPIO_init                        0x08007305   Thumb Code    84  ist8310driver_middleware.o(i.ist8310_GPIO_init)
    ist8310_IIC_read_single_reg              0x0800735d   Thumb Code    40  ist8310driver_middleware.o(i.ist8310_IIC_read_single_reg)
    ist8310_IIC_write_single_reg             0x08007389   Thumb Code    32  ist8310driver_middleware.o(i.ist8310_IIC_write_single_reg)
    ist8310_RST_H                            0x080073ad   Thumb Code    12  ist8310driver_middleware.o(i.ist8310_RST_H)
    ist8310_RST_L                            0x080073bd   Thumb Code    12  ist8310driver_middleware.o(i.ist8310_RST_L)
    ist8310_auto_com_by_mpu6500              0x080073cd   Thumb Code    20  ist8310driver_middleware.o(i.ist8310_auto_com_by_mpu6500)
    ist8310_com_init                         0x080073e5   Thumb Code     2  ist8310driver_middleware.o(i.ist8310_com_init)
    ist8310_delay_ms                         0x080073e7   Thumb Code    12  ist8310driver_middleware.o(i.ist8310_delay_ms)
    ist8310_delay_us                         0x080073f3   Thumb Code    12  ist8310driver_middleware.o(i.ist8310_delay_us)
    ist8310_init                             0x08007401   Thumb Code   140  ist8310driver.o(i.ist8310_init)
    ist8310_read_over                        0x08007491   Thumb Code   126  ist8310driver.o(i.ist8310_read_over)
    laser_configuration                      0x08007515   Thumb Code    54  laser.o(i.laser_configuration)
    laser_on                                 0x08007551   Thumb Code    14  laser.o(i.laser_on)
    led_configuration                        0x08007565   Thumb Code    94  led.o(i.led_configuration)
    led_green_off                            0x080075d1   Thumb Code    14  led.o(i.led_green_off)
    led_green_on                             0x080075e5   Thumb Code    14  led.o(i.led_green_on)
    led_red_off                              0x080075f9   Thumb Code    14  led.o(i.led_red_off)
    loop_fp32_constrain                      0x0800760d   Thumb Code    96  user_lib.o(i.loop_fp32_constrain)
    main                                     0x0800766d   Thumb Code    22  main.o(i.main)
    mpu6500_GPIO_init                        0x080076b9   Thumb Code    48  mpu6500driver_middleware.o(i.mpu6500_GPIO_init)
    mpu6500_SPI_NS_H                         0x080076ed   Thumb Code    12  mpu6500driver_middleware.o(i.mpu6500_SPI_NS_H)
    mpu6500_SPI_NS_L                         0x080076fd   Thumb Code    12  mpu6500driver_middleware.o(i.mpu6500_SPI_NS_L)
    mpu6500_com_init                         0x08007761   Thumb Code     8  mpu6500driver_middleware.o(i.mpu6500_com_init)
    mpu6500_init                             0x08007769   Thumb Code   192  mpu6500driver.o(i.mpu6500_init)
    mpu6500_middleware_delay_ms              0x0800782d   Thumb Code    12  mpu6500driver_middleware.o(i.mpu6500_middleware_delay_ms)
    mpu6500_middleware_delay_us              0x08007839   Thumb Code    12  mpu6500driver_middleware.o(i.mpu6500_middleware_delay_us)
    mpu6500_read_over                        0x08007845   Thumb Code   304  mpu6500driver.o(i.mpu6500_read_over)
    mpu6500_read_single_reg                  0x08007985   Thumb Code    32  mpu6500driver_middleware.o(i.mpu6500_read_single_reg)
    mpu6500_write_muli_reg                   0x080079a5   Thumb Code    52  mpu6500driver_middleware.o(i.mpu6500_write_muli_reg)
    mpu6500_write_single_reg                 0x080079d9   Thumb Code    28  mpu6500driver_middleware.o(i.mpu6500_write_single_reg)
    pcTaskGetName                            0x080079f5   Thumb Code    44  tasks.o(i.pcTaskGetName)
    power_ctrl_configuration                 0x08007a25   Thumb Code    66  power_ctrl.o(i.power_ctrl_configuration)
    power_ctrl_off                           0x08007a6d   Thumb Code    26  power_ctrl.o(i.power_ctrl_off)
    power_ctrl_on                            0x08007a8d   Thumb Code    26  power_ctrl.o(i.power_ctrl_on)
    pvPortMalloc                             0x08008591   Thumb Code   296  heap_4.o(i.pvPortMalloc)
    pvTaskIncrementMutexHeldCount            0x080086cd   Thumb Code    26  tasks.o(i.pvTaskIncrementMutexHeldCount)
    pxPortInitialiseStack                    0x080086ed   Thumb Code    38  port.o(i.pxPortInitialiseStack)
    ramp_calc                                0x0800879d   Thumb Code    90  user_lib.o(i.ramp_calc)
    ramp_init                                0x080087f9   Thumb Code    40  user_lib.o(i.ramp_init)
    remote_control_init                      0x08008825   Thumb Code    16  remote_control.o(i.remote_control_init)
    set_cali_gimbal_hook                     0x08008839   Thumb Code    28  gimbal_task.o(i.set_cali_gimbal_hook)
    shoot_control_loop                       0x08008901   Thumb Code   332  shoot.o(i.shoot_control_loop)
    shoot_init                               0x08008a85   Thumb Code   158  shoot.o(i.shoot_init)
    sqrtf                                    0x08008b51   Thumb Code    62  sqrtf_full.o(i.sqrtf)
    startTast                                0x08008b91   Thumb Code    24  start_task.o(i.startTast)
    start_task                               0x08008bbd   Thumb Code   130  start_task.o(i.start_task)
    temperature_ADC_init                     0x08008cd1   Thumb Code    80  adc.o(i.temperature_ADC_init)
    ulTaskNotifyTake                         0x08008d25   Thumb Code   108  tasks.o(i.ulTaskNotifyTake)
    uxListRemove                             0x08008e13   Thumb Code    40  list.o(i.uxListRemove)
    uxTaskGetStackHighWaterMark              0x08008e3d   Thumb Code    34  tasks.o(i.uxTaskGetStackHighWaterMark)
    vListInitialise                          0x08008e65   Thumb Code    26  list.o(i.vListInitialise)
    vListInitialiseItem                      0x08008e7f   Thumb Code     6  list.o(i.vListInitialiseItem)
    vListInsert                              0x08008e85   Thumb Code    52  list.o(i.vListInsert)
    vListInsertEnd                           0x08008eb9   Thumb Code    24  list.o(i.vListInsertEnd)
    vPortEnterCritical                       0x08008ed1   Thumb Code    76  port.o(i.vPortEnterCritical)
    vPortExitCritical                        0x08008f25   Thumb Code    56  port.o(i.vPortExitCritical)
    vPortFree                                0x08008f61   Thumb Code   140  heap_4.o(i.vPortFree)
    vPortSetupTimerInterrupt                 0x08008ff5   Thumb Code     2  freertos_middleware.o(i.vPortSetupTimerInterrupt)
    vPortValidateInterruptPriority           0x08008ff9   Thumb Code   106  port.o(i.vPortValidateInterruptPriority)
    vQueueAddToRegistry                      0x08009071   Thumb Code    38  queue.o(i.vQueueAddToRegistry)
    vQueueWaitForMessageRestricted           0x0800909d   Thumb Code    74  queue.o(i.vQueueWaitForMessageRestricted)
    vTaskDelay                               0x080090e9   Thumb Code    82  tasks.o(i.vTaskDelay)
    vTaskDelete                              0x08009145   Thumb Code   202  tasks.o(i.vTaskDelete)
    vTaskMissedYield                         0x08009239   Thumb Code     8  tasks.o(i.vTaskMissedYield)
    vTaskNotifyGiveFromISR                   0x08009245   Thumb Code   216  tasks.o(i.vTaskNotifyGiveFromISR)
    vTaskPlaceOnEventList                    0x08009335   Thumb Code    52  tasks.o(i.vTaskPlaceOnEventList)
    vTaskPlaceOnEventListRestricted          0x0800936d   Thumb Code    60  tasks.o(i.vTaskPlaceOnEventListRestricted)
    vTaskPriorityInherit                     0x080093ad   Thumb Code   164  tasks.o(i.vTaskPriorityInherit)
    vTaskSetTimeOutState                     0x0800945d   Thumb Code    38  tasks.o(i.vTaskSetTimeOutState)
    vTaskStartScheduler                      0x0800948d   Thumb Code   118  tasks.o(i.vTaskStartScheduler)
    vTaskSuspendAll                          0x08009521   Thumb Code    12  tasks.o(i.vTaskSuspendAll)
    vTaskSwitchContext                       0x08009531   Thumb Code   118  tasks.o(i.vTaskSwitchContext)
    xPortStartScheduler                      0x080095bd   Thumb Code   288  port.o(i.xPortStartScheduler)
    xPortSysTickHandler                      0x080096f9   Thumb Code    46  port.o(i.xPortSysTickHandler)
    xQueueGenericCreate                      0x0800972d   Thumb Code    88  queue.o(i.xQueueGenericCreate)
    xQueueGenericReceive                     0x08009785   Thumb Code   446  queue.o(i.xQueueGenericReceive)
    xQueueGenericReset                       0x08009949   Thumb Code   146  queue.o(i.xQueueGenericReset)
    xQueueGenericSend                        0x080099e1   Thumb Code   452  queue.o(i.xQueueGenericSend)
    xQueueGenericSendFromISR                 0x08009ba9   Thumb Code   264  queue.o(i.xQueueGenericSendFromISR)
    xTaskCheckForTimeOut                     0x08009cb1   Thumb Code   132  tasks.o(i.xTaskCheckForTimeOut)
    xTaskCreate                              0x08009d3d   Thumb Code    96  tasks.o(i.xTaskCreate)
    xTaskGetHandle                           0x08009d9d   Thumb Code   142  tasks.o(i.xTaskGetHandle)
    xTaskGetSchedulerState                   0x08009e41   Thumb Code    24  tasks.o(i.xTaskGetSchedulerState)
    xTaskGetTickCount                        0x08009e61   Thumb Code     6  tasks.o(i.xTaskGetTickCount)
    xTaskIncrementTick                       0x08009e6d   Thumb Code   282  tasks.o(i.xTaskIncrementTick)
    xTaskPriorityDisinherit                  0x08009fb5   Thumb Code   188  tasks.o(i.xTaskPriorityDisinherit)
    xTaskRemoveFromEventList                 0x0800a07d   Thumb Code   128  tasks.o(i.xTaskRemoveFromEventList)
    xTaskResumeAll                           0x0800a115   Thumb Code   224  tasks.o(i.xTaskResumeAll)
    xTimerCreateTimerTask                    0x0800a219   Thumb Code    64  timers.o(i.xTimerCreateTimerTask)
    xTimerGenericCommand                     0x0800a26d   Thumb Code   126  timers.o(i.xTimerGenericCommand)
    sinTable_f32                             0x0800a3c4   Data        2052  arm_common_tables.o(.constdata)
    Region$$Table$$Base                      0x0800abc8   Number         0  anon$$obj.o(Region$$Table)
    Region$$Table$$Limit                     0x0800abe8   Number         0  anon$$obj.o(Region$$Table)
    SystemCoreClock                          0x20000000   Data           4  system_stm32f4xx.o(.data)
    AHBPrescTable                            0x20000004   Data          16  system_stm32f4xx.o(.data)
    pxCurrentTCB                             0x20000024   Data           4  tasks.o(.data)
    FreeRTOSRunTimeTicks                     0x200000a8   Data           8  freertos_middleware.o(.data)
    GIMBALTask_Handler                       0x200000b4   Data           4  start_task.o(.data)
    ChassisTask_Handler                      0x200000b8   Data           4  start_task.o(.data)
    INSTaskStack                             0x200000cc   Data           4  ins_task.o(.data)
    UserTaskStack                            0x20000148   Data           4  user_task.o(.data)
    get_vot                                  0x2000014c   Data           8  user_task.o(.data)
    calibrate_task_stack                     0x20000158   Data           4  calibrate_task.o(.data)
    calibrate_RC                             0x2000015c   Data           4  calibrate_task.o(.data)
    head_cali                                0x20000160   Data           8  calibrate_task.o(.data)
    cali_hook_fun                            0x20000184   Data          20  calibrate_task.o(.data)
    gimbal_behaviour                         0x200001ac   Data           1  gimbal_behaviour.o(.data)
    gimbal_high_water                        0x200001c8   Data           4  gimbal_task.o(.data)
    Yaw_Can_Set_Current                      0x200001cc   Data           2  gimbal_task.o(.data)
    Pitch_Can_Set_Current                    0x200001ce   Data           2  gimbal_task.o(.data)
    Shoot_Can_Set_Current                    0x200001d0   Data           2  gimbal_task.o(.data)
    get_cap                                  0x200001dc   Data           8  can_receive.o(.data)
    shoot_rc                                 0x200001e8   Data           4  shoot.o(.data)
    shoot_mode                               0x200001ec   Data           1  shoot.o(.data)
    tempaaa                                  0x200001f0   Data           4  shoot.o(.data)
    chassis_behaviour_mode                   0x20000208   Data           1  chassis_behaviour.o(.data)
    chassis_high_water                       0x2000021c   Data           4  chassis_task.o(.data)
    xQueueRegistry                           0x20000234   Data          64  queue.o(.bss)
    mpu6500_real_data                        0x20020598   Data          32  ins_task.o(.bss)
    INS_Angle                                0x2002061c   Data          12  ins_task.o(.bss)
    rc_ctrl                                  0x200206a4   Data          22  remote_control.o(.bss)
    cali_sensor                              0x20020704   Data          65  calibrate_task.o(.bss)
    gimbal_cali                              0x20020748   Data          20  calibrate_task.o(.bss)
    gyro_cali                                0x2002075c   Data          24  calibrate_task.o(.bss)
    gimbal_control                           0x200207a4   Data         488  gimbal_task.o(.bss)
    trigger_motor                            0x20020a10   Data          92  shoot.o(.bss)
    chassis_move                             0x20020ab4   Data         552  chassis_task.o(.bss)
    __initial_sp                             0x200210e0   Data           0  startup_stm32f427xx.o(STACK)



==============================================================================

Memory Map of the image

  Image Entry point : 0x080001ad

  Load Region LR_IROM1 (Base: 0x08000000, Size: 0x0000ae1c, Max: 0x00200000, ABSOLUTE, COMPRESSED[0x0000ac4c])

    Execution Region ER_IROM1 (Base: 0x08000000, Size: 0x0000abe8, Max: 0x00200000, ABSOLUTE)

    Base Addr    Size         Type   Attr      Idx    E Section Name        Object

    0x08000000   0x000001ac   Data   RO            3    RESET               startup_stm32f427xx.o
    0x080001ac   0x00000000   Code   RO         9199  * .ARM.Collect$$$$00000000  mc_w.l(entry.o)
    0x080001ac   0x00000004   Code   RO         9512    .ARM.Collect$$$$00000001  mc_w.l(entry2.o)
    0x080001b0   0x00000004   Code   RO         9515    .ARM.Collect$$$$00000004  mc_w.l(entry5.o)
    0x080001b4   0x00000000   Code   RO         9517    .ARM.Collect$$$$00000008  mc_w.l(entry7b.o)
    0x080001b4   0x00000000   Code   RO         9519    .ARM.Collect$$$$0000000A  mc_w.l(entry8b.o)
    0x080001b4   0x00000008   Code   RO         9520    .ARM.Collect$$$$0000000B  mc_w.l(entry9a.o)
    0x080001bc   0x00000000   Code   RO         9522    .ARM.Collect$$$$0000000D  mc_w.l(entry10a.o)
    0x080001bc   0x00000000   Code   RO         9524    .ARM.Collect$$$$0000000F  mc_w.l(entry11a.o)
    0x080001bc   0x00000004   Code   RO         9513    .ARM.Collect$$$$00002712  mc_w.l(entry2.o)
    0x080001c0   0x000000b6   Code   RO         6432    .emb_text           port.o
    0x08000276   0x00000002   PAD
    0x08000278   0x00000034   Code   RO            4    .text               startup_stm32f427xx.o
    0x080002ac   0x00000078   Code   RO         8902    .text               arm_cortexM4lf_math.lib(arm_cos_f32.o)
    0x08000324   0x00000074   Code   RO         8955    .text               arm_cortexM4lf_math.lib(arm_sin_f32.o)
    0x08000398   0x00000024   Code   RO         9202    .text               mc_w.l(memcpya.o)
    0x080003bc   0x00000024   Code   RO         9204    .text               mc_w.l(memseta.o)
    0x080003e0   0x0000000e   Code   RO         9206    .text               mc_w.l(strlen.o)
    0x080003ee   0x00000026   Code   RO         9473    .text               mf_w.l(f2d.o)
    0x08000414   0x00000030   Code   RO         9475    .text               mf_w.l(cdcmple.o)
    0x08000444   0x00000030   Code   RO         9477    .text               mf_w.l(cdrcmple.o)
    0x08000474   0x00000038   Code   RO         9479    .text               mf_w.l(d2f.o)
    0x080004ac   0x00000000   Code   RO         9540    .text               mc_w.l(iusefp.o)
    0x080004ac   0x0000006e   Code   RO         9541    .text               mf_w.l(fepilogue.o)
    0x0800051a   0x00000002   PAD
    0x0800051c   0x00000024   Code   RO         9551    .text               mc_w.l(init.o)
    0x08000540   0x00000056   Code   RO         9571    .text               mc_w.l(__dczerorl2.o)
    0x08000596   0x00000006   Code   RO          460    i.ADC_ClearFlag     stm32f4xx_adc.o
    0x0800059c   0x00000016   Code   RO          462    i.ADC_Cmd           stm32f4xx_adc.o
    0x080005b2   0x00000002   PAD
    0x080005b4   0x00000030   Code   RO          463    i.ADC_CommonInit    stm32f4xx_adc.o
    0x080005e4   0x00000008   Code   RO          474    i.ADC_GetConversionValue  stm32f4xx_adc.o
    0x080005ec   0x00000012   Code   RO          475    i.ADC_GetFlagStatus  stm32f4xx_adc.o
    0x080005fe   0x00000002   PAD
    0x08000600   0x00000054   Code   RO          482    i.ADC_Init          stm32f4xx_adc.o
    0x08000654   0x000000b8   Code   RO          487    i.ADC_RegularChannelConfig  stm32f4xx_adc.o
    0x0800070c   0x0000000a   Code   RO          489    i.ADC_SoftwareStartConv  stm32f4xx_adc.o
    0x08000716   0x00000002   PAD
    0x08000718   0x0000002c   Code   RO          492    i.ADC_TempSensorVrefintCmd  stm32f4xx_adc.o
    0x08000744   0x00000018   Code   RO         6625    i.AHRS_asinf        ahrs_middleware_1.o
    0x0800075c   0x00000020   Code   RO         6626    i.AHRS_atan2f       ahrs_middleware_1.o
    0x0800077c   0x00000018   Code   RO         6627    i.AHRS_cosf         ahrs_middleware_1.o
    0x08000794   0x0000001a   Code   RO         8976    i.AHRS_fabs         AHRS.lib(ahrs.o)
    0x080007ae   0x00000002   PAD
    0x080007b0   0x00000010   Code   RO         6628    i.AHRS_get_height   ahrs_middleware_1.o
    0x080007c0   0x00000010   Code   RO         6629    i.AHRS_get_latitude  ahrs_middleware_1.o
    0x080007d0   0x0000029c   Code   RO         8977    i.AHRS_init         AHRS.lib(ahrs.o)
    0x08000a6c   0x0000003c   Code   RO         6630    i.AHRS_invSqrt      ahrs_middleware_1.o
    0x08000aa8   0x00000018   Code   RO         6631    i.AHRS_sinf         ahrs_middleware_1.o
    0x08000ac0   0x0000013a   Code   RO         8978    i.AHRS_update       AHRS.lib(ahrs.o)
    0x08000bfa   0x00000070   Code   RO         7050    i.BSP_init          main.o
    0x08000c6a   0x00000004   Code   RO           13    i.BusFault_Handler  stm32f4xx_it.o
    0x08000c6e   0x00000002   PAD
    0x08000c70   0x00000030   Code   RO         8581    i.CAN1_RX0_IRQHandler  can_receive.o
    0x08000ca0   0x00000110   Code   RO         7769    i.CAN1_mode_init    can.o
    0x08000db0   0x00000030   Code   RO         8582    i.CAN2_RX0_IRQHandler  can_receive.o
    0x08000de0   0x00000114   Code   RO         7770    i.CAN2_mode_init    can.o
    0x08000ef4   0x0000004c   Code   RO         8585    i.CAN_CMD_GIMBAL    can_receive.o
    0x08000f40   0x00000060   Code   RO         8586    i.CAN_CMD_cap       can_receive.o
    0x08000fa0   0x000000a8   Code   RO          704    i.CAN_ClearITPendingBit  stm32f4xx_can.o
    0x08001048   0x00000108   Code   RO          708    i.CAN_FilterInit    stm32f4xx_can.o
    0x08001150   0x00000120   Code   RO          710    i.CAN_GetITStatus   stm32f4xx_can.o
    0x08001270   0x00000012   Code   RO          714    i.CAN_ITConfig      stm32f4xx_can.o
    0x08001282   0x00000114   Code   RO          715    i.CAN_Init          stm32f4xx_can.o
    0x08001396   0x000000f0   Code   RO          718    i.CAN_Receive       stm32f4xx_can.o
    0x08001486   0x00000126   Code   RO          723    i.CAN_Transmit      stm32f4xx_can.o
    0x080015ac   0x000001c0   Code   RO         8587    i.CAN_hook          can_receive.o
    0x0800176c   0x00000012   Code   RO          726    i.CheckITStatus     stm32f4xx_can.o
    0x0800177e   0x00000002   PAD
    0x08001780   0x00000058   Code   RO         8017    i.DMA2_Stream5_IRQHandler  ins_task.o
    0x080017d8   0x00000034   Code   RO         1481    i.DMA_ClearFlag     stm32f4xx_dma.o
    0x0800180c   0x00000016   Code   RO         1483    i.DMA_Cmd           stm32f4xx_dma.o
    0x08001822   0x00000002   PAD
    0x08001824   0x00000158   Code   RO         1484    i.DMA_DeInit        stm32f4xx_dma.o
    0x0800197c   0x00000016   Code   RO         1485    i.DMA_DoubleBufferModeCmd  stm32f4xx_dma.o
    0x08001992   0x00000018   Code   RO         1486    i.DMA_DoubleBufferModeConfig  stm32f4xx_dma.o
    0x080019aa   0x00000014   Code   RO         1488    i.DMA_GetCmdStatus  stm32f4xx_dma.o
    0x080019be   0x00000008   Code   RO         1489    i.DMA_GetCurrDataCounter  stm32f4xx_dma.o
    0x080019c6   0x00000014   Code   RO         1490    i.DMA_GetCurrentMemoryTarget  stm32f4xx_dma.o
    0x080019da   0x00000002   PAD
    0x080019dc   0x00000044   Code   RO         1492    i.DMA_GetFlagStatus  stm32f4xx_dma.o
    0x08001a20   0x0000003a   Code   RO         1494    i.DMA_ITConfig      stm32f4xx_dma.o
    0x08001a5a   0x00000002   PAD
    0x08001a5c   0x00000058   Code   RO         1495    i.DMA_Init          stm32f4xx_dma.o
    0x08001ab4   0x00000004   Code   RO         1498    i.DMA_SetCurrDataCounter  stm32f4xx_dma.o
    0x08001ab8   0x00000002   Code   RO           14    i.DebugMon_Handler  stm32f4xx_it.o
    0x08001aba   0x00000020   Code   RO         8018    i.EXTI9_5_IRQHandler  ins_task.o
    0x08001ada   0x00000002   PAD
    0x08001adc   0x0000000c   Code   RO         1767    i.EXTI_ClearITPendingBit  stm32f4xx_exti.o
    0x08001ae8   0x00000018   Code   RO         1771    i.EXTI_GetITStatus  stm32f4xx_exti.o
    0x08001b00   0x00000094   Code   RO         1772    i.EXTI_Init         stm32f4xx_exti.o
    0x08001b94   0x0000000c   Code   RO         1832    i.FLASH_ClearFlag   stm32f4xx_flash.o
    0x08001ba0   0x00000088   Code   RO         1838    i.FLASH_EraseSector  stm32f4xx_flash.o
    0x08001c28   0x00000054   Code   RO         1840    i.FLASH_GetStatus   stm32f4xx_flash.o
    0x08001c7c   0x00000014   Code   RO         1844    i.FLASH_Lock        stm32f4xx_flash.o
    0x08001c90   0x00000050   Code   RO         1868    i.FLASH_ProgramWord  stm32f4xx_flash.o
    0x08001ce0   0x00000024   Code   RO         1870    i.FLASH_Unlock      stm32f4xx_flash.o
    0x08001d04   0x00000022   Code   RO         1871    i.FLASH_WaitForLastOperation  stm32f4xx_flash.o
    0x08001d26   0x00000070   Code   RO         8378    i.GIMBAL_Control_loop  gimbal_task.o
    0x08001d96   0x00000084   Code   RO         8379    i.GIMBAL_Feedback_Update  gimbal_task.o
    0x08001e1a   0x00000002   PAD
    0x08001e1c   0x00000150   Code   RO         8380    i.GIMBAL_Init       gimbal_task.o
    0x08001f6c   0x000000c0   Code   RO         8381    i.GIMBAL_Mode_Change_Control_Transit  gimbal_task.o
    0x0800202c   0x000000bc   Code   RO         8382    i.GIMBAL_PID_Calc   gimbal_task.o
    0x080020e8   0x00000030   Code   RO         8383    i.GIMBAL_PID_Init   gimbal_task.o
    0x08002118   0x000000a0   Code   RO         8384    i.GIMBAL_Set_Contorl  gimbal_task.o
    0x080021b8   0x00000012   Code   RO         8385    i.GIMBAL_Set_Mode   gimbal_task.o
    0x080021ca   0x00000002   PAD
    0x080021cc   0x000000f4   Code   RO         8386    i.GIMBAL_absolute_angle_limit  gimbal_task.o
    0x080022c0   0x0000004a   Code   RO         8387    i.GIMBAL_relative_angle_limit  gimbal_task.o
    0x0800230a   0x00000002   PAD
    0x0800230c   0x00000090   Code   RO         8388    i.GIMBAL_task       gimbal_task.o
    0x0800239c   0x00000088   Code   RO         7397    i.GPIOB_Exti8_GPIO_Init  exit_init.o
    0x08002424   0x00000090   Code   RO         2328    i.GPIO_Init         stm32f4xx_gpio.o
    0x080024b4   0x00000046   Code   RO         2329    i.GPIO_PinAFConfig  stm32f4xx_gpio.o
    0x080024fa   0x00000004   Code   RO         2335    i.GPIO_ResetBits    stm32f4xx_gpio.o
    0x080024fe   0x00000004   Code   RO         2336    i.GPIO_SetBits      stm32f4xx_gpio.o
    0x08002502   0x00000002   PAD
    0x08002504   0x000001d0   Code   RO         7617    i.GetSector         flash.o
    0x080026d4   0x000001d4   Code   RO         7618    i.Get_Next_Flash_Address  flash.o
    0x080028a8   0x00000030   Code   RO         8389    i.Gimbal_PID_clear  gimbal_task.o
    0x080028d8   0x00000004   Code   RO           15    i.HardFault_Handler  stm32f4xx_it.o
    0x080028dc   0x0000012c   Code   RO         8019    i.IMU_Cali_Slove    ins_task.o
    0x08002a08   0x000000c0   Code   RO         8020    i.IMU_temp_Control  ins_task.o
    0x08002ac8   0x00000320   Code   RO         8021    i.INSTask           ins_task.o
    0x08002de8   0x00000074   Code   RO         8022    i.INS_cali_gyro     ins_task.o
    0x08002e5c   0x00000020   Code   RO         8023    i.INS_set_cali_gyro  ins_task.o
    0x08002e7c   0x00000004   Code   RO           16    i.MemManage_Handler  stm32f4xx_it.o
    0x08002e80   0x00000002   Code   RO           17    i.NMI_Handler       stm32f4xx_it.o
    0x08002e82   0x00000002   PAD
    0x08002e84   0x00000078   Code   RO          301    i.NVIC_Init         misc.o
    0x08002efc   0x00000014   Code   RO          302    i.NVIC_PriorityGroupConfig  misc.o
    0x08002f10   0x000001f0   Code   RO         7466    i.PID_Calc          pid.o
    0x08003100   0x00000060   Code   RO         7467    i.PID_Init          pid.o
    0x08003160   0x0000004c   Code   RO         7468    i.PID_clear         pid.o
    0x080031ac   0x00000020   Code   RO         3266    i.RCC_AHB1PeriphClockCmd  stm32f4xx_rcc.o
    0x080031cc   0x00000020   Code   RO         3275    i.RCC_APB1PeriphClockCmd  stm32f4xx_rcc.o
    0x080031ec   0x00000020   Code   RO         3277    i.RCC_APB1PeriphResetCmd  stm32f4xx_rcc.o
    0x0800320c   0x00000020   Code   RO         3278    i.RCC_APB2PeriphClockCmd  stm32f4xx_rcc.o
    0x0800322c   0x00000020   Code   RO         3280    i.RCC_APB2PeriphResetCmd  stm32f4xx_rcc.o
    0x0800324c   0x000000e8   Code   RO         3287    i.RCC_GetClocksFreq  stm32f4xx_rcc.o
    0x08003334   0x0000014c   Code   RO         7577    i.RC_Init           rc.o
    0x08003480   0x00000228   Code   RO         8212    i.RC_cmd_to_calibrate  calibrate_task.o
    0x080036a8   0x00000010   Code   RO         7579    i.RC_unable         rc.o
    0x080036b8   0x000000da   Code   RO         8146    i.SBUS_TO_RC        remote_control.o
    0x08003792   0x00000002   PAD
    0x08003794   0x000000c0   Code   RO         7424    i.SPI5Init          spi.o
    0x08003854   0x00000030   Code   RO         7425    i.SPI5SetSpeedAndDataSize  spi.o
    0x08003884   0x00000074   Code   RO         7426    i.SPI5_DMA_Enable   spi.o
    0x080038f8   0x000000f8   Code   RO         7427    i.SPI5_DMA_Init     spi.o
    0x080039f0   0x00000018   Code   RO         4427    i.SPI_Cmd           stm32f4xx_spi.o
    0x08003a08   0x00000012   Code   RO         4433    i.SPI_I2S_DMACmd    stm32f4xx_spi.o
    0x08003a1a   0x00000012   Code   RO         4435    i.SPI_I2S_GetFlagStatus  stm32f4xx_spi.o
    0x08003a2c   0x00000006   Code   RO         4438    i.SPI_I2S_ReceiveData  stm32f4xx_spi.o
    0x08003a32   0x00000004   Code   RO         4439    i.SPI_I2S_SendData  stm32f4xx_spi.o
    0x08003a36   0x0000003c   Code   RO         4440    i.SPI_Init          stm32f4xx_spi.o
    0x08003a72   0x00000002   PAD
    0x08003a74   0x00000040   Code   RO         4592    i.SYSCFG_EXTILineConfig  stm32f4xx_syscfg.o
    0x08003ab4   0x00000120   Code   RO          184    i.SetSysClock       system_stm32f4xx.o
    0x08003bd4   0x00000160   Code   RO         8683    i.Shoot_Feedback_Update  shoot.o
    0x08003d34   0x00000144   Code   RO         8684    i.Shoot_Set_Mode    shoot.o
    0x08003e78   0x00000028   Code   RO          305    i.SysTick_CLKSourceConfig  misc.o
    0x08003ea0   0x00000010   Code   RO         7900    i.SysTick_Handler   freertos_middleware.o
    0x08003eb0   0x00000068   Code   RO          186    i.SystemInit        system_stm32f4xx.o
    0x08003f18   0x00000030   Code   RO         7901    i.TIM3_IRQHandler   freertos_middleware.o
    0x08003f48   0x000000dc   Code   RO         7498    i.TIM3_Init         timer.o
    0x08004024   0x00000024   Code   RO         8588    i.TIM6_DAC_IRQHandler  can_receive.o
    0x08004048   0x00000078   Code   RO         7499    i.TIM6_Init         timer.o
    0x080040c0   0x00000018   Code   RO         4653    i.TIM_ARRPreloadConfig  stm32f4xx_tim.o
    0x080040d8   0x00000006   Code   RO         4659    i.TIM_ClearFlag     stm32f4xx_tim.o
    0x080040de   0x00000018   Code   RO         4665    i.TIM_Cmd           stm32f4xx_tim.o
    0x080040f6   0x0000001e   Code   RO         4667    i.TIM_CtrlPWMOutputs  stm32f4xx_tim.o
    0x08004114   0x00000190   Code   RO         4670    i.TIM_DeInit        stm32f4xx_tim.o
    0x080042a4   0x00000022   Code   RO         4686    i.TIM_GetITStatus   stm32f4xx_tim.o
    0x080042c6   0x00000012   Code   RO         4690    i.TIM_ITConfig      stm32f4xx_tim.o
    0x080042d8   0x0000007c   Code   RO         4694    i.TIM_OC1Init       stm32f4xx_tim.o
    0x08004354   0x00000012   Code   RO         4697    i.TIM_OC1PreloadConfig  stm32f4xx_tim.o
    0x08004366   0x00000002   PAD
    0x08004368   0x000000a4   Code   RO         4699    i.TIM_OC2Init       stm32f4xx_tim.o
    0x0800440c   0x0000001a   Code   RO         4702    i.TIM_OC2PreloadConfig  stm32f4xx_tim.o
    0x08004426   0x00000002   PAD
    0x08004428   0x00000078   Code   RO         4709    i.TIM_OC4Init       stm32f4xx_tim.o
    0x080044a0   0x0000001a   Code   RO         4711    i.TIM_OC4PreloadConfig  stm32f4xx_tim.o
    0x080044ba   0x00000004   Code   RO         4727    i.TIM_SetCompare1   stm32f4xx_tim.o
    0x080044be   0x00000004   Code   RO         4728    i.TIM_SetCompare2   stm32f4xx_tim.o
    0x080044c2   0x00000004   Code   RO         4730    i.TIM_SetCompare4   stm32f4xx_tim.o
    0x080044c6   0x00000002   PAD
    0x080044c8   0x00000084   Code   RO         4737    i.TIM_TimeBaseInit  stm32f4xx_tim.o
    0x0800454c   0x000000e4   Code   RO         8147    i.USART1_IRQHandler  remote_control.o
    0x08004630   0x00000012   Code   RO         5215    i.USART_ClearFlag   stm32f4xx_usart.o
    0x08004642   0x00000018   Code   RO         5219    i.USART_Cmd         stm32f4xx_usart.o
    0x0800465a   0x00000012   Code   RO         5220    i.USART_DMACmd      stm32f4xx_usart.o
    0x0800466c   0x000000f0   Code   RO         5221    i.USART_DeInit      stm32f4xx_usart.o
    0x0800475c   0x00000054   Code   RO         5223    i.USART_GetITStatus  stm32f4xx_usart.o
    0x080047b0   0x0000004a   Code   RO         5225    i.USART_ITConfig    stm32f4xx_usart.o
    0x080047fa   0x00000002   PAD
    0x080047fc   0x000000d4   Code   RO         5226    i.USART_Init        stm32f4xx_usart.o
    0x080048d0   0x0000000a   Code   RO         5233    i.USART_ReceiveData  stm32f4xx_usart.o
    0x080048da   0x00000004   Code   RO           18    i.UsageFault_Handler  stm32f4xx_it.o
    0x080048de   0x00000002   PAD
    0x080048e0   0x00000068   Code   RO         8122    i.UserTask          user_task.o
    0x08004948   0x00000026   Code   RO         9481    i.__ARM_fpclassifyf  m_wm.l(fpclassifyf.o)
    0x0800496e   0x00000002   PAD
    0x08004970   0x0000012c   Code   RO         9157    i.__hardfp_asinf    m_wm.l(asinf.o)
    0x08004a9c   0x00000250   Code   RO         9169    i.__hardfp_atan2f   m_wm.l(atan2f.o)
    0x08004cec   0x00000014   Code   RO         9181    i.__hardfp_fabs     m_wm.l(fabs.o)
    0x08004d00   0x00000006   Code   RO         9484    i.__mathlib_flt_infnan  m_wm.l(funder.o)
    0x08004d06   0x00000006   Code   RO         9485    i.__mathlib_flt_infnan2  m_wm.l(funder.o)
    0x08004d0c   0x00000010   Code   RO         9486    i.__mathlib_flt_invalid  m_wm.l(funder.o)
    0x08004d1c   0x00000010   Code   RO         9489    i.__mathlib_flt_underflow  m_wm.l(funder.o)
    0x08004d2c   0x0000000e   Code   RO         9565    i.__scatterload_copy  mc_w.l(handlers.o)
    0x08004d3a   0x00000002   Code   RO         9566    i.__scatterload_null  mc_w.l(handlers.o)
    0x08004d3c   0x0000000e   Code   RO         9567    i.__scatterload_zeroinit  mc_w.l(handlers.o)
    0x08004d4a   0x00000002   PAD
    0x08004d4c   0x0000000c   Code   RO         9535    i.__set_errno       mc_w.l(errno.o)
    0x08004d58   0x00000030   Code   RO         6506    i.abs_limit         user_lib.o
    0x08004d88   0x000001d0   Code   RO         8979    i.accel_comple_filter  AHRS.lib(ahrs.o)
    0x08004f58   0x0000018c   Code   RO         8980    i.accel_update_kp_ki  AHRS.lib(ahrs.o)
    0x080050e4   0x0000016c   Code   RO         8981    i.angle_to_quat     AHRS.lib(ahrs.o)
    0x08005250   0x00000010   Code   RO         7539    i.buzzer_off        buzzer.o
    0x08005260   0x0000001c   Code   RO         7540    i.buzzer_on         buzzer.o
    0x0800527c   0x00000180   Code   RO         8390    i.calc_gimbal_cali  gimbal_task.o
    0x080053fc   0x000000ec   Code   RO         8213    i.cali_data_read    calibrate_task.o
    0x080054e8   0x00000084   Code   RO         8214    i.cali_data_write   calibrate_task.o
    0x0800556c   0x0000005e   Code   RO         8215    i.cali_gimbal_hook  calibrate_task.o
    0x080055ca   0x00000002   PAD
    0x080055cc   0x00000050   Code   RO         8216    i.cali_gyro_hook    calibrate_task.o
    0x0800561c   0x00000054   Code   RO         8217    i.cali_head_hook    calibrate_task.o
    0x08005670   0x000000b8   Code   RO         8218    i.cali_param_init   calibrate_task.o
    0x08005728   0x00000148   Code   RO         8219    i.calibrate_task    calibrate_task.o
    0x08005870   0x00000074   Code   RO         8755    i.chassis_behaviour_control_set  chassis_behaviour.o
    0x080058e4   0x0000007c   Code   RO         8756    i.chassis_behaviour_mode_set  chassis_behaviour.o
    0x08005960   0x000001c4   Code   RO         8817    i.chassis_control_loop  chassis_task.o
    0x08005b24   0x00000168   Code   RO         8818    i.chassis_feedback_update  chassis_task.o
    0x08005c8c   0x0000011c   Code   RO         8757    i.chassis_infantry_follow_gimbal_yaw_control  chassis_behaviour.o
    0x08005da8   0x000000e0   Code   RO         8819    i.chassis_init      chassis_task.o
    0x08005e88   0x00000058   Code   RO         8820    i.chassis_mode_change_control_transit  chassis_task.o
    0x08005ee0   0x00000044   Code   RO         8758    i.chassis_no_follow_yaw_control  chassis_behaviour.o
    0x08005f24   0x0000002c   Code   RO         8759    i.chassis_no_move_control  chassis_behaviour.o
    0x08005f50   0x0000015c   Code   RO         8821    i.chassis_rc_to_control_vector  chassis_task.o
    0x080060ac   0x000001ac   Code   RO         8822    i.chassis_set_contorl  chassis_task.o
    0x08006258   0x00000012   Code   RO         8823    i.chassis_set_mode  chassis_task.o
    0x0800626a   0x00000002   PAD
    0x0800626c   0x0000004c   Code   RO         8824    i.chassis_task      chassis_task.o
    0x080062b8   0x00000054   Code   RO         8825    i.chassis_vector_to_mecanum_wheel_speed  chassis_task.o
    0x0800630c   0x0000002c   Code   RO         8760    i.chassis_zero_force_control  chassis_behaviour.o
    0x08006338   0x000000cc   Code   RO         8391    i.cmd_cali_gimbal_hook  gimbal_task.o
    0x08006404   0x0000006c   Code   RO         7313    i.delay_init        delay.o
    0x08006470   0x00000050   Code   RO         7314    i.delay_ms          delay.o
    0x080064c0   0x00000050   Code   RO         7315    i.delay_us          delay.o
    0x08006510   0x00000054   Code   RO         6507    i.first_order_filter_cali  user_lib.o
    0x08006564   0x00000024   Code   RO         6508    i.first_order_filter_init  user_lib.o
    0x08006588   0x00000020   Code   RO         7619    i.flash_read        flash.o
    0x080065a8   0x000000b8   Code   RO         7621    i.flash_write_single_address  flash.o
    0x08006660   0x00000018   Code   RO         7232    i.flow_led_off      led.o
    0x08006678   0x0000002a   Code   RO         6509    i.fp32_constrain    user_lib.o
    0x080066a2   0x00000002   PAD
    0x080066a4   0x00000014   Code   RO         7685    i.fric1_on          fric.o
    0x080066b8   0x00000014   Code   RO         7686    i.fric2_on          fric.o
    0x080066cc   0x00000144   Code   RO         7687    i.fric_PWM_configuration  fric.o
    0x08006810   0x0000001c   Code   RO         7688    i.fric_off          fric.o
    0x0800682c   0x00000038   Code   RO         7354    i.get_ADC           adc.o
    0x08006864   0x00000018   Code   RO         8589    i.get_Chassis_Motor_Measure_Point  can_receive.o
    0x0800687c   0x00000008   Code   RO         8024    i.get_INS_angle_point  ins_task.o
    0x08006884   0x00000008   Code   RO         8026    i.get_MPU6500_Gyro_Data_Point  ins_task.o
    0x0800688c   0x00000008   Code   RO         8590    i.get_Pitch_Gimbal_Motor_Measure_Point  can_receive.o
    0x08006894   0x00000008   Code   RO         8591    i.get_Trigger_Motor_Measure_Point  can_receive.o
    0x0800689c   0x00000008   Code   RO         8592    i.get_Yaw_Gimbal_Motor_Measure_Point  can_receive.o
    0x080068a4   0x000000e8   Code   RO         8982    i.get_angle         AHRS.lib(ahrs.o)
    0x0800698c   0x0000000c   Code   RO         8221    i.get_control_temperate  calibrate_task.o
    0x08006998   0x00000008   Code   RO         8392    i.get_pitch_motor_point  gimbal_task.o
    0x080069a0   0x00000008   Code   RO         8148    i.get_remote_control_point  remote_control.o
    0x080069a8   0x0000005c   Code   RO         7355    i.get_temprate      adc.o
    0x08006a04   0x00000008   Code   RO         8393    i.get_yaw_motor_point  gimbal_task.o
    0x08006a0c   0x0000000c   Code   RO         8289    i.gimbal_absolute_angle_control  gimbal_behaviour.o
    0x08006a18   0x00000170   Code   RO         8290    i.gimbal_behaviour_control_set  gimbal_behaviour.o
    0x08006b88   0x0000008c   Code   RO         8291    i.gimbal_behaviour_mode_set  gimbal_behaviour.o
    0x08006c14   0x00000290   Code   RO         8292    i.gimbal_behavour_set  gimbal_behaviour.o
    0x08006ea4   0x000001d0   Code   RO         8293    i.gimbal_cali_control  gimbal_behaviour.o
    0x08007074   0x00000024   Code   RO         8295    i.gimbal_cmd_to_shoot_stop  gimbal_behaviour.o
    0x08007098   0x000000dc   Code   RO         8296    i.gimbal_init_control  gimbal_behaviour.o
    0x08007174   0x00000020   Code   RO         8297    i.gimbal_motionless_control  gimbal_behaviour.o
    0x08007194   0x0000005c   Code   RO         8394    i.gimbal_motor_absolute_angle_control  gimbal_task.o
    0x080071f0   0x00000022   Code   RO         8395    i.gimbal_motor_raw_angle_control  gimbal_task.o
    0x08007212   0x0000005e   Code   RO         8396    i.gimbal_motor_relative_angle_control  gimbal_task.o
    0x08007270   0x0000000c   Code   RO         8298    i.gimbal_relative_angle_control  gimbal_behaviour.o
    0x0800727c   0x00000020   Code   RO         8299    i.gimbal_zero_force_control  gimbal_behaviour.o
    0x0800729c   0x00000068   Code   RO         6910    i.gyro_offset       mpu6500driver.o
    0x08007304   0x00000058   Code   RO         6746    i.ist8310_GPIO_init  ist8310driver_middleware.o
    0x0800735c   0x0000002c   Code   RO         6748    i.ist8310_IIC_read_single_reg  ist8310driver_middleware.o
    0x08007388   0x00000024   Code   RO         6750    i.ist8310_IIC_write_single_reg  ist8310driver_middleware.o
    0x080073ac   0x00000010   Code   RO         6751    i.ist8310_RST_H     ist8310driver_middleware.o
    0x080073bc   0x00000010   Code   RO         6752    i.ist8310_RST_L     ist8310driver_middleware.o
    0x080073cc   0x00000018   Code   RO         6753    i.ist8310_auto_com_by_mpu6500  ist8310driver_middleware.o
    0x080073e4   0x00000002   Code   RO         6754    i.ist8310_com_init  ist8310driver_middleware.o
    0x080073e6   0x0000000c   Code   RO         6755    i.ist8310_delay_ms  ist8310driver_middleware.o
    0x080073f2   0x0000000c   Code   RO         6756    i.ist8310_delay_us  ist8310driver_middleware.o
    0x080073fe   0x00000002   PAD
    0x08007400   0x00000090   Code   RO         6711    i.ist8310_init      ist8310driver.o
    0x08007490   0x00000084   Code   RO         6713    i.ist8310_read_over  ist8310driver.o
    0x08007514   0x0000003c   Code   RO         7730    i.laser_configuration  laser.o
    0x08007550   0x00000014   Code   RO         7732    i.laser_on          laser.o
    0x08007564   0x0000006c   Code   RO         7235    i.led_configuration  led.o
    0x080075d0   0x00000014   Code   RO         7236    i.led_green_off     led.o
    0x080075e4   0x00000014   Code   RO         7237    i.led_green_on      led.o
    0x080075f8   0x00000014   Code   RO         7239    i.led_red_off       led.o
    0x0800760c   0x00000060   Code   RO         6514    i.loop_fp32_constrain  user_lib.o
    0x0800766c   0x00000016   Code   RO         7051    i.main              main.o
    0x08007682   0x00000002   PAD
    0x08007684   0x00000034   Code   RO         8397    i.motor_ecd_to_angle_change  gimbal_task.o
    0x080076b8   0x00000034   Code   RO         6964    i.mpu6500_GPIO_init  mpu6500driver_middleware.o
    0x080076ec   0x00000010   Code   RO         6965    i.mpu6500_SPI_NS_H  mpu6500driver_middleware.o
    0x080076fc   0x00000010   Code   RO         6966    i.mpu6500_SPI_NS_L  mpu6500driver_middleware.o
    0x0800770c   0x00000054   Code   RO         6967    i.mpu6500_SPI_read_write_byte  mpu6500driver_middleware.o
    0x08007760   0x00000008   Code   RO         6968    i.mpu6500_com_init  mpu6500driver_middleware.o
    0x08007768   0x000000c4   Code   RO         6911    i.mpu6500_init      mpu6500driver.o
    0x0800782c   0x0000000c   Code   RO         6969    i.mpu6500_middleware_delay_ms  mpu6500driver_middleware.o
    0x08007838   0x0000000c   Code   RO         6970    i.mpu6500_middleware_delay_us  mpu6500driver_middleware.o
    0x08007844   0x00000140   Code   RO         6914    i.mpu6500_read_over  mpu6500driver.o
    0x08007984   0x00000020   Code   RO         6972    i.mpu6500_read_single_reg  mpu6500driver_middleware.o
    0x080079a4   0x00000034   Code   RO         6973    i.mpu6500_write_muli_reg  mpu6500driver_middleware.o
    0x080079d8   0x0000001c   Code   RO         6974    i.mpu6500_write_single_reg  mpu6500driver_middleware.o
    0x080079f4   0x00000030   Code   RO         5883    i.pcTaskGetName     tasks.o
    0x08007a24   0x00000048   Code   RO         7854    i.power_ctrl_configuration  power_ctrl.o
    0x08007a6c   0x00000020   Code   RO         7855    i.power_ctrl_off    power_ctrl.o
    0x08007a8c   0x00000020   Code   RO         7856    i.power_ctrl_on     power_ctrl.o
    0x08007aac   0x00000098   Code   RO         5884    i.prvAddCurrentTaskToDelayedList  tasks.o
    0x08007b44   0x000000b8   Code   RO         5885    i.prvAddNewTaskToReadyList  tasks.o
    0x08007bfc   0x00000064   Code   RO         6253    i.prvCheckForValidListAndQueue  timers.o
    0x08007c60   0x00000064   Code   RO         5886    i.prvCheckTasksWaitingTermination  tasks.o
    0x08007cc4   0x0000002a   Code   RO         5648    i.prvCopyDataFromQueue  queue.o
    0x08007cee   0x0000007c   Code   RO         5649    i.prvCopyDataToQueue  queue.o
    0x08007d6a   0x00000012   Code   RO         5887    i.prvDeleteTCB      tasks.o
    0x08007d7c   0x00000028   Code   RO         6254    i.prvGetNextExpireTime  timers.o
    0x08007da4   0x0000007c   Code   RO         6383    i.prvHeapInit       heap_4.o
    0x08007e20   0x00000028   Code   RO         5888    i.prvIdleTask       tasks.o
    0x08007e48   0x0000002e   Code   RO         5651    i.prvInitialiseNewQueue  queue.o
    0x08007e76   0x000000b4   Code   RO         5889    i.prvInitialiseNewTask  tasks.o
    0x08007f2a   0x00000002   PAD
    0x08007f2c   0x00000068   Code   RO         5890    i.prvInitialiseTaskLists  tasks.o
    0x08007f94   0x00000068   Code   RO         6384    i.prvInsertBlockIntoFreeList  heap_4.o
    0x08007ffc   0x00000058   Code   RO         6256    i.prvInsertTimerInActiveList  timers.o
    0x08008054   0x0000001a   Code   RO         5652    i.prvIsQueueEmpty   queue.o
    0x0800806e   0x0000001e   Code   RO         5653    i.prvIsQueueFull    queue.o
    0x0800808c   0x00000090   Code   RO         5654    i.prvNotifyQueueSetContainer  queue.o
    0x0800811c   0x00000064   Code   RO         6257    i.prvProcessExpiredTimer  timers.o
    0x08008180   0x000000f8   Code   RO         6258    i.prvProcessReceivedCommands  timers.o
    0x08008278   0x00000074   Code   RO         6259    i.prvProcessTimerOrBlockTask  timers.o
    0x080082ec   0x00000034   Code   RO         5892    i.prvResetNextTaskUnblockTime  tasks.o
    0x08008320   0x0000002c   Code   RO         6260    i.prvSampleTimeNow  timers.o
    0x0800834c   0x0000009e   Code   RO         5893    i.prvSearchForNameWithinSingleList  tasks.o
    0x080083ea   0x00000002   PAD
    0x080083ec   0x000000a0   Code   RO         6261    i.prvSwitchTimerLists  timers.o
    0x0800848c   0x00000016   Code   RO         5894    i.prvTaskCheckFreeStackSpace  tasks.o
    0x080084a2   0x00000002   PAD
    0x080084a4   0x00000040   Code   RO         6433    i.prvTaskExitError  port.o
    0x080084e4   0x0000001a   Code   RO         6262    i.prvTimerTask      timers.o
    0x080084fe   0x00000092   Code   RO         5655    i.prvUnlockQueue    queue.o
    0x08008590   0x0000013c   Code   RO         6385    i.pvPortMalloc      heap_4.o
    0x080086cc   0x00000020   Code   RO         5897    i.pvTaskIncrementMutexHeldCount  tasks.o
    0x080086ec   0x0000002c   Code   RO         6434    i.pxPortInitialiseStack  port.o
    0x08008718   0x00000084   Code   RO         8987    i.quat_normalization  AHRS.lib(ahrs.o)
    0x0800879c   0x0000005a   Code   RO         6515    i.ramp_calc         user_lib.o
    0x080087f6   0x00000002   PAD
    0x080087f8   0x0000002c   Code   RO         6516    i.ramp_init         user_lib.o
    0x08008824   0x00000014   Code   RO         8149    i.remote_control_init  remote_control.o
    0x08008838   0x00000020   Code   RO         8398    i.set_cali_gimbal_hook  gimbal_task.o
    0x08008858   0x000000a8   Code   RO         8685    i.shoot_bullet_control  shoot.o
    0x08008900   0x00000184   Code   RO         8686    i.shoot_control_loop  shoot.o
    0x08008a84   0x000000cc   Code   RO         8687    i.shoot_init        shoot.o
    0x08008b50   0x0000003e   Code   RO         9502    i.sqrtf             m_wm.l(sqrtf_full.o)
    0x08008b8e   0x00000002   PAD
    0x08008b90   0x0000002c   Code   RO         7959    i.startTast         start_task.o
    0x08008bbc   0x000000e8   Code   RO         7960    i.start_task        start_task.o
    0x08008ca4   0x0000002c   Code   RO         7356    i.temperature_ADC_Reset  adc.o
    0x08008cd0   0x00000054   Code   RO         7357    i.temperature_ADC_init  adc.o
    0x08008d24   0x00000074   Code   RO         5898    i.ulTaskNotifyTake  tasks.o
    0x08008d98   0x0000007a   Code   RO         8988    i.update_w          AHRS.lib(ahrs.o)
    0x08008e12   0x00000028   Code   RO         5611    i.uxListRemove      list.o
    0x08008e3a   0x00000002   PAD
    0x08008e3c   0x00000028   Code   RO         5900    i.uxTaskGetStackHighWaterMark  tasks.o
    0x08008e64   0x0000001a   Code   RO         5612    i.vListInitialise   list.o
    0x08008e7e   0x00000006   Code   RO         5613    i.vListInitialiseItem  list.o
    0x08008e84   0x00000034   Code   RO         5614    i.vListInsert       list.o
    0x08008eb8   0x00000018   Code   RO         5615    i.vListInsertEnd    list.o
    0x08008ed0   0x00000054   Code   RO         6436    i.vPortEnterCritical  port.o
    0x08008f24   0x0000003c   Code   RO         6437    i.vPortExitCritical  port.o
    0x08008f60   0x00000094   Code   RO         6386    i.vPortFree         heap_4.o
    0x08008ff4   0x00000002   Code   RO         7902    i.vPortSetupTimerInterrupt  freertos_middleware.o
    0x08008ff6   0x00000002   PAD
    0x08008ff8   0x00000078   Code   RO         6438    i.vPortValidateInterruptPriority  port.o
    0x08009070   0x0000002c   Code   RO         5661    i.vQueueAddToRegistry  queue.o
    0x0800909c   0x0000004a   Code   RO         5665    i.vQueueWaitForMessageRestricted  queue.o
    0x080090e6   0x00000002   PAD
    0x080090e8   0x0000005c   Code   RO         5906    i.vTaskDelay        tasks.o
    0x08009144   0x000000f4   Code   RO         5908    i.vTaskDelete       tasks.o
    0x08009238   0x0000000c   Code   RO         5912    i.vTaskMissedYield  tasks.o
    0x08009244   0x000000f0   Code   RO         5913    i.vTaskNotifyGiveFromISR  tasks.o
    0x08009334   0x00000038   Code   RO         5914    i.vTaskPlaceOnEventList  tasks.o
    0x0800936c   0x00000040   Code   RO         5915    i.vTaskPlaceOnEventListRestricted  tasks.o
    0x080093ac   0x000000b0   Code   RO         5917    i.vTaskPriorityInherit  tasks.o
    0x0800945c   0x00000030   Code   RO         5921    i.vTaskSetTimeOutState  tasks.o
    0x0800948c   0x00000094   Code   RO         5922    i.vTaskStartScheduler  tasks.o
    0x08009520   0x00000010   Code   RO         5924    i.vTaskSuspendAll   tasks.o
    0x08009530   0x0000008c   Code   RO         5925    i.vTaskSwitchContext  tasks.o
    0x080095bc   0x0000013c   Code   RO         6439    i.xPortStartScheduler  port.o
    0x080096f8   0x00000034   Code   RO         6440    i.xPortSysTickHandler  port.o
    0x0800972c   0x00000058   Code   RO         5670    i.xQueueGenericCreate  queue.o
    0x08009784   0x000001c4   Code   RO         5671    i.xQueueGenericReceive  queue.o
    0x08009948   0x00000098   Code   RO         5672    i.xQueueGenericReset  queue.o
    0x080099e0   0x000001c8   Code   RO         5673    i.xQueueGenericSend  queue.o
    0x08009ba8   0x00000108   Code   RO         5674    i.xQueueGenericSendFromISR  queue.o
    0x08009cb0   0x0000008c   Code   RO         5926    i.xTaskCheckForTimeOut  tasks.o
    0x08009d3c   0x00000060   Code   RO         5927    i.xTaskCreate       tasks.o
    0x08009d9c   0x000000a4   Code   RO         5931    i.xTaskGetHandle    tasks.o
    0x08009e40   0x00000020   Code   RO         5932    i.xTaskGetSchedulerState  tasks.o
    0x08009e60   0x0000000c   Code   RO         5933    i.xTaskGetTickCount  tasks.o
    0x08009e6c   0x00000148   Code   RO         5935    i.xTaskIncrementTick  tasks.o
    0x08009fb4   0x000000c8   Code   RO         5938    i.xTaskPriorityDisinherit  tasks.o
    0x0800a07c   0x00000098   Code   RO         5939    i.xTaskRemoveFromEventList  tasks.o
    0x0800a114   0x00000104   Code   RO         5941    i.xTaskResumeAll    tasks.o
    0x0800a218   0x00000054   Code   RO         6266    i.xTimerCreateTimerTask  timers.o
    0x0800a26c   0x00000084   Code   RO         6267    i.xTimerGenericCommand  timers.o
    0x0800a2f0   0x0000000c   Data   RO         6714    .constdata          ist8310driver.o
    0x0800a2fc   0x0000002a   Data   RO         6916    .constdata          mpu6500driver.o
    0x0800a326   0x00000002   PAD
    0x0800a328   0x00000030   Data   RO         8028    .constdata          ins_task.o
    0x0800a358   0x0000000f   Data   RO         8223    .constdata          calibrate_task.o
    0x0800a367   0x00000001   PAD
    0x0800a368   0x00000018   Data   RO         8400    .constdata          gimbal_task.o
    0x0800a380   0x00000018   Data   RO         8689    .constdata          shoot.o
    0x0800a398   0x00000020   Data   RO         8827    .constdata          chassis_task.o
    0x0800a3b8   0x0000000c   Data   RO         8989    .constdata          AHRS.lib(ahrs.o)
    0x0800a3c4   0x00000804   Data   RO         9122    .constdata          arm_cortexM4lf_math.lib(arm_common_tables.o)
    0x0800abc8   0x00000020   Data   RO         9563    Region$$Table       anon$$obj.o


    Execution Region RW_IRAM1 (Base: 0x20000000, Size: 0x000210e0, Max: 0x00030000, ABSOLUTE, COMPRESSED[0x00000064])

    Base Addr    Size         Type   Attr      Idx    E Section Name        Object

    0x20000000   0x00000014   Data   RW          187    .data               system_stm32f4xx.o
    0x20000014   0x00000010   Data   RW         3319    .data               stm32f4xx_rcc.o
    0x20000024   0x0000003c   Data   RW         5944    .data               tasks.o
    0x20000060   0x00000014   Data   RW         6273    .data               timers.o
    0x20000074   0x00000018   Data   RW         6391    .data               heap_4.o
    0x2000008c   0x0000000c   Data   RW         6441    .data               port.o
    0x20000098   0x00000001   Data   RW         6917    .data               mpu6500driver.o
    0x20000099   0x00000003   PAD
    0x2000009c   0x00000008   Data   RW         7316    .data               delay.o
    0x200000a4   0x00000004   PAD
    0x200000a8   0x00000008   Data   RW         7903    .data               freertos_middleware.o
    0x200000b0   0x00000018   Data   RW         7961    .data               start_task.o
    0x200000c8   0x00000080   Data   RW         8029    .data               ins_task.o
    0x20000148   0x0000000c   Data   RW         8124    .data               user_task.o
    0x20000154   0x00000002   Data   RW         8153    .data               remote_control.o
    0x20000156   0x00000002   PAD
    0x20000158   0x00000052   Data   RW         8224    .data               calibrate_task.o
    0x200001aa   0x00000002   PAD
    0x200001ac   0x0000001a   Data   RW         8300    .data               gimbal_behaviour.o
    0x200001c6   0x00000002   PAD
    0x200001c8   0x00000014   Data   RW         8401    .data               gimbal_task.o
    0x200001dc   0x00000009   Data   RW         8595    .data               can_receive.o
    0x200001e5   0x00000003   PAD
    0x200001e8   0x0000001e   Data   RW         8690    .data               shoot.o
    0x20000206   0x00000002   PAD
    0x20000208   0x00000011   Data   RW         8761    .data               chassis_behaviour.o
    0x20000219   0x00000003   PAD
    0x2000021c   0x00000004   Data   RW         8828    .data               chassis_task.o
    0x20000220   0x00000010   Data   RW         8990    .data               AHRS.lib(ahrs.o)
    0x20000230   0x00000004   Data   RW         9536    .data               mc_w.l(errno.o)
    0x20000234   0x00000040   Zero   RW         5685    .bss                queue.o
    0x20000274   0x000002e4   Zero   RW         5943    .bss                tasks.o
    0x20000558   0x00000028   Zero   RW         6272    .bss                timers.o
    0x20000580   0x00020000   Zero   RW         6390    .bss                heap_4.o
    0x20020580   0x00000124   Zero   RW         8027    .bss                ins_task.o
    0x200206a4   0x0000005e   Zero   RW         8152    .bss                remote_control.o
    0x20020702   0x00000002   PAD
    0x20020704   0x000000a0   Zero   RW         8222    .bss                calibrate_task.o
    0x200207a4   0x000001e8   Zero   RW         8399    .bss                gimbal_task.o
    0x2002098c   0x00000084   Zero   RW         8594    .bss                can_receive.o
    0x20020a10   0x000000a4   Zero   RW         8688    .bss                shoot.o
    0x20020ab4   0x00000228   Zero   RW         8826    .bss                chassis_task.o
    0x20020cdc   0x00000004   PAD
    0x20020ce0   0x00000400   Zero   RW            1    STACK               startup_stm32f427xx.o


==============================================================================

Image component sizes


      Code (inc. data)   RO Data    RW Data    ZI Data      Debug   Object Name

       276         26          0          0          0       2390   adc.o
       196         12          0          0          0       5480   ahrs_middleware_1.o
        44         10          0          0          0       1133   buzzer.o
      1702        104         15         82        160       9673   calibrate_task.o
       548         16          0          0          0       2078   can.o
       800         84          0          9        132       8755   can_receive.o
       680         60          0         17          0       8954   chassis_behaviour.o
      2078        136         32          4        552      16148   chassis_task.o
         0          0          0          0          0       7304   croutine.o
       268         26          0          8          0       2267   delay.o
         0          0          0          0          0      11952   event_groups.o
       136          6          0          0          0        748   exit_init.o
      1148        178          0          0          0       4266   flash.o
        66          8          0          8          0       7934   freertos_middleware.o
       392         34          0          0          0       2470   fric.o
      1972        132          0         26          0      14453   gimbal_behaviour.o
      2604        122         24         20        488      22965   gimbal_task.o
       692         62          0         24     131072       4587   heap_4.o
      1576        210         48        128        292      10484   ins_task.o
       276         10         12          0          0       2703   ist8310driver.o
       250         24          0          0          0     329176   ist8310driver_middleware.o
        80         12          0          0          0       1117   laser.o
       192         36          0          0          0       2732   led.o
       148          0          0          0          0       3418   list.o
       134          0          0          0          0       4038   main.o
       180         24          0          0          0     349817   misc.o
       620         26         42          1          0       4469   mpu6500driver.o
       312         18          0          0          0       6775   mpu6500driver_middleware.o
       668         12          0          0          0       3034   pid.o
       922         86          0         12          0      11422   port.o
       136         18          0          0          0       1896   power_ctrl.o
      2088         22          0          0         64      17269   queue.o
       348         24          0          0          0       1838   rc.o
       474         32          0          2         94       4943   remote_control.o
      1436        182         24         30        164       6162   shoot.o
       604         36          0          0          0       2775   spi.o
       276        122          0         24          0       8186   start_task.o
        52         14        428          0       1024        860   startup_stm32f427xx.o
       424         34          0          0          0       6845   stm32f4xx_adc.o
      1566         16          0          0          0       6590   stm32f4xx_can.o
       730         54          0          0          0       8974   stm32f4xx_dma.o
       184         16          0          0          0       2172   stm32f4xx_exti.o
       402         40          0          0          0       4649   stm32f4xx_flash.o
       222          0          0          0          0       2983   stm32f4xx_gpio.o
        20          0          0          0          0       7277   stm32f4xx_it.o
       392         48          0         16          0       6045   stm32f4xx_rcc.o
       130          0          0          0          0       4251   stm32f4xx_spi.o
        64          4          0          0          0        680   stm32f4xx_syscfg.o
      1158        110          0          0          0      11612   stm32f4xx_tim.o
       680         42          0          0          0       6282   stm32f4xx_usart.o
       392         32          0         20          0       2597   system_stm32f4xx.o
      3866        474          0         60        740      29750   tasks.o
       340         14          0          0          0       1580   timer.o
      1138        116          0         20         40      17687   timers.o
       440          8          0          0          0       6507   user_lib.o
       104          8          0         12          0       1896   user_task.o

    ----------------------------------------------------------------------
     36694       2940        660        544     134828    1035048   Object Totals
         0          0         32          0          0          0   (incl. Generated)
        68          0          3         21          6          0   (incl. Padding)

    ----------------------------------------------------------------------

      Code (inc. data)   RO Data    RW Data    ZI Data      Debug   Library Member Name

      2718         84         12         16          0       9922   ahrs.o
         0          0       2052          0          0       4636   arm_common_tables.o
       120         12          0          0          0      16970   arm_cos_f32.o
       116         12          0          0          0        658   arm_sin_f32.o
       300         42          0          0          0        176   asinf.o
       592         90          0          0          0        184   atan2f.o
        20          0          0          0          0        124   fabs.o
        38          0          0          0          0        116   fpclassifyf.o
        44         12          0          0          0        464   funder.o
        62          0          0          0          0        136   sqrtf_full.o
        86          0          0          0          0          0   __dczerorl2.o
         0          0          0          0          0          0   entry.o
         0          0          0          0          0          0   entry10a.o
         0          0          0          0          0          0   entry11a.o
         8          4          0          0          0          0   entry2.o
         4          0          0          0          0          0   entry5.o
         0          0          0          0          0          0   entry7b.o
         0          0          0          0          0          0   entry8b.o
         8          4          0          0          0          0   entry9a.o
        12          6          0          4          0         68   errno.o
        30          0          0          0          0          0   handlers.o
        36          8          0          0          0         68   init.o
         0          0          0          0          0          0   iusefp.o
        36          0          0          0          0         68   memcpya.o
        36          0          0          0          0        108   memseta.o
        14          0          0          0          0         68   strlen.o
        48          0          0          0          0         68   cdcmple.o
        48          0          0          0          0         68   cdrcmple.o
        56          0          0          0          0         88   d2f.o
        38          0          0          0          0         68   f2d.o
       110          0          0          0          0        168   fepilogue.o

    ----------------------------------------------------------------------
      4590        274       2064         20          0      34226   Library Totals
        10          0          0          0          0          0   (incl. Padding)

    ----------------------------------------------------------------------

      Code (inc. data)   RO Data    RW Data    ZI Data      Debug   Library Name

      2718         84         12         16          0       9922   AHRS.lib
       236         24       2052          0          0      22264   arm_cortexM4lf_math.lib
      1056        144          0          0          0       1200   m_wm.l
       270         22          0          4          0        380   mc_w.l
       300          0          0          0          0        460   mf_w.l

    ----------------------------------------------------------------------
      4590        274       2064         20          0      34226   Library Totals

    ----------------------------------------------------------------------

==============================================================================


      Code (inc. data)   RO Data    RW Data    ZI Data      Debug   

     41284       3214       2724        564     134828    1035246   Grand Totals
     41284       3214       2724        100     134828    1035246   ELF Image Totals (compressed)
     41284       3214       2724        100          0          0   ROM Totals

==============================================================================

    Total RO  Size (Code + RO Data)                44008 (  42.98kB)
    Total RW  Size (RW Data + ZI Data)            135392 ( 132.22kB)
    Total ROM Size (Code + RO Data + RW Data)      44108 (  43.07kB)

==============================================================================

