Component: ARM Compiler 5.05 update 1 (build 106) Tool: armlink [4d0efa]

==============================================================================

Section Cross References

    startup_stm32f427xx.o(RESET) refers to startup_stm32f427xx.o(STACK) for __initial_sp
    startup_stm32f427xx.o(RESET) refers to startup_stm32f427xx.o(.text) for Reset_Handler
    startup_stm32f427xx.o(RESET) refers to stm32f4xx_it.o(i.NMI_Handler) for NMI_Handler
    startup_stm32f427xx.o(RESET) refers to stm32f4xx_it.o(i.HardFault_Handler) for HardFault_Handler
    startup_stm32f427xx.o(RESET) refers to stm32f4xx_it.o(i.MemManage_Handler) for MemManage_Handler
    startup_stm32f427xx.o(RESET) refers to stm32f4xx_it.o(i.BusFault_Handler) for BusFault_Handler
    startup_stm32f427xx.o(RESET) refers to stm32f4xx_it.o(i.UsageFault_Handler) for UsageFault_Handler
    startup_stm32f427xx.o(RESET) refers to port.o(.emb_text) for SVC_Handler
    startup_stm32f427xx.o(RESET) refers to stm32f4xx_it.o(i.DebugMon_Handler) for DebugMon_Handler
    startup_stm32f427xx.o(RESET) refers to freertos_middleware.o(i.SysTick_Handler) for SysTick_Handler
    startup_stm32f427xx.o(RESET) refers to can_receive.o(i.CAN1_RX0_IRQHandler) for CAN1_RX0_IRQHandler
    startup_stm32f427xx.o(RESET) refers to freertos_middleware.o(i.TIM3_IRQHandler) for TIM3_IRQHandler
    startup_stm32f427xx.o(RESET) refers to remote_control.o(i.USART1_IRQHandler) for USART1_IRQHandler
    startup_stm32f427xx.o(RESET) refers to can_receive.o(i.TIM6_DAC_IRQHandler) for TIM6_DAC_IRQHandler
    startup_stm32f427xx.o(RESET) refers to can_receive.o(i.CAN2_RX0_IRQHandler) for CAN2_RX0_IRQHandler
    startup_stm32f427xx.o(.text) refers to system_stm32f4xx.o(i.SystemInit) for SystemInit
    startup_stm32f427xx.o(.text) refers to entry.o(.ARM.Collect$$$$00000000) for __main
    system_stm32f4xx.o(i.SystemCoreClockUpdate) refers to system_stm32f4xx.o(.data) for SystemCoreClock
    system_stm32f4xx.o(i.SystemInit) refers to system_stm32f4xx.o(i.SetSysClock) for SetSysClock
    stm32f4xx_adc.o(i.ADC_DeInit) refers to stm32f4xx_rcc.o(i.RCC_APB2PeriphResetCmd) for RCC_APB2PeriphResetCmd
    stm32f4xx_can.o(i.CAN_DeInit) refers to stm32f4xx_rcc.o(i.RCC_APB1PeriphResetCmd) for RCC_APB1PeriphResetCmd
    stm32f4xx_can.o(i.CAN_GetITStatus) refers to stm32f4xx_can.o(i.CheckITStatus) for CheckITStatus
    stm32f4xx_cryp.o(i.CRYP_DeInit) refers to stm32f4xx_rcc.o(i.RCC_AHB2PeriphResetCmd) for RCC_AHB2PeriphResetCmd
    stm32f4xx_cryp_aes.o(i.CRYP_AES_CBC) refers to stm32f4xx_cryp.o(i.CRYP_KeyStructInit) for CRYP_KeyStructInit
    stm32f4xx_cryp_aes.o(i.CRYP_AES_CBC) refers to stm32f4xx_cryp.o(i.CRYP_FIFOFlush) for CRYP_FIFOFlush
    stm32f4xx_cryp_aes.o(i.CRYP_AES_CBC) refers to stm32f4xx_cryp.o(i.CRYP_Init) for CRYP_Init
    stm32f4xx_cryp_aes.o(i.CRYP_AES_CBC) refers to stm32f4xx_cryp.o(i.CRYP_KeyInit) for CRYP_KeyInit
    stm32f4xx_cryp_aes.o(i.CRYP_AES_CBC) refers to stm32f4xx_cryp.o(i.CRYP_Cmd) for CRYP_Cmd
    stm32f4xx_cryp_aes.o(i.CRYP_AES_CBC) refers to stm32f4xx_cryp.o(i.CRYP_GetFlagStatus) for CRYP_GetFlagStatus
    stm32f4xx_cryp_aes.o(i.CRYP_AES_CBC) refers to stm32f4xx_cryp.o(i.CRYP_IVInit) for CRYP_IVInit
    stm32f4xx_cryp_aes.o(i.CRYP_AES_CBC) refers to stm32f4xx_cryp.o(i.CRYP_GetCmdStatus) for CRYP_GetCmdStatus
    stm32f4xx_cryp_aes.o(i.CRYP_AES_CBC) refers to stm32f4xx_cryp.o(i.CRYP_DataIn) for CRYP_DataIn
    stm32f4xx_cryp_aes.o(i.CRYP_AES_CBC) refers to stm32f4xx_cryp.o(i.CRYP_DataOut) for CRYP_DataOut
    stm32f4xx_cryp_aes.o(i.CRYP_AES_CCM) refers to stm32f4xx_cryp.o(i.CRYP_KeyStructInit) for CRYP_KeyStructInit
    stm32f4xx_cryp_aes.o(i.CRYP_AES_CCM) refers to stm32f4xx_cryp.o(i.CRYP_FIFOFlush) for CRYP_FIFOFlush
    stm32f4xx_cryp_aes.o(i.CRYP_AES_CCM) refers to stm32f4xx_cryp.o(i.CRYP_KeyInit) for CRYP_KeyInit
    stm32f4xx_cryp_aes.o(i.CRYP_AES_CCM) refers to stm32f4xx_cryp.o(i.CRYP_IVInit) for CRYP_IVInit
    stm32f4xx_cryp_aes.o(i.CRYP_AES_CCM) refers to stm32f4xx_cryp.o(i.CRYP_Init) for CRYP_Init
    stm32f4xx_cryp_aes.o(i.CRYP_AES_CCM) refers to stm32f4xx_cryp.o(i.CRYP_PhaseConfig) for CRYP_PhaseConfig
    stm32f4xx_cryp_aes.o(i.CRYP_AES_CCM) refers to stm32f4xx_cryp.o(i.CRYP_DataIn) for CRYP_DataIn
    stm32f4xx_cryp_aes.o(i.CRYP_AES_CCM) refers to stm32f4xx_cryp.o(i.CRYP_Cmd) for CRYP_Cmd
    stm32f4xx_cryp_aes.o(i.CRYP_AES_CCM) refers to stm32f4xx_cryp.o(i.CRYP_GetCmdStatus) for CRYP_GetCmdStatus
    stm32f4xx_cryp_aes.o(i.CRYP_AES_CCM) refers to stm32f4xx_cryp.o(i.CRYP_GetFlagStatus) for CRYP_GetFlagStatus
    stm32f4xx_cryp_aes.o(i.CRYP_AES_CCM) refers to stm32f4xx_cryp.o(i.CRYP_DataOut) for CRYP_DataOut
    stm32f4xx_cryp_aes.o(i.CRYP_AES_CTR) refers to stm32f4xx_cryp.o(i.CRYP_KeyStructInit) for CRYP_KeyStructInit
    stm32f4xx_cryp_aes.o(i.CRYP_AES_CTR) refers to stm32f4xx_cryp.o(i.CRYP_KeyInit) for CRYP_KeyInit
    stm32f4xx_cryp_aes.o(i.CRYP_AES_CTR) refers to stm32f4xx_cryp.o(i.CRYP_Init) for CRYP_Init
[...]
    .ARM.Collect$$$$0000000F                 0x080001bc   Section        0  entry11a.o(.ARM.Collect$$$$0000000F)
    .ARM.Collect$$$$00002712                 0x080001bc   Section        4  entry2.o(.ARM.Collect$$$$00002712)
    __lit__00000000                          0x080001bc   Data           4  entry2.o(.ARM.Collect$$$$00002712)
    .emb_text                                0x080001c0   Section      182  port.o(.emb_text)
    $v0                                      0x080001c0   Number         0  port.o(.emb_text)
    .text                                    0x08000278   Section       52  startup_stm32f427xx.o(.text)
    $v0                                      0x08000278   Number         0  startup_stm32f427xx.o(.text)
    .text                                    0x080002ac   Section        0  memcpya.o(.text)
    .text                                    0x080002d0   Section        0  memseta.o(.text)
    .text                                    0x080002f4   Section        0  dmul.o(.text)
    .text                                    0x080003d8   Section        0  dfltui.o(.text)
    .text                                    0x080003f2   Section        0  dfixui.o(.text)
    .text                                    0x08000424   Section        0  llushr.o(.text)
    .text                                    0x08000444   Section        0  depilogue.o(.text)
    .text                                    0x08000444   Section        0  iusefp.o(.text)
    .text                                    0x08000500   Section       36  init.o(.text)
    .text                                    0x08000524   Section        0  llshl.o(.text)
    i.ADC_Cmd                                0x08000542   Section        0  stm32f4xx_adc.o(i.ADC_Cmd)
    i.ADC_CommonInit                         0x08000558   Section        0  stm32f4xx_adc.o(i.ADC_CommonInit)
    i.ADC_Init                               0x08000588   Section        0  stm32f4xx_adc.o(i.ADC_Init)
    i.ADC_RegularChannelConfig               0x080005dc   Section        0  stm32f4xx_adc.o(i.ADC_RegularChannelConfig)
    i.ADC_TempSensorVrefintCmd               0x08000694   Section        0  stm32f4xx_adc.o(i.ADC_TempSensorVrefintCmd)
    i.BSP_init                               0x080006c0   Section        0  main.o(i.BSP_init)
    i.BusFault_Handler                       0x0800072c   Section        0  stm32f4xx_it.o(i.BusFault_Handler)
    i.CAN1_RX0_IRQHandler                    0x08000730   Section        0  can_receive.o(i.CAN1_RX0_IRQHandler)
    i.CAN1_mode_init                         0x08000760   Section        0  can.o(i.CAN1_mode_init)
    i.CAN2_RX0_IRQHandler                    0x08000870   Section        0  can_receive.o(i.CAN2_RX0_IRQHandler)
    i.CAN2_mode_init                         0x080008a0   Section        0  can.o(i.CAN2_mode_init)
    i.CAN_CMD_CHASSIS                        0x080009b4   Section        0  can_receive.o(i.CAN_CMD_CHASSIS)
    i.CAN_ClearITPendingBit                  0x08000a18   Section        0  stm32f4xx_can.o(i.CAN_ClearITPendingBit)
    i.CAN_FilterInit                         0x08000ac0   Section        0  stm32f4xx_can.o(i.CAN_FilterInit)
    i.CAN_GetITStatus                        0x08000bc8   Section        0  stm32f4xx_can.o(i.CAN_GetITStatus)
    i.CAN_ITConfig                           0x08000ce8   Section        0  stm32f4xx_can.o(i.CAN_ITConfig)
    i.CAN_Init                               0x08000cfa   Section        0  stm32f4xx_can.o(i.CAN_Init)
    i.CAN_Receive                            0x08000e0e   Section        0  stm32f4xx_can.o(i.CAN_Receive)
    i.CAN_Transmit                           0x08000efe   Section        0  stm32f4xx_can.o(i.CAN_Transmit)
    i.CAN_hook                               0x08001024   Section        0  can_receive.o(i.CAN_hook)
    CAN_hook                                 0x08001025   Thumb Code   332  can_receive.o(i.CAN_hook)
    i.CheckITStatus                          0x08001184   Section        0  stm32f4xx_can.o(i.CheckITStatus)
    CheckITStatus                            0x08001185   Thumb Code    18  stm32f4xx_can.o(i.CheckITStatus)
    i.DMA_ClearFlag                          0x08001198   Section        0  stm32f4xx_dma.o(i.DMA_ClearFlag)
    i.DMA_Cmd                                0x080011cc   Section        0  stm32f4xx_dma.o(i.DMA_Cmd)
    i.DMA_DeInit                             0x080011e4   Section        0  stm32f4xx_dma.o(i.DMA_DeInit)
    i.DMA_DoubleBufferModeCmd                0x0800133c   Section        0  stm32f4xx_dma.o(i.DMA_DoubleBufferModeCmd)
    i.DMA_DoubleBufferModeConfig             0x08001352   Section        0  stm32f4xx_dma.o(i.DMA_DoubleBufferModeConfig)
    i.DMA_GetCurrDataCounter                 0x0800136a   Section        0  stm32f4xx_dma.o(i.DMA_GetCurrDataCounter)
    i.DMA_GetCurrentMemoryTarget             0x08001372   Section        0  stm32f4xx_dma.o(i.DMA_GetCurrentMemoryTarget)
    i.DMA_Init                               0x08001388   Section        0  stm32f4xx_dma.o(i.DMA_Init)
    i.DMA_SetCurrDataCounter                 0x080013e0   Section        0  stm32f4xx_dma.o(i.DMA_SetCurrDataCounter)
    i.DebugMon_Handler                       0x080013e4   Section        0  stm32f4xx_it.o(i.DebugMon_Handler)
    i.GIMBAL_task                            0x080013e8   Section        0  gimbal_task.o(i.GIMBAL_task)
    i.GPIO_Init                              0x08001460   Section        0  stm32f4xx_gpio.o(i.GPIO_Init)
    i.GPIO_PinAFConfig                       0x080014f0   Section        0  stm32f4xx_gpio.o(i.GPIO_PinAFConfig)
    i.GPIO_ResetBits                         0x08001536   Section        0  stm32f4xx_gpio.o(i.GPIO_ResetBits)
    i.GPIO_SetBits                           0x0800153a   Section        0  stm32f4xx_gpio.o(i.GPIO_SetBits)
    i.HardFault_Handler                      0x0800153e   Section        0  stm32f4xx_it.o(i.HardFault_Handler)
    i.MemManage_Handler                      0x08001542   Section        0  stm32f4xx_it.o(i.MemManage_Handler)
    i.NMI_Handler                            0x08001546   Section        0  stm32f4xx_it.o(i.NMI_Handler)
    i.NVIC_Init                              0x08001548   Section        0  misc.o(i.NVIC_Init)
    i.NVIC_PriorityGroupConfig               0x080015c0   Section        0  misc.o(i.NVIC_PriorityGroupConfig)
    i.PID_Calc                               0x080015d4   Section        0  pid.o(i.PID_Calc)
    i.PID_Init                               0x080017c4   Section        0  pid.o(i.PID_Init)
    i.RCC_AHB1PeriphClockCmd                 0x08001824   Section        0  stm32f4xx_rcc.o(i.RCC_AHB1PeriphClockCmd)
    i.RCC_APB1PeriphClockCmd                 0x08001844   Section        0  stm32f4xx_rcc.o(i.RCC_APB1PeriphClockCmd)
    i.RCC_APB1PeriphResetCmd                 0x08001864   Section        0  stm32f4xx_rcc.o(i.RCC_APB1PeriphResetCmd)
    i.RCC_APB2PeriphClockCmd                 0x08001884   Section        0  stm32f4xx_rcc.o(i.RCC_APB2PeriphClockCmd)
    i.RCC_APB2PeriphResetCmd                 0x080018a4   Section        0  stm32f4xx_rcc.o(i.RCC_APB2PeriphResetCmd)
    i.RCC_GetClocksFreq                      0x080018c4   Section        0  stm32f4xx_rcc.o(i.RCC_GetClocksFreq)
    i.RC_Init                                0x080019ac   Section        0  rc.o(i.RC_Init)
    i.SBUS_TO_RC                             0x08001af8   Section        0  remote_control.o(i.SBUS_TO_RC)
    SBUS_TO_RC                               0x08001af9   Thumb Code   218  remote_control.o(i.SBUS_TO_RC)
    i.SERVO_PWM_Init                         0x08001bd4   Section        0  servo.o(i.SERVO_PWM_Init)
    i.SetSysClock                            0x08001c78   Section        0  system_stm32f4xx.o(i.SetSysClock)
    SetSysClock                              0x08001c79   Thumb Code   272  system_stm32f4xx.o(i.SetSysClock)
    i.SysTick_CLKSourceConfig                0x08001d98   Section        0  misc.o(i.SysTick_CLKSourceConfig)
    i.SysTick_Handler                        0x08001dc0   Section        0  freertos_middleware.o(i.SysTick_Handler)
    i.SystemInit                             0x08001dd0   Section        0  system_stm32f4xx.o(i.SystemInit)
    i.TIM3_IRQHandler                        0x08001e38   Section        0  freertos_middleware.o(i.TIM3_IRQHandler)
    i.TIM6_DAC_IRQHandler                    0x08001e68   Section        0  can_receive.o(i.TIM6_DAC_IRQHandler)
    i.TIM6_Init                              0x08001e8c   Section        0  timer.o(i.TIM6_Init)
    i.TIM_ARRPreloadConfig                   0x08001f04   Section        0  stm32f4xx_tim.o(i.TIM_ARRPreloadConfig)
    i.TIM_ClearFlag                          0x08001f1c   Section        0  stm32f4xx_tim.o(i.TIM_ClearFlag)
    i.TIM_Cmd                                0x08001f22   Section        0  stm32f4xx_tim.o(i.TIM_Cmd)
    i.TIM_CtrlPWMOutputs                     0x08001f3a   Section        0  stm32f4xx_tim.o(i.TIM_CtrlPWMOutputs)
    i.TIM_DeInit                             0x08001f58   Section        0  stm32f4xx_tim.o(i.TIM_DeInit)
    i.TIM_GetITStatus                        0x080020e8   Section        0  stm32f4xx_tim.o(i.TIM_GetITStatus)
    i.TIM_ITConfig                           0x0800210a   Section        0  stm32f4xx_tim.o(i.TIM_ITConfig)
    i.TIM_OC1Init                            0x0800211c   Section        0  stm32f4xx_tim.o(i.TIM_OC1Init)
    i.TIM_OC1PreloadConfig                   0x08002198   Section        0  stm32f4xx_tim.o(i.TIM_OC1PreloadConfig)
    i.TIM_OC4Init                            0x080021ac   Section        0  stm32f4xx_tim.o(i.TIM_OC4Init)
    i.TIM_OC4PreloadConfig                   0x08002224   Section        0  stm32f4xx_tim.o(i.TIM_OC4PreloadConfig)
    i.TIM_SetCompare1                        0x0800223e   Section        0  stm32f4xx_tim.o(i.TIM_SetCompare1)
    i.TIM_SetCompare4                        0x08002242   Section        0  stm32f4xx_tim.o(i.TIM_SetCompare4)
    i.TIM_TimeBaseInit                       0x08002248   Section        0  stm32f4xx_tim.o(i.TIM_TimeBaseInit)
    i.USART1_IRQHandler                      0x080022cc   Section        0  remote_control.o(i.USART1_IRQHandler)
    i.USART_ClearFlag                        0x080023b0   Section        0  stm32f4xx_usart.o(i.USART_ClearFlag)
    i.USART_Cmd                              0x080023c2   Section        0  stm32f4xx_usart.o(i.USART_Cmd)
    i.USART_DMACmd                           0x080023da   Section        0  stm32f4xx_usart.o(i.USART_DMACmd)
    i.USART_DeInit                           0x080023ec   Section        0  stm32f4xx_usart.o(i.USART_DeInit)
    i.USART_GetITStatus                      0x080024dc   Section        0  stm32f4xx_usart.o(i.USART_GetITStatus)
    i.USART_ITConfig                         0x08002530   Section        0  stm32f4xx_usart.o(i.USART_ITConfig)
    i.USART_Init                             0x0800257c   Section        0  stm32f4xx_usart.o(i.USART_Init)
    i.USART_ReceiveData                      0x08002650   Section        0  stm32f4xx_usart.o(i.USART_ReceiveData)
    i.UsageFault_Handler                     0x0800265a   Section        0  stm32f4xx_it.o(i.UsageFault_Handler)
    i.__scatterload_copy                     0x0800265e   Section       14  handlers.o(i.__scatterload_copy)
    i.__scatterload_null                     0x0800266c   Section        2  handlers.o(i.__scatterload_null)
    i.__scatterload_zeroinit                 0x0800266e   Section       14  handlers.o(i.__scatterload_zeroinit)
    i.chassis_control_loop                   0x0800267c   Section        0  gimbal_task.o(i.chassis_control_loop)
    chassis_control_loop                     0x0800267d   Thumb Code   202  gimbal_task.o(i.chassis_control_loop)
    i.chassis_feedback_update                0x08002754   Section        0  gimbal_task.o(i.chassis_feedback_update)
    chassis_feedback_update                  0x08002755   Thumb Code   238  gimbal_task.o(i.chassis_feedback_update)
    i.chassis_init                           0x08002850   Section        0  gimbal_task.o(i.chassis_init)
    chassis_init                             0x08002851   Thumb Code   206  gimbal_task.o(i.chassis_init)
    i.chassis_move_angle                     0x0800293c   Section        0  gimbal_task.o(i.chassis_move_angle)
    chassis_move_angle                       0x0800293d   Thumb Code    90  gimbal_task.o(i.chassis_move_angle)
    i.delay_init                             0x080029b0   Section        0  delay.o(i.delay_init)
    i.delay_ms                               0x08002a1c   Section        0  delay.o(i.delay_ms)
    i.delay_us                               0x08002a6c   Section        0  delay.o(i.delay_us)
    i.flow_led_off                           0x08002abc   Section        0  led.o(i.flow_led_off)
    i.fric_PWM_configuration                 0x08002ad4   Section        0  fric.o(i.fric_PWM_configuration)
    i.fric_off                               0x08002c18   Section        0  fric.o(i.fric_off)
    i.get_Chassis_Motor_Measure_Point        0x08002c34   Section        0  can_receive.o(i.get_Chassis_Motor_Measure_Point)
    i.led_configuration                      0x08002c4c   Section        0  led.o(i.led_configuration)
    i.led_green_off                          0x08002cb8   Section        0  led.o(i.led_green_off)
    i.led_green_on                           0x08002ccc   Section        0  led.o(i.led_green_on)
    i.led_red_off                            0x08002ce0   Section        0  led.o(i.led_red_off)
    i.loop_fp32_constrain                    0x08002cf4   Section        0  user_lib.o(i.loop_fp32_constrain)
    i.main                                   0x08002d54   Section        0  main.o(i.main)
    i.power_ctrl_configuration               0x08002d6c   Section        0  power_ctrl.o(i.power_ctrl_configuration)
    i.power_ctrl_off                         0x08002db4   Section        0  power_ctrl.o(i.power_ctrl_off)
    i.power_ctrl_on                          0x08002dd4   Section        0  power_ctrl.o(i.power_ctrl_on)
    i.prvAddCurrentTaskToDelayedList         0x08002df4   Section        0  tasks.o(i.prvAddCurrentTaskToDelayedList)
    prvAddCurrentTaskToDelayedList           0x08002df5   Thumb Code   124  tasks.o(i.prvAddCurrentTaskToDelayedList)
    i.prvAddNewTaskToReadyList               0x08002e8c   Section        0  tasks.o(i.prvAddNewTaskToReadyList)
    prvAddNewTaskToReadyList                 0x08002e8d   Thumb Code   156  tasks.o(i.prvAddNewTaskToReadyList)
    i.prvCheckForValidListAndQueue           0x08002f44   Section        0  timers.o(i.prvCheckForValidListAndQueue)
    prvCheckForValidListAndQueue             0x08002f45   Thumb Code    72  timers.o(i.prvCheckForValidListAndQueue)
    i.prvCheckTasksWaitingTermination        0x08002fa8   Section        0  tasks.o(i.prvCheckTasksWaitingTermination)
    prvCheckTasksWaitingTermination          0x08002fa9   Thumb Code    86  tasks.o(i.prvCheckTasksWaitingTermination)
    i.prvCopyDataFromQueue                   0x0800300c   Section        0  queue.o(i.prvCopyDataFromQueue)
    prvCopyDataFromQueue                     0x0800300d   Thumb Code    42  queue.o(i.prvCopyDataFromQueue)
    i.prvCopyDataToQueue                     0x08003036   Section        0  queue.o(i.prvCopyDataToQueue)
    prvCopyDataToQueue                       0x08003037   Thumb Code   124  queue.o(i.prvCopyDataToQueue)
    i.prvDeleteTCB                           0x080030b2   Section        0  tasks.o(i.prvDeleteTCB)
    prvDeleteTCB                             0x080030b3   Thumb Code    18  tasks.o(i.prvDeleteTCB)
    i.prvGetNextExpireTime                   0x080030c4   Section        0  timers.o(i.prvGetNextExpireTime)
    prvGetNextExpireTime                     0x080030c5   Thumb Code    36  timers.o(i.prvGetNextExpireTime)
    i.prvHeapInit                            0x080030ec   Section        0  heap_4.o(i.prvHeapInit)
    prvHeapInit                              0x080030ed   Thumb Code    98  heap_4.o(i.prvHeapInit)
    i.prvIdleTask                            0x08003168   Section        0  tasks.o(i.prvIdleTask)
    prvIdleTask                              0x08003169   Thumb Code    32  tasks.o(i.prvIdleTask)
    i.prvInitialiseNewQueue                  0x08003190   Section        0  queue.o(i.prvInitialiseNewQueue)
    prvInitialiseNewQueue                    0x08003191   Thumb Code    46  queue.o(i.prvInitialiseNewQueue)
    i.prvInitialiseNewTask                   0x080031be   Section        0  tasks.o(i.prvInitialiseNewTask)
    prvInitialiseNewTask                     0x080031bf   Thumb Code   180  tasks.o(i.prvInitialiseNewTask)
    i.prvInitialiseTaskLists                 0x08003274   Section        0  tasks.o(i.prvInitialiseTaskLists)
    prvInitialiseTaskLists                   0x08003275   Thumb Code    70  tasks.o(i.prvInitialiseTaskLists)
    i.prvInsertBlockIntoFreeList             0x080032dc   Section        0  heap_4.o(i.prvInsertBlockIntoFreeList)
    prvInsertBlockIntoFreeList               0x080032dd   Thumb Code    96  heap_4.o(i.prvInsertBlockIntoFreeList)
    i.prvInsertTimerInActiveList             0x08003344   Section        0  timers.o(i.prvInsertTimerInActiveList)
    prvInsertTimerInActiveList               0x08003345   Thumb Code    80  timers.o(i.prvInsertTimerInActiveList)
    i.prvIsQueueEmpty                        0x0800339c   Section        0  queue.o(i.prvIsQueueEmpty)
    prvIsQueueEmpty                          0x0800339d   Thumb Code    26  queue.o(i.prvIsQueueEmpty)
    i.prvIsQueueFull                         0x080033b6   Section        0  queue.o(i.prvIsQueueFull)
    prvIsQueueFull                           0x080033b7   Thumb Code    30  queue.o(i.prvIsQueueFull)
    i.prvNotifyQueueSetContainer             0x080033d4   Section        0  queue.o(i.prvNotifyQueueSetContainer)
    prvNotifyQueueSetContainer               0x080033d5   Thumb Code   144  queue.o(i.prvNotifyQueueSetContainer)
    i.prvProcessExpiredTimer                 0x08003464   Section        0  timers.o(i.prvProcessExpiredTimer)
    prvProcessExpiredTimer                   0x08003465   Thumb Code    94  timers.o(i.prvProcessExpiredTimer)
    i.prvProcessReceivedCommands             0x080034c8   Section        0  timers.o(i.prvProcessReceivedCommands)
    prvProcessReceivedCommands               0x080034c9   Thumb Code   242  timers.o(i.prvProcessReceivedCommands)
    i.prvProcessTimerOrBlockTask             0x080035c0   Section        0  timers.o(i.prvProcessTimerOrBlockTask)
    prvProcessTimerOrBlockTask               0x080035c1   Thumb Code   102  timers.o(i.prvProcessTimerOrBlockTask)
    i.prvResetNextTaskUnblockTime            0x08003634   Section        0  tasks.o(i.prvResetNextTaskUnblockTime)
    prvResetNextTaskUnblockTime              0x08003635   Thumb Code    42  tasks.o(i.prvResetNextTaskUnblockTime)
    i.prvSampleTimeNow                       0x08003668   Section        0  timers.o(i.prvSampleTimeNow)
    prvSampleTimeNow                         0x08003669   Thumb Code    40  timers.o(i.prvSampleTimeNow)
    i.prvSwitchTimerLists                    0x08003694   Section        0  timers.o(i.prvSwitchTimerLists)
    prvSwitchTimerLists                      0x08003695   Thumb Code   150  timers.o(i.prvSwitchTimerLists)
    i.prvTaskCheckFreeStackSpace             0x08003734   Section        0  tasks.o(i.prvTaskCheckFreeStackSpace)
    prvTaskCheckFreeStackSpace               0x08003735   Thumb Code    22  tasks.o(i.prvTaskCheckFreeStackSpace)
    i.prvTaskExitError                       0x0800374c   Section        0  port.o(i.prvTaskExitError)
    prvTaskExitError                         0x0800374d   Thumb Code    60  port.o(i.prvTaskExitError)
    i.prvTimerTask                           0x0800378c   Section        0  timers.o(i.prvTimerTask)
    prvTimerTask                             0x0800378d   Thumb Code    26  timers.o(i.prvTimerTask)
    i.prvUnlockQueue                         0x080037a6   Section        0  queue.o(i.prvUnlockQueue)
    prvUnlockQueue                           0x080037a7   Thumb Code   146  queue.o(i.prvUnlockQueue)
    i.pvPortMalloc                           0x08003838   Section        0  heap_4.o(i.pvPortMalloc)
    i.pvTaskIncrementMutexHeldCount          0x08003974   Section        0  tasks.o(i.pvTaskIncrementMutexHeldCount)
    i.pxPortInitialiseStack                  0x08003994   Section        0  port.o(i.pxPortInitialiseStack)
    i.remote_control_init                    0x080039c0   Section        0  remote_control.o(i.remote_control_init)
    i.servo_on                               0x080039d4   Section        0  servo.o(i.servo_on)
    i.startTast                              0x08003a18   Section        0  start_task.o(i.startTast)
    i.start_task                             0x08003a44   Section        0  start_task.o(i.start_task)
    i.temperature_ADC_Reset                  0x08003a88   Section        0  adc.o(i.temperature_ADC_Reset)
    temperature_ADC_Reset                    0x08003a89   Thumb Code    38  adc.o(i.temperature_ADC_Reset)
    i.temperature_ADC_init                   0x08003ab4   Section        0  adc.o(i.temperature_ADC_init)
    i.uxListRemove                           0x08003b08   Section        0  list.o(i.uxListRemove)
    i.uxTaskGetStackHighWaterMark            0x08003b30   Section        0  tasks.o(i.uxTaskGetStackHighWaterMark)
    i.vListInitialise                        0x08003b58   Section        0  list.o(i.vListInitialise)
    i.vListInitialiseItem                    0x08003b72   Section        0  list.o(i.vListInitialiseItem)
    i.vListInsert                            0x08003b78   Section        0  list.o(i.vListInsert)
    i.vListInsertEnd                         0x08003bac   Section        0  list.o(i.vListInsertEnd)
    i.vPortEnterCritical                     0x08003bc4   Section        0  port.o(i.vPortEnterCritical)
    i.vPortExitCritical                      0x08003c18   Section        0  port.o(i.vPortExitCritical)
    i.vPortFree                              0x08003c54   Section        0  heap_4.o(i.vPortFree)
    i.vPortSetupTimerInterrupt               0x08003ce8   Section        0  freertos_middleware.o(i.vPortSetupTimerInterrupt)
    i.vPortValidateInterruptPriority         0x08003cec   Section        0  port.o(i.vPortValidateInterruptPriority)
    i.vQueueAddToRegistry                    0x08003d64   Section        0  queue.o(i.vQueueAddToRegistry)
    i.vQueueWaitForMessageRestricted         0x08003d90   Section        0  queue.o(i.vQueueWaitForMessageRestricted)
    i.vTaskDelay                             0x08003ddc   Section        0  tasks.o(i.vTaskDelay)
    i.vTaskDelete                            0x08003e38   Section        0  tasks.o(i.vTaskDelete)
    i.vTaskMissedYield                       0x08003f2c   Section        0  tasks.o(i.vTaskMissedYield)
    i.vTaskPlaceOnEventList                  0x08003f38   Section        0  tasks.o(i.vTaskPlaceOnEventList)
    i.vTaskPlaceOnEventListRestricted        0x08003f70   Section        0  tasks.o(i.vTaskPlaceOnEventListRestricted)
    i.vTaskPriorityInherit                   0x08003fb0   Section        0  tasks.o(i.vTaskPriorityInherit)
    i.vTaskSetTimeOutState                   0x08004060   Section        0  tasks.o(i.vTaskSetTimeOutState)
    i.vTaskStartScheduler                    0x08004090   Section        0  tasks.o(i.vTaskStartScheduler)
    i.vTaskSuspendAll                        0x08004124   Section        0  tasks.o(i.vTaskSuspendAll)
    i.vTaskSwitchContext                     0x08004134   Section        0  tasks.o(i.vTaskSwitchContext)
    i.xPortStartScheduler                    0x080041c0   Section        0  port.o(i.xPortStartScheduler)
    i.xPortSysTickHandler                    0x080042fc   Section        0  port.o(i.xPortSysTickHandler)
    i.xQueueGenericCreate                    0x08004330   Section        0  queue.o(i.xQueueGenericCreate)
    i.xQueueGenericReceive                   0x08004388   Section        0  queue.o(i.xQueueGenericReceive)
    i.xQueueGenericReset                     0x0800454c   Section        0  queue.o(i.xQueueGenericReset)
    i.xQueueGenericSend                      0x080045e4   Section        0  queue.o(i.xQueueGenericSend)
    i.xQueueGenericSendFromISR               0x080047ac   Section        0  queue.o(i.xQueueGenericSendFromISR)
    i.xTaskCheckForTimeOut                   0x080048b4   Section        0  tasks.o(i.xTaskCheckForTimeOut)
    i.xTaskCreate                            0x08004940   Section        0  tasks.o(i.xTaskCreate)
    i.xTaskGetSchedulerState                 0x080049a0   Section        0  tasks.o(i.xTaskGetSchedulerState)
    i.xTaskGetTickCount                      0x080049c0   Section        0  tasks.o(i.xTaskGetTickCount)
    i.xTaskIncrementTick                     0x080049cc   Section        0  tasks.o(i.xTaskIncrementTick)
    i.xTaskPriorityDisinherit                0x08004b14   Section        0  tasks.o(i.xTaskPriorityDisinherit)
    i.xTaskRemoveFromEventList               0x08004bdc   Section        0  tasks.o(i.xTaskRemoveFromEventList)
    i.xTaskResumeAll                         0x08004c74   Section        0  tasks.o(i.xTaskResumeAll)
    i.xTimerCreateTimerTask                  0x08004d78   Section        0  timers.o(i.xTimerCreateTimerTask)
    i.xTimerGenericCommand                   0x08004dcc   Section        0  timers.o(i.xTimerGenericCommand)
    .constdata                               0x08004e50   Section       12  gimbal_task.o(.constdata)
    motor_speed_pid                          0x08004e50   Data          12  gimbal_task.o(.constdata)
    .data                                    0x20000000   Section       20  system_stm32f4xx.o(.data)
    .data                                    0x20000014   Section       16  stm32f4xx_rcc.o(.data)
    APBAHBPrescTable                         0x20000014   Data          16  stm32f4xx_rcc.o(.data)
    .data                                    0x20000024   Section       60  tasks.o(.data)
    pxDelayedTaskList                        0x20000028   Data           4  tasks.o(.data)
    pxOverflowDelayedTaskList                0x2000002c   Data           4  tasks.o(.data)
    uxDeletedTasksWaitingCleanUp             0x20000030   Data           4  tasks.o(.data)
    uxCurrentNumberOfTasks                   0x20000034   Data           4  tasks.o(.data)
    xTickCount                               0x20000038   Data           4  tasks.o(.data)
    uxTopReadyPriority                       0x2000003c   Data           4  tasks.o(.data)
    xSchedulerRunning                        0x20000040   Data           4  tasks.o(.data)
    uxPendedTicks                            0x20000044   Data           4  tasks.o(.data)
    xYieldPending                            0x20000048   Data           4  tasks.o(.data)
    xNumOfOverflows                          0x2000004c   Data           4  tasks.o(.data)
    uxTaskNumber                             0x20000050   Data           4  tasks.o(.data)
    xNextTaskUnblockTime                     0x20000054   Data           4  tasks.o(.data)
    xIdleTaskHandle                          0x20000058   Data           4  tasks.o(.data)
    uxSchedulerSuspended                     0x2000005c   Data           4  tasks.o(.data)
    .data                                    0x20000060   Section       20  timers.o(.data)
    pxCurrentTimerList                       0x20000060   Data           4  timers.o(.data)
    pxOverflowTimerList                      0x20000064   Data           4  timers.o(.data)
    xTimerQueue                              0x20000068   Data           4  timers.o(.data)
    xTimerTaskHandle                         0x2000006c   Data           4  timers.o(.data)
    xLastTime                                0x20000070   Data           4  timers.o(.data)
    .data                                    0x20000074   Section       24  heap_4.o(.data)
    xStart                                   0x20000074   Data           8  heap_4.o(.data)
    pxEnd                                    0x2000007c   Data           4  heap_4.o(.data)
    xFreeBytesRemaining                      0x20000080   Data           4  heap_4.o(.data)
    xMinimumEverFreeBytesRemaining           0x20000084   Data           4  heap_4.o(.data)
    xBlockAllocatedBit                       0x20000088   Data           4  heap_4.o(.data)
    .data                                    0x2000008c   Section       12  port.o(.data)
    uxCriticalNesting                        0x2000008c   Data           4  port.o(.data)
    ucMaxSysCallPriority                     0x20000090   Data           1  port.o(.data)
    ulMaxPRIGROUPValue                       0x20000094   Data           4  port.o(.data)
    .data                                    0x20000098   Section        8  delay.o(.data)
    fac_us                                   0x20000098   Data           1  delay.o(.data)
    fac_ms                                   0x2000009c   Data           4  delay.o(.data)
    .data                                    0x200000a0   Section        8  freertos_middleware.o(.data)
    .data                                    0x200000a8   Section        8  start_task.o(.data)
    StartTask_Handler                        0x200000ac   Data           4  start_task.o(.data)
    .data                                    0x200000b0   Section        2  remote_control.o(.data)
    this_time_rx_len                         0x200000b0   Data           2  remote_control.o(.data)
    .data                                    0x200000b4   Section        4  gimbal_task.o(.data)
    .data                                    0x200000b8   Section        1  can_receive.o(.data)
    i                                        0x200000b8   Data           1  can_receive.o(.data)
    .bss                                     0x200000bc   Section       64  queue.o(.bss)
    .bss                                     0x200000fc   Section      740  tasks.o(.bss)
    pxReadyTasksLists                        0x200000fc   Data         640  tasks.o(.bss)
    xDelayedTaskList1                        0x2000037c   Data          20  tasks.o(.bss)
    xDelayedTaskList2                        0x20000390   Data          20  tasks.o(.bss)
    xPendingReadyList                        0x200003a4   Data          20  tasks.o(.bss)
    xTasksWaitingTermination                 0x200003b8   Data          20  tasks.o(.bss)
    xSuspendedTaskList                       0x200003cc   Data          20  tasks.o(.bss)
    .bss                                     0x200003e0   Section       40  timers.o(.bss)
    xActiveTimerList1                        0x200003e0   Data          20  timers.o(.bss)
    xActiveTimerList2                        0x200003f4   Data          20  timers.o(.bss)
    .bss                                     0x20000408   Section    131072  heap_4.o(.bss)
    ucHeap                                   0x20000408   Data       131072  heap_4.o(.bss)
    .bss                                     0x20020408   Section       94  remote_control.o(.bss)
    SBUS_rx_buf                              0x2002041e   Data          72  remote_control.o(.bss)
    .bss                                     0x20020468   Section      452  gimbal_task.o(.bss)
    .bss                                     0x2002062c   Section      132  can_receive.o(.bss)
    motor_yaw                                0x2002062c   Data          10  can_receive.o(.bss)
    motor_pit                                0x20020636   Data          10  can_receive.o(.bss)
    motor_trigger                            0x20020640   Data          10  can_receive.o(.bss)
    motor_chassis                            0x2002064a   Data          40  can_receive.o(.bss)
    GIMBAL_TxMessage                         0x20020674   Data          20  can_receive.o(.bss)
    rx1_message                              0x20020688   Data          20  can_receive.o(.bss)
    rx2_message                              0x2002069c   Data          20  can_receive.o(.bss)
    STACK                                    0x200206b0   Section     1024  startup_stm32f427xx.o(STACK)

    Global Symbols

    Symbol Name                              Value     Ov Type        Size  Object(Section)

    BuildAttributes$$THM_ISAv4$E$P$D$K$B$S$7EM$VFPi3$EXTD16$VFPS$VFMA$PE$A:L22UL41UL21$X:L11$S22US41US21$IEEE1$IW$USESV6$~STKCKD$USESV7$~SHL$OTIME$ROPI$IEEEX$EBA8$MICROLIB$REQ8$PRES8$EABIv2 0x00000000   Number         0  anon$$obj.o ABSOLUTE
    __ARM_use_no_argv                        0x00000000   Number         0  main.o ABSOLUTE
    _printf_a                                0x00000000   Number         0  stubs.o ABSOLUTE
    _printf_c                                0x00000000   Number         0  stubs.o ABSOLUTE
    _printf_charcount                        0x00000000   Number         0  stubs.o ABSOLUTE
    _printf_d                                0x00000000   Number         0  stubs.o ABSOLUTE
    _printf_e                                0x00000000   Number         0  stubs.o ABSOLUTE
    _printf_f                                0x00000000   Number         0  stubs.o ABSOLUTE
    _printf_flags                            0x00000000   Number         0  stubs.o ABSOLUTE
    _printf_fp_dec                           0x00000000   Number         0  stubs.o ABSOLUTE
    _printf_fp_hex                           0x00000000   Number         0  stubs.o ABSOLUTE
    _printf_g                                0x00000000   Number         0  stubs.o ABSOLUTE
    _printf_i                                0x00000000   Number         0  stubs.o ABSOLUTE
    _printf_int_dec                          0x00000000   Number         0  stubs.o ABSOLUTE
    _printf_l                                0x00000000   Number         0  stubs.o ABSOLUTE
    _printf_lc                               0x00000000   Number         0  stubs.o ABSOLUTE
    _printf_ll                               0x00000000   Number         0  stubs.o ABSOLUTE
    _printf_lld                              0x00000000   Number         0  stubs.o ABSOLUTE
    _printf_lli                              0x00000000   Number         0  stubs.o ABSOLUTE
    _printf_llo                              0x00000000   Number         0  stubs.o ABSOLUTE
    _printf_llu                              0x00000000   Number         0  stubs.o ABSOLUTE
    _printf_llx                              0x00000000   Number         0  stubs.o ABSOLUTE
    _printf_longlong_dec                     0x00000000   Number         0  stubs.o ABSOLUTE
    _printf_longlong_hex                     0x00000000   Number         0  stubs.o ABSOLUTE
    _printf_longlong_oct                     0x00000000   Number         0  stubs.o ABSOLUTE
    _printf_ls                               0x00000000   Number         0  stubs.o ABSOLUTE
    _printf_mbtowc                           0x00000000   Number         0  stubs.o ABSOLUTE
    _printf_n                                0x00000000   Number         0  stubs.o ABSOLUTE
    _printf_o                                0x00000000   Number         0  stubs.o ABSOLUTE
    _printf_p                                0x00000000   Number         0  stubs.o ABSOLUTE
    _printf_percent                          0x00000000   Number         0  stubs.o ABSOLUTE
    _printf_pre_padding                      0x00000000   Number         0  stubs.o ABSOLUTE
    _printf_return_value                     0x00000000   Number         0  stubs.o ABSOLUTE
    _printf_s                                0x00000000   Number         0  stubs.o ABSOLUTE
    _printf_sizespec                         0x00000000   Number         0  stubs.o ABSOLUTE
    _printf_str                              0x00000000   Number         0  stubs.o ABSOLUTE
    _printf_truncate_signed                  0x00000000   Number         0  stubs.o ABSOLUTE
    _printf_truncate_unsigned                0x00000000   Number         0  stubs.o ABSOLUTE
    _printf_u                                0x00000000   Number         0  stubs.o ABSOLUTE
    _printf_wc                               0x00000000   Number         0  stubs.o ABSOLUTE
    _printf_wctomb                           0x00000000   Number         0  stubs.o ABSOLUTE
    _printf_widthprec                        0x00000000   Number         0  stubs.o ABSOLUTE
    _printf_x                                0x00000000   Number         0  stubs.o ABSOLUTE
    __cpp_initialize__aeabi_                  - Undefined Weak Reference
    __cxa_finalize                            - Undefined Weak Reference
    __decompress                              - Undefined Weak Reference
    _clock_init                               - Undefined Weak Reference
    _microlib_exit                            - Undefined Weak Reference
    __Vectors_Size                           0x000001ac   Number         0  startup_stm32f427xx.o ABSOLUTE
    __Vectors                                0x08000000   Data           4  startup_stm32f427xx.o(RESET)
    __Vectors_End                            0x080001ac   Data           0  startup_stm32f427xx.o(RESET)
    __main                                   0x080001ad   Thumb Code     0  entry.o(.ARM.Collect$$$$00000000)
    _main_stk                                0x080001ad   Thumb Code     0  entry2.o(.ARM.Collect$$$$00000001)
    _main_scatterload                        0x080001b1   Thumb Code     0  entry5.o(.ARM.Collect$$$$00000004)
    __main_after_scatterload                 0x080001b5   Thumb Code     0  entry5.o(.ARM.Collect$$$$00000004)
    _main_clock                              0x080001b5   Thumb Code     0  entry7b.o(.ARM.Collect$$$$00000008)
    _main_cpp_init                           0x080001b5   Thumb Code     0  entry8b.o(.ARM.Collect$$$$0000000A)
    _main_init                               0x080001b5   Thumb Code     0  entry9a.o(.ARM.Collect$$$$0000000B)
    __rt_final_cpp                           0x080001bd   Thumb Code     0  entry10a.o(.ARM.Collect$$$$0000000D)
    __rt_final_exit                          0x080001bd   Thumb Code     0  entry11a.o(.ARM.Collect$$$$0000000F)
    SVC_Handler                              0x080001c1   Thumb Code    28  port.o(.emb_text)
    __asm___6_port_c_39a90d8d__prvStartFirstTask 0x080001e1   Thumb Code    28  port.o(.emb_text)
    __asm___6_port_c_39a90d8d__prvEnableVFP  0x08000201   Thumb Code    16  port.o(.emb_text)
    PendSV_Handler                           0x08000215   Thumb Code    88  port.o(.emb_text)
    vPortGetIPSR                             0x08000271   Thumb Code     6  port.o(.emb_text)
    Reset_Handler                            0x08000279   Thumb Code    18  startup_stm32f427xx.o(.text)
    ADC_IRQHandler                           0x0800029d   Thumb Code     0  startup_stm32f427xx.o(.text)
    CAN1_RX1_IRQHandler                      0x0800029d   Thumb Code     0  startup_stm32f427xx.o(.text)
    CAN1_SCE_IRQHandler                      0x0800029d   Thumb Code     0  startup_stm32f427xx.o(.text)
    CAN1_TX_IRQHandler                       0x0800029d   Thumb Code     0  startup_stm32f427xx.o(.text)
    CAN2_RX1_IRQHandler                      0x0800029d   Thumb Code     0  startup_stm32f427xx.o(.text)
    CAN2_SCE_IRQHandler                      0x0800029d   Thumb Code     0  startup_stm32f427xx.o(.text)
    CAN2_TX_IRQHandler                       0x0800029d   Thumb Code     0  startup_stm32f427xx.o(.text)
    DCMI_IRQHandler                          0x0800029d   Thumb Code     0  startup_stm32f427xx.o(.text)
    DMA1_Stream0_IRQHandler                  0x0800029d   Thumb Code     0  startup_stm32f427xx.o(.text)
    DMA1_Stream1_IRQHandler                  0x0800029d   Thumb Code     0  startup_stm32f427xx.o(.text)
    DMA1_Stream2_IRQHandler                  0x0800029d   Thumb Code     0  startup_stm32f427xx.o(.text)
    DMA1_Stream3_IRQHandler                  0x0800029d   Thumb Code     0  startup_stm32f427xx.o(.text)
    DMA1_Stream4_IRQHandler                  0x0800029d   Thumb Code     0  startup_stm32f427xx.o(.text)
    DMA1_Stream5_IRQHandler                  0x0800029d   Thumb Code     0  startup_stm32f427xx.o(.text)
    DMA1_Stream6_IRQHandler                  0x0800029d   Thumb Code     0  startup_stm32f427xx.o(.text)
    DMA1_Stream7_IRQHandler                  0x0800029d   Thumb Code     0  startup_stm32f427xx.o(.text)
    DMA2D_IRQHandler                         0x0800029d   Thumb Code     0  startup_stm32f427xx.o(.text)
    DMA2_Stream0_IRQHandler                  0x0800029d   Thumb Code     0  startup_stm32f427xx.o(.text)
    DMA2_Stream1_IRQHandler                  0x0800029d   Thumb Code     0  startup_stm32f427xx.o(.text)
    DMA2_Stream2_IRQHandler                  0x0800029d   Thumb Code     0  startup_stm32f427xx.o(.text)
    DMA2_Stream3_IRQHandler                  0x0800029d   Thumb Code     0  startup_stm32f427xx.o(.text)
    DMA2_Stream4_IRQHandler                  0x0800029d   Thumb Code     0  startup_stm32f427xx.o(.text)
    DMA2_Stream5_IRQHandler                  0x0800029d   Thumb Code     0  startup_stm32f427xx.o(.text)
    DMA2_Stream6_IRQHandler                  0x0800029d   Thumb Code     0  startup_stm32f427xx.o(.text)
    DMA2_Stream7_IRQHandler                  0x0800029d   Thumb Code     0  startup_stm32f427xx.o(.text)
    ETH_IRQHandler                           0x0800029d   Thumb Code     0  startup_stm32f427xx.o(.text)
    ETH_WKUP_IRQHandler                      0x0800029d   Thumb Code     0  startup_stm32f427xx.o(.text)
    EXTI0_IRQHandler                         0x0800029d   Thumb Code     0  startup_stm32f427xx.o(.text)
    EXTI15_10_IRQHandler                     0x0800029d   Thumb Code     0  startup_stm32f427xx.o(.text)
    EXTI1_IRQHandler                         0x0800029d   Thumb Code     0  startup_stm32f427xx.o(.text)
    EXTI2_IRQHandler                         0x0800029d   Thumb Code     0  startup_stm32f427xx.o(.text)
    EXTI3_IRQHandler                         0x0800029d   Thumb Code     0  startup_stm32f427xx.o(.text)
    EXTI4_IRQHandler                         0x0800029d   Thumb Code     0  startup_stm32f427xx.o(.text)
    EXTI9_5_IRQHandler                       0x0800029d   Thumb Code     0  startup_stm32f427xx.o(.text)
    FLASH_IRQHandler                         0x0800029d   Thumb Code     0  startup_stm32f427xx.o(.text)
    FMC_IRQHandler                           0x0800029d   Thumb Code     0  startup_stm32f427xx.o(.text)
    FPU_IRQHandler                           0x0800029d   Thumb Code     0  startup_stm32f427xx.o(.text)
    HASH_RNG_IRQHandler                      0x0800029d   Thumb Code     0  startup_stm32f427xx.o(.text)
    I2C1_ER_IRQHandler                       0x0800029d   Thumb Code     0  startup_stm32f427xx.o(.text)
    I2C1_EV_IRQHandler                       0x0800029d   Thumb Code     0  startup_stm32f427xx.o(.text)
    I2C2_ER_IRQHandler                       0x0800029d   Thumb Code     0  startup_stm32f427xx.o(.text)
    I2C2_EV_IRQHandler                       0x0800029d   Thumb Code     0  startup_stm32f427xx.o(.text)
    I2C3_ER_IRQHandler                       0x0800029d   Thumb Code     0  startup_stm32f427xx.o(.text)
    I2C3_EV_IRQHandler                       0x0800029d   Thumb Code     0  startup_stm32f427xx.o(.text)
    OTG_FS_IRQHandler                        0x0800029d   Thumb Code     0  startup_stm32f427xx.o(.text)
    OTG_FS_WKUP_IRQHandler                   0x0800029d   Thumb Code     0  startup_stm32f427xx.o(.text)
    OTG_HS_EP1_IN_IRQHandler                 0x0800029d   Thumb Code     0  startup_stm32f427xx.o(.text)
    OTG_HS_EP1_OUT_IRQHandler                0x0800029d   Thumb Code     0  startup_stm32f427xx.o(.text)
    OTG_HS_IRQHandler                        0x0800029d   Thumb Code     0  startup_stm32f427xx.o(.text)
    OTG_HS_WKUP_IRQHandler                   0x0800029d   Thumb Code     0  startup_stm32f427xx.o(.text)
    PVD_IRQHandler                           0x0800029d   Thumb Code     0  startup_stm32f427xx.o(.text)
    RCC_IRQHandler                           0x0800029d   Thumb Code     0  startup_stm32f427xx.o(.text)
    RTC_Alarm_IRQHandler                     0x0800029d   Thumb Code     0  startup_stm32f427xx.o(.text)
    RTC_WKUP_IRQHandler                      0x0800029d   Thumb Code     0  startup_stm32f427xx.o(.text)
    SAI1_IRQHandler                          0x0800029d   Thumb Code     0  startup_stm32f427xx.o(.text)
    SDIO_IRQHandler                          0x0800029d   Thumb Code     0  startup_stm32f427xx.o(.text)
    SPI1_IRQHandler                          0x0800029d   Thumb Code     0  startup_stm32f427xx.o(.text)
    SPI2_IRQHandler                          0x0800029d   Thumb Code     0  startup_stm32f427xx.o(.text)
    SPI3_IRQHandler                          0x0800029d   Thumb Code     0  startup_stm32f427xx.o(.text)
    SPI4_IRQHandler                          0x0800029d   Thumb Code     0  startup_stm32f427xx.o(.text)
    SPI5_IRQHandler                          0x0800029d   Thumb Code     0  startup_stm32f427xx.o(.text)
    SPI6_IRQHandler                          0x0800029d   Thumb Code     0  startup_stm32f427xx.o(.text)
    TAMP_STAMP_IRQHandler                    0x0800029d   Thumb Code     0  startup_stm32f427xx.o(.text)
    TIM1_BRK_TIM9_IRQHandler                 0x0800029d   Thumb Code     0  startup_stm32f427xx.o(.text)
    TIM1_CC_IRQHandler                       0x0800029d   Thumb Code     0  startup_stm32f427xx.o(.text)
    TIM1_TRG_COM_TIM11_IRQHandler            0x0800029d   Thumb Code     0  startup_stm32f427xx.o(.text)
    TIM1_UP_TIM10_IRQHandler                 0x0800029d   Thumb Code     0  startup_stm32f427xx.o(.text)
    TIM2_IRQHandler                          0x0800029d   Thumb Code     0  startup_stm32f427xx.o(.text)
    TIM4_IRQHandler                          0x0800029d   Thumb Code     0  startup_stm32f427xx.o(.text)
    TIM5_IRQHandler                          0x0800029d   Thumb Code     0  startup_stm32f427xx.o(.text)
    TIM7_IRQHandler                          0x0800029d   Thumb Code     0  startup_stm32f427xx.o(.text)
    TIM8_BRK_TIM12_IRQHandler                0x0800029d   Thumb Code     0  startup_stm32f427xx.o(.text)
    TIM8_CC_IRQHandler                       0x0800029d   Thumb Code     0  startup_stm32f427xx.o(.text)
    TIM8_TRG_COM_TIM14_IRQHandler            0x0800029d   Thumb Code     0  startup_stm32f427xx.o(.text)
    TIM8_UP_TIM13_IRQHandler                 0x0800029d   Thumb Code     0  startup_stm32f427xx.o(.text)
    UART4_IRQHandler                         0x0800029d   Thumb Code     0  startup_stm32f427xx.o(.text)
    UART5_IRQHandler                         0x0800029d   Thumb Code     0  startup_stm32f427xx.o(.text)
    UART7_IRQHandler                         0x0800029d   Thumb Code     0  startup_stm32f427xx.o(.text)
    UART8_IRQHandler                         0x0800029d   Thumb Code     0  startup_stm32f427xx.o(.text)
    USART2_IRQHandler                        0x0800029d   Thumb Code     0  startup_stm32f427xx.o(.text)
    USART3_IRQHandler                        0x0800029d   Thumb Code     0  startup_stm32f427xx.o(.text)
    USART6_IRQHandler                        0x0800029d   Thumb Code     0  startup_stm32f427xx.o(.text)
    WWDG_IRQHandler                          0x0800029d   Thumb Code     0  startup_stm32f427xx.o(.text)
    __aeabi_memcpy                           0x080002ad   Thumb Code    36  memcpya.o(.text)
    __aeabi_memcpy4                          0x080002ad   Thumb Code     0  memcpya.o(.text)
    __aeabi_memcpy8                          0x080002ad   Thumb Code     0  memcpya.o(.text)
    __aeabi_memset                           0x080002d1   Thumb Code    14  memseta.o(.text)
    __aeabi_memset4                          0x080002d1   Thumb Code     0  memseta.o(.text)
    __aeabi_memset8                          0x080002d1   Thumb Code     0  memseta.o(.text)
    __aeabi_memclr                           0x080002df   Thumb Code     4  memseta.o(.text)
    __aeabi_memclr4                          0x080002df   Thumb Code     0  memseta.o(.text)
    __aeabi_memclr8                          0x080002df   Thumb Code     0  memseta.o(.text)
    _memset$wrapper                          0x080002e3   Thumb Code    18  memseta.o(.text)
    __aeabi_dmul                             0x080002f5   Thumb Code   228  dmul.o(.text)
    __aeabi_ui2d                             0x080003d9   Thumb Code    26  dfltui.o(.text)
    __aeabi_d2uiz                            0x080003f3   Thumb Code    50  dfixui.o(.text)
    __aeabi_llsr                             0x08000425   Thumb Code    32  llushr.o(.text)
    _ll_ushift_r                             0x08000425   Thumb Code     0  llushr.o(.text)
    __I$use$fp                               0x08000445   Thumb Code     0  iusefp.o(.text)
    _double_round                            0x08000445   Thumb Code    30  depilogue.o(.text)
    _double_epilogue                         0x08000463   Thumb Code   156  depilogue.o(.text)
    __scatterload                            0x08000501   Thumb Code    28  init.o(.text)
    __scatterload_rt2                        0x08000501   Thumb Code     0  init.o(.text)
    __aeabi_llsl                             0x08000525   Thumb Code    30  llshl.o(.text)
    _ll_shift_l                              0x08000525   Thumb Code     0  llshl.o(.text)
    ADC_Cmd                                  0x08000543   Thumb Code    22  stm32f4xx_adc.o(i.ADC_Cmd)
    ADC_CommonInit                           0x08000559   Thumb Code    34  stm32f4xx_adc.o(i.ADC_CommonInit)
    ADC_Init                                 0x08000589   Thumb Code    74  stm32f4xx_adc.o(i.ADC_Init)
    ADC_RegularChannelConfig                 0x080005dd   Thumb Code   184  stm32f4xx_adc.o(i.ADC_RegularChannelConfig)
    ADC_TempSensorVrefintCmd                 0x08000695   Thumb Code    34  stm32f4xx_adc.o(i.ADC_TempSensorVrefintCmd)
    BSP_init                                 0x080006c1   Thumb Code   108  main.o(i.BSP_init)
    BusFault_Handler                         0x0800072d   Thumb Code     4  stm32f4xx_it.o(i.BusFault_Handler)
    CAN1_RX0_IRQHandler                      0x08000731   Thumb Code    38  can_receive.o(i.CAN1_RX0_IRQHandler)
    CAN1_mode_init                           0x08000761   Thumb Code   264  can.o(i.CAN1_mode_init)
    CAN2_RX0_IRQHandler                      0x08000871   Thumb Code    38  can_receive.o(i.CAN2_RX0_IRQHandler)
    CAN2_mode_init                           0x080008a1   Thumb Code   268  can.o(i.CAN2_mode_init)
    CAN_CMD_CHASSIS                          0x080009b5   Thumb Code    94  can_receive.o(i.CAN_CMD_CHASSIS)
    CAN_ClearITPendingBit                    0x08000a19   Thumb Code   162  stm32f4xx_can.o(i.CAN_ClearITPendingBit)
    CAN_FilterInit                           0x08000ac1   Thumb Code   258  stm32f4xx_can.o(i.CAN_FilterInit)
    CAN_GetITStatus                          0x08000bc9   Thumb Code   284  stm32f4xx_can.o(i.CAN_GetITStatus)
    CAN_ITConfig                             0x08000ce9   Thumb Code    18  stm32f4xx_can.o(i.CAN_ITConfig)
    CAN_Init                                 0x08000cfb   Thumb Code   276  stm32f4xx_can.o(i.CAN_Init)
    CAN_Receive                              0x08000e0f   Thumb Code   240  stm32f4xx_can.o(i.CAN_Receive)
    CAN_Transmit                             0x08000eff   Thumb Code   294  stm32f4xx_can.o(i.CAN_Transmit)
    DMA_ClearFlag                            0x08001199   Thumb Code    38  stm32f4xx_dma.o(i.DMA_ClearFlag)
    DMA_Cmd                                  0x080011cd   Thumb Code    22  stm32f4xx_dma.o(i.DMA_Cmd)
    DMA_DeInit                               0x080011e5   Thumb Code   324  stm32f4xx_dma.o(i.DMA_DeInit)
    DMA_DoubleBufferModeCmd                  0x0800133d   Thumb Code    22  stm32f4xx_dma.o(i.DMA_DoubleBufferModeCmd)
    DMA_DoubleBufferModeConfig               0x08001353   Thumb Code    24  stm32f4xx_dma.o(i.DMA_DoubleBufferModeConfig)
    DMA_GetCurrDataCounter                   0x0800136b   Thumb Code     8  stm32f4xx_dma.o(i.DMA_GetCurrDataCounter)
    DMA_GetCurrentMemoryTarget               0x08001373   Thumb Code    20  stm32f4xx_dma.o(i.DMA_GetCurrentMemoryTarget)
    DMA_Init                                 0x08001389   Thumb Code    82  stm32f4xx_dma.o(i.DMA_Init)
    DMA_SetCurrDataCounter                   0x080013e1   Thumb Code     4  stm32f4xx_dma.o(i.DMA_SetCurrDataCounter)
    DebugMon_Handler                         0x080013e5   Thumb Code     2  stm32f4xx_it.o(i.DebugMon_Handler)
    GIMBAL_task                              0x080013e9   Thumb Code   112  gimbal_task.o(i.GIMBAL_task)
    GPIO_Init                                0x08001461   Thumb Code   144  stm32f4xx_gpio.o(i.GPIO_Init)
    GPIO_PinAFConfig                         0x080014f1   Thumb Code    70  stm32f4xx_gpio.o(i.GPIO_PinAFConfig)
    GPIO_ResetBits                           0x08001537   Thumb Code     4  stm32f4xx_gpio.o(i.GPIO_ResetBits)
    GPIO_SetBits                             0x0800153b   Thumb Code     4  stm32f4xx_gpio.o(i.GPIO_SetBits)
    HardFault_Handler                        0x0800153f   Thumb Code     4  stm32f4xx_it.o(i.HardFault_Handler)
    MemManage_Handler                        0x08001543   Thumb Code     4  stm32f4xx_it.o(i.MemManage_Handler)
    NMI_Handler                              0x08001547   Thumb Code     2  stm32f4xx_it.o(i.NMI_Handler)
    NVIC_Init                                0x08001549   Thumb Code   106  misc.o(i.NVIC_Init)
    NVIC_PriorityGroupConfig                 0x080015c1   Thumb Code    10  misc.o(i.NVIC_PriorityGroupConfig)
    PID_Calc                                 0x080015d5   Thumb Code   492  pid.o(i.PID_Calc)
    PID_Init                                 0x080017c5   Thumb Code    92  pid.o(i.PID_Init)
    RCC_AHB1PeriphClockCmd                   0x08001825   Thumb Code    26  stm32f4xx_rcc.o(i.RCC_AHB1PeriphClockCmd)
    RCC_APB1PeriphClockCmd                   0x08001845   Thumb Code    26  stm32f4xx_rcc.o(i.RCC_APB1PeriphClockCmd)
    RCC_APB1PeriphResetCmd                   0x08001865   Thumb Code    26  stm32f4xx_rcc.o(i.RCC_APB1PeriphResetCmd)
    RCC_APB2PeriphClockCmd                   0x08001885   Thumb Code    26  stm32f4xx_rcc.o(i.RCC_APB2PeriphClockCmd)
    RCC_APB2PeriphResetCmd                   0x080018a5   Thumb Code    26  stm32f4xx_rcc.o(i.RCC_APB2PeriphResetCmd)
    RCC_GetClocksFreq                        0x080018c5   Thumb Code   214  stm32f4xx_rcc.o(i.RCC_GetClocksFreq)
    RC_Init                                  0x080019ad   Thumb Code   312  rc.o(i.RC_Init)
    SERVO_PWM_Init                           0x08001bd5   Thumb Code   154  servo.o(i.SERVO_PWM_Init)
    SysTick_CLKSourceConfig                  0x08001d99   Thumb Code    40  misc.o(i.SysTick_CLKSourceConfig)
    SysTick_Handler                          0x08001dc1   Thumb Code    16  freertos_middleware.o(i.SysTick_Handler)
    SystemInit                               0x08001dd1   Thumb Code    88  system_stm32f4xx.o(i.SystemInit)
    TIM3_IRQHandler                          0x08001e39   Thumb Code    40  freertos_middleware.o(i.TIM3_IRQHandler)
    TIM6_DAC_IRQHandler                      0x08001e69   Thumb Code    30  can_receive.o(i.TIM6_DAC_IRQHandler)
    TIM6_Init                                0x08001e8d   Thumb Code   116  timer.o(i.TIM6_Init)
    TIM_ARRPreloadConfig                     0x08001f05   Thumb Code    24  stm32f4xx_tim.o(i.TIM_ARRPreloadConfig)
    TIM_ClearFlag                            0x08001f1d   Thumb Code     6  stm32f4xx_tim.o(i.TIM_ClearFlag)
    TIM_Cmd                                  0x08001f23   Thumb Code    24  stm32f4xx_tim.o(i.TIM_Cmd)
    TIM_CtrlPWMOutputs                       0x08001f3b   Thumb Code    30  stm32f4xx_tim.o(i.TIM_CtrlPWMOutputs)
    TIM_DeInit                               0x08001f59   Thumb Code   346  stm32f4xx_tim.o(i.TIM_DeInit)
    TIM_GetITStatus                          0x080020e9   Thumb Code    34  stm32f4xx_tim.o(i.TIM_GetITStatus)
    TIM_ITConfig                             0x0800210b   Thumb Code    18  stm32f4xx_tim.o(i.TIM_ITConfig)
    TIM_OC1Init                              0x0800211d   Thumb Code   114  stm32f4xx_tim.o(i.TIM_OC1Init)
    TIM_OC1PreloadConfig                     0x08002199   Thumb Code    18  stm32f4xx_tim.o(i.TIM_OC1PreloadConfig)
    TIM_OC4Init                              0x080021ad   Thumb Code   112  stm32f4xx_tim.o(i.TIM_OC4Init)
    TIM_OC4PreloadConfig                     0x08002225   Thumb Code    26  stm32f4xx_tim.o(i.TIM_OC4PreloadConfig)
    TIM_SetCompare1                          0x0800223f   Thumb Code     4  stm32f4xx_tim.o(i.TIM_SetCompare1)
    TIM_SetCompare4                          0x08002243   Thumb Code     4  stm32f4xx_tim.o(i.TIM_SetCompare4)
    TIM_TimeBaseInit                         0x08002249   Thumb Code   104  stm32f4xx_tim.o(i.TIM_TimeBaseInit)
    USART1_IRQHandler                        0x080022cd   Thumb Code   204  remote_control.o(i.USART1_IRQHandler)
    USART_ClearFlag                          0x080023b1   Thumb Code    18  stm32f4xx_usart.o(i.USART_ClearFlag)
    USART_Cmd                                0x080023c3   Thumb Code    24  stm32f4xx_usart.o(i.USART_Cmd)
    USART_DMACmd                             0x080023db   Thumb Code    18  stm32f4xx_usart.o(i.USART_DMACmd)
    USART_DeInit                             0x080023ed   Thumb Code   206  stm32f4xx_usart.o(i.USART_DeInit)
    USART_GetITStatus                        0x080024dd   Thumb Code    84  stm32f4xx_usart.o(i.USART_GetITStatus)
    USART_ITConfig                           0x08002531   Thumb Code    74  stm32f4xx_usart.o(i.USART_ITConfig)
    USART_Init                               0x0800257d   Thumb Code   204  stm32f4xx_usart.o(i.USART_Init)
    USART_ReceiveData                        0x08002651   Thumb Code    10  stm32f4xx_usart.o(i.USART_ReceiveData)
    UsageFault_Handler                       0x0800265b   Thumb Code     4  stm32f4xx_it.o(i.UsageFault_Handler)
    __scatterload_copy                       0x0800265f   Thumb Code    14  handlers.o(i.__scatterload_copy)
    __scatterload_null                       0x0800266d   Thumb Code     2  handlers.o(i.__scatterload_null)
    __scatterload_zeroinit                   0x0800266f   Thumb Code    14  handlers.o(i.__scatterload_zeroinit)
    delay_init                               0x080029b1   Thumb Code    90  delay.o(i.delay_init)
    delay_ms                                 0x08002a1d   Thumb Code    76  delay.o(i.delay_ms)
    delay_us                                 0x08002a6d   Thumb Code    76  delay.o(i.delay_us)
    flow_led_off                             0x08002abd   Thumb Code    20  led.o(i.flow_led_off)
    fric_PWM_configuration                   0x08002ad5   Thumb Code   306  fric.o(i.fric_PWM_configuration)
    fric_off                                 0x08002c19   Thumb Code    24  fric.o(i.fric_off)
    get_Chassis_Motor_Measure_Point          0x08002c35   Thumb Code    18  can_receive.o(i.get_Chassis_Motor_Measure_Point)
    led_configuration                        0x08002c4d   Thumb Code    94  led.o(i.led_configuration)
    led_green_off                            0x08002cb9   Thumb Code    14  led.o(i.led_green_off)
    led_green_on                             0x08002ccd   Thumb Code    14  led.o(i.led_green_on)
    led_red_off                              0x08002ce1   Thumb Code    14  led.o(i.led_red_off)
    loop_fp32_constrain                      0x08002cf5   Thumb Code    96  user_lib.o(i.loop_fp32_constrain)
    main                                     0x08002d55   Thumb Code    22  main.o(i.main)
    power_ctrl_configuration                 0x08002d6d   Thumb Code    66  power_ctrl.o(i.power_ctrl_configuration)
    power_ctrl_off                           0x08002db5   Thumb Code    26  power_ctrl.o(i.power_ctrl_off)
    power_ctrl_on                            0x08002dd5   Thumb Code    26  power_ctrl.o(i.power_ctrl_on)
    pvPortMalloc                             0x08003839   Thumb Code   296  heap_4.o(i.pvPortMalloc)
    pvTaskIncrementMutexHeldCount            0x08003975   Thumb Code    26  tasks.o(i.pvTaskIncrementMutexHeldCount)
    pxPortInitialiseStack                    0x08003995   Thumb Code    38  port.o(i.pxPortInitialiseStack)
    remote_control_init                      0x080039c1   Thumb Code    16  remote_control.o(i.remote_control_init)
    servo_on                                 0x080039d5   Thumb Code    54  servo.o(i.servo_on)
    startTast                                0x08003a19   Thumb Code    24  start_task.o(i.startTast)
    start_task                               0x08003a45   Thumb Code    44  start_task.o(i.start_task)
    temperature_ADC_init                     0x08003ab5   Thumb Code    80  adc.o(i.temperature_ADC_init)
    uxListRemove                             0x08003b09   Thumb Code    40  list.o(i.uxListRemove)
    uxTaskGetStackHighWaterMark              0x08003b31   Thumb Code    34  tasks.o(i.uxTaskGetStackHighWaterMark)
    vListInitialise                          0x08003b59   Thumb Code    26  list.o(i.vListInitialise)
    vListInitialiseItem                      0x08003b73   Thumb Code     6  list.o(i.vListInitialiseItem)
    vListInsert                              0x08003b79   Thumb Code    52  list.o(i.vListInsert)
    vListInsertEnd                           0x08003bad   Thumb Code    24  list.o(i.vListInsertEnd)
    vPortEnterCritical                       0x08003bc5   Thumb Code    76  port.o(i.vPortEnterCritical)
    vPortExitCritical                        0x08003c19   Thumb Code    56  port.o(i.vPortExitCritical)
    vPortFree                                0x08003c55   Thumb Code   140  heap_4.o(i.vPortFree)
    vPortSetupTimerInterrupt                 0x08003ce9   Thumb Code     2  freertos_middleware.o(i.vPortSetupTimerInterrupt)
    vPortValidateInterruptPriority           0x08003ced   Thumb Code   106  port.o(i.vPortValidateInterruptPriority)
    vQueueAddToRegistry                      0x08003d65   Thumb Code    38  queue.o(i.vQueueAddToRegistry)
    vQueueWaitForMessageRestricted           0x08003d91   Thumb Code    74  queue.o(i.vQueueWaitForMessageRestricted)
    vTaskDelay                               0x08003ddd   Thumb Code    82  tasks.o(i.vTaskDelay)
    vTaskDelete                              0x08003e39   Thumb Code   202  tasks.o(i.vTaskDelete)
    vTaskMissedYield                         0x08003f2d   Thumb Code     8  tasks.o(i.vTaskMissedYield)
    vTaskPlaceOnEventList                    0x08003f39   Thumb Code    52  tasks.o(i.vTaskPlaceOnEventList)
    vTaskPlaceOnEventListRestricted          0x08003f71   Thumb Code    60  tasks.o(i.vTaskPlaceOnEventListRestricted)
    vTaskPriorityInherit                     0x08003fb1   Thumb Code   164  tasks.o(i.vTaskPriorityInherit)
    vTaskSetTimeOutState                     0x08004061   Thumb Code    38  tasks.o(i.vTaskSetTimeOutState)
    vTaskStartScheduler                      0x08004091   Thumb Code   118  tasks.o(i.vTaskStartScheduler)
    vTaskSuspendAll                          0x08004125   Thumb Code    12  tasks.o(i.vTaskSuspendAll)
    vTaskSwitchContext                       0x08004135   Thumb Code   118  tasks.o(i.vTaskSwitchContext)
    xPortStartScheduler                      0x080041c1   Thumb Code   288  port.o(i.xPortStartScheduler)
    xPortSysTickHandler                      0x080042fd   Thumb Code    46  port.o(i.xPortSysTickHandler)
    xQueueGenericCreate                      0x08004331   Thumb Code    88  queue.o(i.xQueueGenericCreate)
    xQueueGenericReceive                     0x08004389   Thumb Code   446  queue.o(i.xQueueGenericReceive)
    xQueueGenericReset                       0x0800454d   Thumb Code   146  queue.o(i.xQueueGenericReset)
    xQueueGenericSend                        0x080045e5   Thumb Code   452  queue.o(i.xQueueGenericSend)
    xQueueGenericSendFromISR                 0x080047ad   Thumb Code   264  queue.o(i.xQueueGenericSendFromISR)
    xTaskCheckForTimeOut                     0x080048b5   Thumb Code   132  tasks.o(i.xTaskCheckForTimeOut)
    xTaskCreate                              0x08004941   Thumb Code    96  tasks.o(i.xTaskCreate)
    xTaskGetSchedulerState                   0x080049a1   Thumb Code    24  tasks.o(i.xTaskGetSchedulerState)
    xTaskGetTickCount                        0x080049c1   Thumb Code     6  tasks.o(i.xTaskGetTickCount)
    xTaskIncrementTick                       0x080049cd   Thumb Code   282  tasks.o(i.xTaskIncrementTick)
    xTaskPriorityDisinherit                  0x08004b15   Thumb Code   188  tasks.o(i.xTaskPriorityDisinherit)
    xTaskRemoveFromEventList                 0x08004bdd   Thumb Code   128  tasks.o(i.xTaskRemoveFromEventList)
    xTaskResumeAll                           0x08004c75   Thumb Code   224  tasks.o(i.xTaskResumeAll)
    xTimerCreateTimerTask                    0x08004d79   Thumb Code    64  timers.o(i.xTimerCreateTimerTask)
    xTimerGenericCommand                     0x08004dcd   Thumb Code   126  timers.o(i.xTimerGenericCommand)
    Region$$Table$$Base                      0x08004e5c   Number         0  anon$$obj.o(Region$$Table)
    Region$$Table$$Limit                     0x08004e7c   Number         0  anon$$obj.o(Region$$Table)
    SystemCoreClock                          0x20000000   Data           4  system_stm32f4xx.o(.data)
    AHBPrescTable                            0x20000004   Data          16  system_stm32f4xx.o(.data)
    pxCurrentTCB                             0x20000024   Data           4  tasks.o(.data)
    FreeRTOSRunTimeTicks                     0x200000a0   Data           8  freertos_middleware.o(.data)
    GIMBALTask_Handler                       0x200000a8   Data           4  start_task.o(.data)
    gimbal_high_water                        0x200000b4   Data           4  gimbal_task.o(.data)
    xQueueRegistry                           0x200000bc   Data          64  queue.o(.bss)
    rc_ctrl                                  0x20020408   Data          22  remote_control.o(.bss)
    chassis_move                             0x20020468   Data         452  gimbal_task.o(.bss)
    __initial_sp                             0x20020ab0   Data           0  startup_stm32f427xx.o(STACK)



==============================================================================

Memory Map of the image

  Image Entry point : 0x080001ad

  Load Region LR_IROM1 (Base: 0x08000000, Size: 0x00004f38, Max: 0x00200000, ABSOLUTE)

    Execution Region ER_IROM1 (Base: 0x08000000, Size: 0x00004e7c, Max: 0x00200000, ABSOLUTE)

    Base Addr    Size         Type   Attr      Idx    E Section Name        Object

    0x08000000   0x000001ac   Data   RO            3    RESET               startup_stm32f427xx.o
    0x080001ac   0x00000000   Code   RO         8332  * .ARM.Collect$$$$00000000  mc_w.l(entry.o)
    0x080001ac   0x00000004   Code   RO         8643    .ARM.Collect$$$$00000001  mc_w.l(entry2.o)
    0x080001b0   0x00000004   Code   RO         8646    .ARM.Collect$$$$00000004  mc_w.l(entry5.o)
    0x080001b4   0x00000000   Code   RO         8648    .ARM.Collect$$$$00000008  mc_w.l(entry7b.o)
    0x080001b4   0x00000000   Code   RO         8650    .ARM.Collect$$$$0000000A  mc_w.l(entry8b.o)
    0x080001b4   0x00000008   Code   RO         8651    .ARM.Collect$$$$0000000B  mc_w.l(entry9a.o)
    0x080001bc   0x00000000   Code   RO         8653    .ARM.Collect$$$$0000000D  mc_w.l(entry10a.o)
    0x080001bc   0x00000000   Code   RO         8655    .ARM.Collect$$$$0000000F  mc_w.l(entry11a.o)
    0x080001bc   0x00000004   Code   RO         8644    .ARM.Collect$$$$00002712  mc_w.l(entry2.o)
    0x080001c0   0x000000b6   Code   RO         6325    .emb_text           port.o
    0x08000276   0x00000002   PAD
    0x08000278   0x00000034   Code   RO            4    .text               startup_stm32f427xx.o
    0x080002ac   0x00000024   Code   RO         8335    .text               mc_w.l(memcpya.o)
    0x080002d0   0x00000024   Code   RO         8337    .text               mc_w.l(memseta.o)
    0x080002f4   0x000000e4   Code   RO         8606    .text               mf_w.l(dmul.o)
    0x080003d8   0x0000001a   Code   RO         8608    .text               mf_w.l(dfltui.o)
    0x080003f2   0x00000032   Code   RO         8610    .text               mf_w.l(dfixui.o)
    0x08000424   0x00000020   Code   RO         8664    .text               mc_w.l(llushr.o)
    0x08000444   0x00000000   Code   RO         8673    .text               mc_w.l(iusefp.o)
    0x08000444   0x000000ba   Code   RO         8674    .text               mf_w.l(depilogue.o)
    0x080004fe   0x00000002   PAD
    0x08000500   0x00000024   Code   RO         8684    .text               mc_w.l(init.o)
    0x08000524   0x0000001e   Code   RO         8687    .text               mc_w.l(llshl.o)
    0x08000542   0x00000016   Code   RO          355    i.ADC_Cmd           stm32f4xx_adc.o
    0x08000558   0x00000030   Code   RO          356    i.ADC_CommonInit    stm32f4xx_adc.o
    0x08000588   0x00000054   Code   RO          375    i.ADC_Init          stm32f4xx_adc.o
    0x080005dc   0x000000b8   Code   RO          380    i.ADC_RegularChannelConfig  stm32f4xx_adc.o
    0x08000694   0x0000002c   Code   RO          385    i.ADC_TempSensorVrefintCmd  stm32f4xx_adc.o
    0x080006c0   0x0000006c   Code   RO         6870    i.BSP_init          main.o
    0x0800072c   0x00000004   Code   RO           13    i.BusFault_Handler  stm32f4xx_it.o
    0x08000730   0x00000030   Code   RO         8018    i.CAN1_RX0_IRQHandler  can_receive.o
    0x08000760   0x00000110   Code   RO         7592    i.CAN1_mode_init    can.o
    0x08000870   0x00000030   Code   RO         8019    i.CAN2_RX0_IRQHandler  can_receive.o
    0x080008a0   0x00000114   Code   RO         7593    i.CAN2_mode_init    can.o
    0x080009b4   0x00000064   Code   RO         8020    i.CAN_CMD_CHASSIS   can_receive.o
    0x08000a18   0x000000a8   Code   RO          597    i.CAN_ClearITPendingBit  stm32f4xx_can.o
    0x08000ac0   0x00000108   Code   RO          601    i.CAN_FilterInit    stm32f4xx_can.o
    0x08000bc8   0x00000120   Code   RO          603    i.CAN_GetITStatus   stm32f4xx_can.o
    0x08000ce8   0x00000012   Code   RO          607    i.CAN_ITConfig      stm32f4xx_can.o
    0x08000cfa   0x00000114   Code   RO          608    i.CAN_Init          stm32f4xx_can.o
    0x08000e0e   0x000000f0   Code   RO          611    i.CAN_Receive       stm32f4xx_can.o
    0x08000efe   0x00000126   Code   RO          616    i.CAN_Transmit      stm32f4xx_can.o
    0x08001024   0x00000160   Code   RO         8023    i.CAN_hook          can_receive.o
    0x08001184   0x00000012   Code   RO          619    i.CheckITStatus     stm32f4xx_can.o
    0x08001196   0x00000002   PAD
    0x08001198   0x00000034   Code   RO         1374    i.DMA_ClearFlag     stm32f4xx_dma.o
    0x080011cc   0x00000016   Code   RO         1376    i.DMA_Cmd           stm32f4xx_dma.o
    0x080011e2   0x00000002   PAD
    0x080011e4   0x00000158   Code   RO         1377    i.DMA_DeInit        stm32f4xx_dma.o
    0x0800133c   0x00000016   Code   RO         1378    i.DMA_DoubleBufferModeCmd  stm32f4xx_dma.o
    0x08001352   0x00000018   Code   RO         1379    i.DMA_DoubleBufferModeConfig  stm32f4xx_dma.o
    0x0800136a   0x00000008   Code   RO         1382    i.DMA_GetCurrDataCounter  stm32f4xx_dma.o
    0x08001372   0x00000014   Code   RO         1383    i.DMA_GetCurrentMemoryTarget  stm32f4xx_dma.o
    0x08001386   0x00000002   PAD
    0x08001388   0x00000058   Code   RO         1388    i.DMA_Init          stm32f4xx_dma.o
    0x080013e0   0x00000004   Code   RO         1391    i.DMA_SetCurrDataCounter  stm32f4xx_dma.o
    0x080013e4   0x00000002   Code   RO           14    i.DebugMon_Handler  stm32f4xx_it.o
    0x080013e6   0x00000002   PAD
    0x080013e8   0x00000078   Code   RO         7954    i.GIMBAL_task       gimbal_task.o
    0x08001460   0x00000090   Code   RO         2221    i.GPIO_Init         stm32f4xx_gpio.o
    0x080014f0   0x00000046   Code   RO         2222    i.GPIO_PinAFConfig  stm32f4xx_gpio.o
    0x08001536   0x00000004   Code   RO         2228    i.GPIO_ResetBits    stm32f4xx_gpio.o
    0x0800153a   0x00000004   Code   RO         2229    i.GPIO_SetBits      stm32f4xx_gpio.o
    0x0800153e   0x00000004   Code   RO           15    i.HardFault_Handler  stm32f4xx_it.o
    0x08001542   0x00000004   Code   RO           16    i.MemManage_Handler  stm32f4xx_it.o
    0x08001546   0x00000002   Code   RO           17    i.NMI_Handler       stm32f4xx_it.o
    0x08001548   0x00000078   Code   RO          301    i.NVIC_Init         misc.o
    0x080015c0   0x00000014   Code   RO          302    i.NVIC_PriorityGroupConfig  misc.o
    0x080015d4   0x000001f0   Code   RO         7289    i.PID_Calc          pid.o
    0x080017c4   0x00000060   Code   RO         7290    i.PID_Init          pid.o
    0x08001824   0x00000020   Code   RO         3159    i.RCC_AHB1PeriphClockCmd  stm32f4xx_rcc.o
    0x08001844   0x00000020   Code   RO         3168    i.RCC_APB1PeriphClockCmd  stm32f4xx_rcc.o
    0x08001864   0x00000020   Code   RO         3170    i.RCC_APB1PeriphResetCmd  stm32f4xx_rcc.o
    0x08001884   0x00000020   Code   RO         3171    i.RCC_APB2PeriphClockCmd  stm32f4xx_rcc.o
    0x080018a4   0x00000020   Code   RO         3173    i.RCC_APB2PeriphResetCmd  stm32f4xx_rcc.o
    0x080018c4   0x000000e8   Code   RO         3180    i.RCC_GetClocksFreq  stm32f4xx_rcc.o
    0x080019ac   0x0000014c   Code   RO         7400    i.RC_Init           rc.o
    0x08001af8   0x000000da   Code   RO         7885    i.SBUS_TO_RC        remote_control.o
    0x08001bd2   0x00000002   PAD
    0x08001bd4   0x000000a4   Code   RO         7722    i.SERVO_PWM_Init    servo.o
    0x08001c78   0x00000120   Code   RO          184    i.SetSysClock       system_stm32f4xx.o
    0x08001d98   0x00000028   Code   RO          305    i.SysTick_CLKSourceConfig  misc.o
    0x08001dc0   0x00000010   Code   RO         7753    i.SysTick_Handler   freertos_middleware.o
    0x08001dd0   0x00000068   Code   RO          186    i.SystemInit        system_stm32f4xx.o
    0x08001e38   0x00000030   Code   RO         7754    i.TIM3_IRQHandler   freertos_middleware.o
    0x08001e68   0x00000024   Code   RO         8024    i.TIM6_DAC_IRQHandler  can_receive.o
    0x08001e8c   0x00000078   Code   RO         7322    i.TIM6_Init         timer.o
    0x08001f04   0x00000018   Code   RO         4546    i.TIM_ARRPreloadConfig  stm32f4xx_tim.o
    0x08001f1c   0x00000006   Code   RO         4552    i.TIM_ClearFlag     stm32f4xx_tim.o
    0x08001f22   0x00000018   Code   RO         4558    i.TIM_Cmd           stm32f4xx_tim.o
    0x08001f3a   0x0000001e   Code   RO         4560    i.TIM_CtrlPWMOutputs  stm32f4xx_tim.o
    0x08001f58   0x00000190   Code   RO         4563    i.TIM_DeInit        stm32f4xx_tim.o
    0x080020e8   0x00000022   Code   RO         4579    i.TIM_GetITStatus   stm32f4xx_tim.o
    0x0800210a   0x00000012   Code   RO         4583    i.TIM_ITConfig      stm32f4xx_tim.o
    0x0800211c   0x0000007c   Code   RO         4587    i.TIM_OC1Init       stm32f4xx_tim.o
    0x08002198   0x00000012   Code   RO         4590    i.TIM_OC1PreloadConfig  stm32f4xx_tim.o
    0x080021aa   0x00000002   PAD
    0x080021ac   0x00000078   Code   RO         4602    i.TIM_OC4Init       stm32f4xx_tim.o
    0x08002224   0x0000001a   Code   RO         4604    i.TIM_OC4PreloadConfig  stm32f4xx_tim.o
    0x0800223e   0x00000004   Code   RO         4620    i.TIM_SetCompare1   stm32f4xx_tim.o
    0x08002242   0x00000004   Code   RO         4623    i.TIM_SetCompare4   stm32f4xx_tim.o
    0x08002246   0x00000002   PAD
    0x08002248   0x00000084   Code   RO         4630    i.TIM_TimeBaseInit  stm32f4xx_tim.o
    0x080022cc   0x000000e4   Code   RO         7886    i.USART1_IRQHandler  remote_control.o
    0x080023b0   0x00000012   Code   RO         5108    i.USART_ClearFlag   stm32f4xx_usart.o
    0x080023c2   0x00000018   Code   RO         5112    i.USART_Cmd         stm32f4xx_usart.o
    0x080023da   0x00000012   Code   RO         5113    i.USART_DMACmd      stm32f4xx_usart.o
    0x080023ec   0x000000f0   Code   RO         5114    i.USART_DeInit      stm32f4xx_usart.o
    0x080024dc   0x00000054   Code   RO         5116    i.USART_GetITStatus  stm32f4xx_usart.o
    0x08002530   0x0000004a   Code   RO         5118    i.USART_ITConfig    stm32f4xx_usart.o
    0x0800257a   0x00000002   PAD
    0x0800257c   0x000000d4   Code   RO         5119    i.USART_Init        stm32f4xx_usart.o
    0x08002650   0x0000000a   Code   RO         5126    i.USART_ReceiveData  stm32f4xx_usart.o
    0x0800265a   0x00000004   Code   RO           18    i.UsageFault_Handler  stm32f4xx_it.o
    0x0800265e   0x0000000e   Code   RO         8698    i.__scatterload_copy  mc_w.l(handlers.o)
    0x0800266c   0x00000002   Code   RO         8699    i.__scatterload_null  mc_w.l(handlers.o)
    0x0800266e   0x0000000e   Code   RO         8700    i.__scatterload_zeroinit  mc_w.l(handlers.o)
    0x0800267c   0x000000d8   Code   RO         7955    i.chassis_control_loop  gimbal_task.o
    0x08002754   0x000000fc   Code   RO         7956    i.chassis_feedback_update  gimbal_task.o
    0x08002850   0x000000ec   Code   RO         7957    i.chassis_init      gimbal_task.o
    0x0800293c   0x00000074   Code   RO         7958    i.chassis_move_angle  gimbal_task.o
    0x080029b0   0x0000006c   Code   RO         7136    i.delay_init        delay.o
    0x08002a1c   0x00000050   Code   RO         7137    i.delay_ms          delay.o
    0x08002a6c   0x00000050   Code   RO         7138    i.delay_us          delay.o
    0x08002abc   0x00000018   Code   RO         7055    i.flow_led_off      led.o
    0x08002ad4   0x00000144   Code   RO         7510    i.fric_PWM_configuration  fric.o
    0x08002c18   0x0000001c   Code   RO         7511    i.fric_off          fric.o
    0x08002c34   0x00000018   Code   RO         8025    i.get_Chassis_Motor_Measure_Point  can_receive.o
    0x08002c4c   0x0000006c   Code   RO         7058    i.led_configuration  led.o
    0x08002cb8   0x00000014   Code   RO         7059    i.led_green_off     led.o
    0x08002ccc   0x00000014   Code   RO         7060    i.led_green_on      led.o
    0x08002ce0   0x00000014   Code   RO         7062    i.led_red_off       led.o
    0x08002cf4   0x00000060   Code   RO         6407    i.loop_fp32_constrain  user_lib.o
    0x08002d54   0x00000016   Code   RO         6871    i.main              main.o
    0x08002d6a   0x00000002   PAD
    0x08002d6c   0x00000048   Code   RO         7677    i.power_ctrl_configuration  power_ctrl.o
    0x08002db4   0x00000020   Code   RO         7678    i.power_ctrl_off    power_ctrl.o
    0x08002dd4   0x00000020   Code   RO         7679    i.power_ctrl_on     power_ctrl.o
    0x08002df4   0x00000098   Code   RO         5777    i.prvAddCurrentTaskToDelayedList  tasks.o
    0x08002e8c   0x000000b8   Code   RO         5778    i.prvAddNewTaskToReadyList  tasks.o
    0x08002f44   0x00000064   Code   RO         6146    i.prvCheckForValidListAndQueue  timers.o
    0x08002fa8   0x00000064   Code   RO         5779    i.prvCheckTasksWaitingTermination  tasks.o
    0x0800300c   0x0000002a   Code   RO         5541    i.prvCopyDataFromQueue  queue.o
    0x08003036   0x0000007c   Code   RO         5542    i.prvCopyDataToQueue  queue.o
    0x080030b2   0x00000012   Code   RO         5780    i.prvDeleteTCB      tasks.o
    0x080030c4   0x00000028   Code   RO         6147    i.prvGetNextExpireTime  timers.o
    0x080030ec   0x0000007c   Code   RO         6276    i.prvHeapInit       heap_4.o
    0x08003168   0x00000028   Code   RO         5781    i.prvIdleTask       tasks.o
    0x08003190   0x0000002e   Code   RO         5544    i.prvInitialiseNewQueue  queue.o
    0x080031be   0x000000b4   Code   RO         5782    i.prvInitialiseNewTask  tasks.o
    0x08003272   0x00000002   PAD
    0x08003274   0x00000068   Code   RO         5783    i.prvInitialiseTaskLists  tasks.o
    0x080032dc   0x00000068   Code   RO         6277    i.prvInsertBlockIntoFreeList  heap_4.o
    0x08003344   0x00000058   Code   RO         6149    i.prvInsertTimerInActiveList  timers.o
    0x0800339c   0x0000001a   Code   RO         5545    i.prvIsQueueEmpty   queue.o
    0x080033b6   0x0000001e   Code   RO         5546    i.prvIsQueueFull    queue.o
    0x080033d4   0x00000090   Code   RO         5547    i.prvNotifyQueueSetContainer  queue.o
    0x08003464   0x00000064   Code   RO         6150    i.prvProcessExpiredTimer  timers.o
    0x080034c8   0x000000f8   Code   RO         6151    i.prvProcessReceivedCommands  timers.o
    0x080035c0   0x00000074   Code   RO         6152    i.prvProcessTimerOrBlockTask  timers.o
    0x08003634   0x00000034   Code   RO         5785    i.prvResetNextTaskUnblockTime  tasks.o
    0x08003668   0x0000002c   Code   RO         6153    i.prvSampleTimeNow  timers.o
    0x08003694   0x000000a0   Code   RO         6154    i.prvSwitchTimerLists  timers.o
    0x08003734   0x00000016   Code   RO         5787    i.prvTaskCheckFreeStackSpace  tasks.o
    0x0800374a   0x00000002   PAD
    0x0800374c   0x00000040   Code   RO         6326    i.prvTaskExitError  port.o
    0x0800378c   0x0000001a   Code   RO         6155    i.prvTimerTask      timers.o
    0x080037a6   0x00000092   Code   RO         5548    i.prvUnlockQueue    queue.o
    0x08003838   0x0000013c   Code   RO         6278    i.pvPortMalloc      heap_4.o
    0x08003974   0x00000020   Code   RO         5790    i.pvTaskIncrementMutexHeldCount  tasks.o
    0x08003994   0x0000002c   Code   RO         6327    i.pxPortInitialiseStack  port.o
    0x080039c0   0x00000014   Code   RO         7888    i.remote_control_init  remote_control.o
    0x080039d4   0x00000044   Code   RO         7723    i.servo_on          servo.o
    0x08003a18   0x0000002c   Code   RO         7812    i.startTast         start_task.o
    0x08003a44   0x00000044   Code   RO         7813    i.start_task        start_task.o
    0x08003a88   0x0000002c   Code   RO         7179    i.temperature_ADC_Reset  adc.o
    0x08003ab4   0x00000054   Code   RO         7180    i.temperature_ADC_init  adc.o
    0x08003b08   0x00000028   Code   RO         5504    i.uxListRemove      list.o
    0x08003b30   0x00000028   Code   RO         5793    i.uxTaskGetStackHighWaterMark  tasks.o
    0x08003b58   0x0000001a   Code   RO         5505    i.vListInitialise   list.o
    0x08003b72   0x00000006   Code   RO         5506    i.vListInitialiseItem  list.o
    0x08003b78   0x00000034   Code   RO         5507    i.vListInsert       list.o
    0x08003bac   0x00000018   Code   RO         5508    i.vListInsertEnd    list.o
    0x08003bc4   0x00000054   Code   RO         6329    i.vPortEnterCritical  port.o
    0x08003c18   0x0000003c   Code   RO         6330    i.vPortExitCritical  port.o
    0x08003c54   0x00000094   Code   RO         6279    i.vPortFree         heap_4.o
    0x08003ce8   0x00000002   Code   RO         7755    i.vPortSetupTimerInterrupt  freertos_middleware.o
    0x08003cea   0x00000002   PAD
    0x08003cec   0x00000078   Code   RO         6331    i.vPortValidateInterruptPriority  port.o
    0x08003d64   0x0000002c   Code   RO         5554    i.vQueueAddToRegistry  queue.o
    0x08003d90   0x0000004a   Code   RO         5558    i.vQueueWaitForMessageRestricted  queue.o
    0x08003dda   0x00000002   PAD
    0x08003ddc   0x0000005c   Code   RO         5799    i.vTaskDelay        tasks.o
    0x08003e38   0x000000f4   Code   RO         5801    i.vTaskDelete       tasks.o
    0x08003f2c   0x0000000c   Code   RO         5805    i.vTaskMissedYield  tasks.o
    0x08003f38   0x00000038   Code   RO         5807    i.vTaskPlaceOnEventList  tasks.o
    0x08003f70   0x00000040   Code   RO         5808    i.vTaskPlaceOnEventListRestricted  tasks.o
    0x08003fb0   0x000000b0   Code   RO         5810    i.vTaskPriorityInherit  tasks.o
    0x08004060   0x00000030   Code   RO         5814    i.vTaskSetTimeOutState  tasks.o
    0x08004090   0x00000094   Code   RO         5815    i.vTaskStartScheduler  tasks.o
    0x08004124   0x00000010   Code   RO         5817    i.vTaskSuspendAll   tasks.o
    0x08004134   0x0000008c   Code   RO         5818    i.vTaskSwitchContext  tasks.o
    0x080041c0   0x0000013c   Code   RO         6332    i.xPortStartScheduler  port.o
    0x080042fc   0x00000034   Code   RO         6333    i.xPortSysTickHandler  port.o
    0x08004330   0x00000058   Code   RO         5563    i.xQueueGenericCreate  queue.o
    0x08004388   0x000001c4   Code   RO         5564    i.xQueueGenericReceive  queue.o
    0x0800454c   0x00000098   Code   RO         5565    i.xQueueGenericReset  queue.o
    0x080045e4   0x000001c8   Code   RO         5566    i.xQueueGenericSend  queue.o
    0x080047ac   0x00000108   Code   RO         5567    i.xQueueGenericSendFromISR  queue.o
    0x080048b4   0x0000008c   Code   RO         5819    i.xTaskCheckForTimeOut  tasks.o
    0x08004940   0x00000060   Code   RO         5820    i.xTaskCreate       tasks.o
    0x080049a0   0x00000020   Code   RO         5825    i.xTaskGetSchedulerState  tasks.o
    0x080049c0   0x0000000c   Code   RO         5826    i.xTaskGetTickCount  tasks.o
    0x080049cc   0x00000148   Code   RO         5828    i.xTaskIncrementTick  tasks.o
    0x08004b14   0x000000c8   Code   RO         5831    i.xTaskPriorityDisinherit  tasks.o
    0x08004bdc   0x00000098   Code   RO         5832    i.xTaskRemoveFromEventList  tasks.o
    0x08004c74   0x00000104   Code   RO         5834    i.xTaskResumeAll    tasks.o
    0x08004d78   0x00000054   Code   RO         6159    i.xTimerCreateTimerTask  timers.o
    0x08004dcc   0x00000084   Code   RO         6160    i.xTimerGenericCommand  timers.o
    0x08004e50   0x0000000c   Data   RO         7960    .constdata          gimbal_task.o
    0x08004e5c   0x00000020   Data   RO         8696    Region$$Table       anon$$obj.o


    Execution Region RW_IRAM1 (Base: 0x20000000, Size: 0x00020ab0, Max: 0x00030000, ABSOLUTE)

    Base Addr    Size         Type   Attr      Idx    E Section Name        Object

    0x20000000   0x00000014   Data   RW          187    .data               system_stm32f4xx.o
    0x20000014   0x00000010   Data   RW         3212    .data               stm32f4xx_rcc.o
    0x20000024   0x0000003c   Data   RW         5837    .data               tasks.o
    0x20000060   0x00000014   Data   RW         6166    .data               timers.o
    0x20000074   0x00000018   Data   RW         6284    .data               heap_4.o
    0x2000008c   0x0000000c   Data   RW         6334    .data               port.o
    0x20000098   0x00000008   Data   RW         7139    .data               delay.o
    0x200000a0   0x00000008   Data   RW         7756    .data               freertos_middleware.o
    0x200000a8   0x00000008   Data   RW         7814    .data               start_task.o
    0x200000b0   0x00000002   Data   RW         7892    .data               remote_control.o
    0x200000b2   0x00000002   PAD
    0x200000b4   0x00000004   Data   RW         7961    .data               gimbal_task.o
    0x200000b8   0x00000001   Data   RW         8030    .data               can_receive.o
    0x200000b9   0x00000003   PAD
    0x200000bc   0x00000040   Zero   RW         5578    .bss                queue.o
    0x200000fc   0x000002e4   Zero   RW         5836    .bss                tasks.o
    0x200003e0   0x00000028   Zero   RW         6165    .bss                timers.o
    0x20000408   0x00020000   Zero   RW         6283    .bss                heap_4.o
    0x20020408   0x0000005e   Zero   RW         7891    .bss                remote_control.o
    0x20020466   0x00000002   PAD
    0x20020468   0x000001c4   Zero   RW         7959    .bss                gimbal_task.o
    0x2002062c   0x00000084   Zero   RW         8029    .bss                can_receive.o
    0x200206b0   0x00000400   Zero   RW            1    STACK               startup_stm32f427xx.o


==============================================================================

Image component sizes


      Code (inc. data)   RO Data    RW Data    ZI Data      Debug   Object Name

       128         10          0          0          0       1115   adc.o
       548         16          0          0          0       2014   can.o
       608         66          0          1        132       5870   can_receive.o
         0          0          0          0          0       7208   croutine.o
       268         26          0          8          0       2139   delay.o
         0          0          0          0          0      11824   event_groups.o
        66          8          0          8          0       7710   freertos_middleware.o
       352         22          0          0          0       1296   fric.o
       940         92         12          4        452       5943   gimbal_task.o
       692         62          0         24     131072       4395   heap_4.o
       192         36          0          0          0       2572   led.o
       148          0          0          0          0       3226   list.o
       130          0          0          0          0       3906   main.o
       180         24          0          0          0       2049   misc.o
       592          8          0          0          0       2366   pid.o
       922         86          0         12          0      11066   port.o
       136         18          0          0          0       1800   power_ctrl.o
      2088         22          0          0         64      16725   queue.o
       332         20          0          0          0       1262   rc.o
       466         28          0          2         94       4172   remote_control.o
       232         24          0          0          0       1284   servo.o
       112         44          0          8          0       2574   start_task.o
        52         14        428          0       1024        860   startup_stm32f427xx.o
       382         34          0          0          0       4284   stm32f4xx_adc.o
      1566         16          0          0          0       6302   stm32f4xx_can.o
       584         40          0          0          0       6620   stm32f4xx_dma.o
       222          0          0          0          0       2823   stm32f4xx_gpio.o
        20          0          0          0          0     335001   stm32f4xx_it.o
       392         48          0         16          0       5789   stm32f4xx_rcc.o
       964        100          0          0          0       9173   stm32f4xx_tim.o
       680         42          0          0          0       5994   stm32f4xx_usart.o
       392         32          0         20          0     314937   system_stm32f4xx.o
      3140        416          0         60        740      24261   tasks.o
       120          4          0          0          0        688   timer.o
      1138        116          0         20         40      17175   timers.o
        96          0          0          0          0        830   user_lib.o

    ----------------------------------------------------------------------
     18908       1474        472        188     133620     837253   Object Totals
         0          0         32          0          0          0   (incl. Generated)
        28          0          0          5          2          0   (incl. Padding)

    ----------------------------------------------------------------------

      Code (inc. data)   RO Data    RW Data    ZI Data      Debug   Library Member Name

         0          0          0          0          0          0   entry.o
         0          0          0          0          0          0   entry10a.o
         0          0          0          0          0          0   entry11a.o
         8          4          0          0          0          0   entry2.o
         4          0          0          0          0          0   entry5.o
         0          0          0          0          0          0   entry7b.o
         0          0          0          0          0          0   entry8b.o
         8          4          0          0          0          0   entry9a.o
        30          0          0          0          0          0   handlers.o
        36          8          0          0          0         68   init.o
         0          0          0          0          0          0   iusefp.o
        30          0          0          0          0         68   llshl.o
        32          0          0          0          0         68   llushr.o
        36          0          0          0          0         68   memcpya.o
        36          0          0          0          0        108   memseta.o
       186          0          0          0          0        176   depilogue.o
        50          0          0          0          0         76   dfixui.o
        26          0          0          0          0         76   dfltui.o
       228          0          0          0          0         96   dmul.o

    ----------------------------------------------------------------------
       712         16          0          0          0        804   Library Totals
         2          0          0          0          0          0   (incl. Padding)

    ----------------------------------------------------------------------

      Code (inc. data)   RO Data    RW Data    ZI Data      Debug   Library Name

       220         16          0          0          0        380   mc_w.l
       490          0          0          0          0        424   mf_w.l

    ----------------------------------------------------------------------
       712         16          0          0          0        804   Library Totals

    ----------------------------------------------------------------------

==============================================================================


      Code (inc. data)   RO Data    RW Data    ZI Data      Debug   

     19620       1490        472        188     133620     820597   Grand Totals
     19620       1490        472        188     133620     820597   ELF Image Totals
     19620       1490        472        188          0          0   ROM Totals

==============================================================================

    Total RO  Size (Code + RO Data)                20092 (  19.62kB)
    Total RW  Size (RW Data + ZI Data)            133808 ( 130.67kB)
    Total ROM Size (Code + RO Data + RW Data)      20280 (  19.80kB)

==============================================================================

