C51 COMPILER V7.06   __蔩器                                                                06/22/2005 10:11:49 PAGE 1   


C51 COMPILER V7.06, COMPILATION OF MODULE __蔩器
OBJECT MODULE PLACED IN 定时器.OBJ
COMPILER INVOKED BY: D:\Keilk\C51\BIN\C51.EXE 定时器.c BROWSE DEBUG OBJECTEXTEND

stmt level    source

   1          #include <reg51.h>
   2          extern unsigned  char rgb[];
   3          extern float rx,gx,bx; 
   4          //定时器初始化程序
   5          void time()
   6          {
   7   1        EA=1;//允许中断
   8   1        //ET0=1;//计数中断允许
   9   1        TMOD=0X61;//定时器0工作一16位方式定时器1工作方式二计数器
  10   1       
  11   1       
  12   1      }
  13          
  14          //白平衡
  15          regph()
  16          {
  17   1        
  18   1      
  19   1      
  20   1      
  21   1      
  22   1      
  23   1      }
  24          


MODULE INFORMATION:   STATIC OVERLAYABLE
   CODE SIZE        =      7    ----
   CONSTANT SIZE    =   ----    ----
   XDATA SIZE       =   ----    ----
   PDATA SIZE       =   ----    ----
   DATA SIZE        =   ----    ----
   IDATA SIZE       =   ----    ----
   BIT SIZE         =   ----    ----
END OF MODULE INFORMATION.


C51 COMPILATION COMPLETE.  0 WARNING(S),  0 ERROR(S)
